Component: ARM Compiler 5.06 update 7 (build 960) Tool: armlink [4d3601]

==============================================================================

Section Cross References

    startup_stm32f407xx.o(RESET) refers to startup_stm32f407xx.o(STACK) for __initial_sp
    startup_stm32f407xx.o(RESET) refers to startup_stm32f407xx.o(.text) for Reset_Handler
    startup_stm32f407xx.o(RESET) refers to stm32f4xx_it.o(i.NMI_Handler) for NMI_Handler
    startup_stm32f407xx.o(RESET) refers to stm32f4xx_it.o(i.HardFault_Handler) for HardFault_Handler
    startup_stm32f407xx.o(RESET) refers to stm32f4xx_it.o(i.MemManage_Handler) for MemManage_Handler
    startup_stm32f407xx.o(RESET) refers to stm32f4xx_it.o(i.BusFault_Handler) for BusFault_Handler
    startup_stm32f407xx.o(RESET) refers to stm32f4xx_it.o(i.UsageFault_Handler) for UsageFault_Handler
    startup_stm32f407xx.o(RESET) refers to stm32f4xx_it.o(i.SVC_Handler) for SVC_Handler
    startup_stm32f407xx.o(RESET) refers to stm32f4xx_it.o(i.DebugMon_Handler) for DebugMon_Handler
    startup_stm32f407xx.o(RESET) refers to stm32f4xx_it.o(i.PendSV_Handler) for PendSV_Handler
    startup_stm32f407xx.o(RESET) refers to stm32f4xx_it.o(i.SysTick_Handler) for SysTick_Handler
    startup_stm32f407xx.o(RESET) refers to stm32f4xx_it.o(i.ADC_IRQHandler) for ADC_IRQHandler
    startup_stm32f407xx.o(RESET) refers to stm32f4xx_it.o(i.USART1_IRQHandler) for USART1_IRQHandler
    startup_stm32f407xx.o(RESET) refers to stm32f4xx_it.o(i.USART2_IRQHandler) for USART2_IRQHandler
    startup_stm32f407xx.o(.text) refers to system_stm32f4xx.o(i.SystemInit) for SystemInit
    startup_stm32f407xx.o(.text) refers to entry.o(.ARM.Collect$$$$00000000) for __main
    finger.o(i.Enroll) refers to finger.o(i.getImage) for getImage
    finger.o(i.Enroll) refers to stm32f4xx_hal.o(i.HAL_Delay) for HAL_Delay
    finger.o(i.Enroll) refers to lcd_20x4.o(i.LCD_20x4_Clear) for LCD_20x4_Clear
    finger.o(i.Enroll) refers to lcd_20x4.o(i.LCD_20x4_SetCursor) for LCD_20x4_SetCursor
    finger.o(i.Enroll) refers to lcd_20x4.o(i.LCD_20x4_Send_String) for LCD_20x4_Send_String
    finger.o(i.Enroll) refers to finger.o(i.image2Tz) for image2Tz
    finger.o(i.Enroll) refers to finger.o(i.createModel) for createModel
    finger.o(i.Enroll) refers to finger.o(i.storeModel) for storeModel
    finger.o(i.Enroll) refers to lcd_20x4.o(i.LCD_20x4_Print) for LCD_20x4_Print
    finger.o(i.Enroll) refers to main.o(.data) for PageID
    finger.o(i.FingerPrintFast) refers to finger.o(i.getImage) for getImage
    finger.o(i.FingerPrintFast) refers to stm32f4xx_hal.o(i.HAL_Delay) for HAL_Delay
    finger.o(i.FingerPrintFast) refers to finger.o(i.image2Tz) for image2Tz
    finger.o(i.FingerPrintFast) refers to finger.o(i.search) for search
    finger.o(i.FingerPrintFast) refers to lcd_20x4.o(i.LCD_20x4_Clear) for LCD_20x4_Clear
    finger.o(i.FingerPrintFast) refers to lcd_20x4.o(i.LCD_20x4_SetCursor) for LCD_20x4_SetCursor
    finger.o(i.FingerPrintFast) refers to lcd_20x4.o(i.LCD_20x4_Send_String) for LCD_20x4_Send_String
    finger.o(i.FingerPrintFast) refers to finger.o(i.returnFingerID) for returnFingerID
    finger.o(i.FingerPrintFast) refers to lcd_20x4.o(i.LCD_20x4_Print) for LCD_20x4_Print
    finger.o(i.createModel) refers to memseta.o(.text) for __aeabi_memclr
    finger.o(i.createModel) refers to stm32f4xx_hal_uart.o(i.HAL_UART_Transmit) for HAL_UART_Transmit
    finger.o(i.createModel) refers to stm32f4xx_hal.o(i.HAL_Delay) for HAL_Delay
    finger.o(i.createModel) refers to finger.o(i.receive_finger) for receive_finger
    finger.o(i.createModel) refers to finger.o(.bss) for .bss
    finger.o(i.createModel) refers to main.o(.bss) for huart2
    finger.o(i.createModel) refers to main.o(.data) for rxIndex
    finger.o(i.deleteModel) refers to stm32f4xx_hal_uart.o(i.HAL_UART_Transmit) for HAL_UART_Transmit
    finger.o(i.deleteModel) refers to stm32f4xx_hal.o(i.HAL_Delay) for HAL_Delay
    finger.o(i.deleteModel) refers to finger.o(i.receive_finger) for receive_finger
    finger.o(i.deleteModel) refers to finger.o(.bss) for .bss
    finger.o(i.deleteModel) refers to main.o(.bss) for huart2
    finger.o(i.deleteModel) refers to main.o(.data) for rxIndex
    finger.o(i.empty) refers to memseta.o(.text) for __aeabi_memclr
    finger.o(i.empty) refers to stm32f4xx_hal_uart.o(i.HAL_UART_Transmit) for HAL_UART_Transmit
    finger.o(i.empty) refers to stm32f4xx_hal.o(i.HAL_Delay) for HAL_Delay
    finger.o(i.empty) refers to finger.o(i.receive_finger) for receive_finger
    finger.o(i.empty) refers to finger.o(.bss) for .bss
    finger.o(i.empty) refers to main.o(.bss) for huart2
    finger.o(i.empty) refers to main.o(.data) for rxIndex
    finger.o(i.getFingerprintID) refers to finger.o(i.getImage) for getImage
    finger.o(i.getFingerprintID) refers to stm32f4xx_hal.o(i.HAL_Delay) for HAL_Delay
    finger.o(i.getFingerprintID) refers to finger.o(i.image2Tz) for image2Tz
[...]
    Removing stm32f4xx_hal_cortex.o(.rrx_text), (6 bytes).
    Removing stm32f4xx_hal_cortex.o(i.HAL_MPU_ConfigRegion), (84 bytes).
    Removing stm32f4xx_hal_cortex.o(i.HAL_MPU_Disable), (28 bytes).
    Removing stm32f4xx_hal_cortex.o(i.HAL_MPU_Enable), (36 bytes).
    Removing stm32f4xx_hal_cortex.o(i.HAL_NVIC_ClearPendingIRQ), (26 bytes).
    Removing stm32f4xx_hal_cortex.o(i.HAL_NVIC_DisableIRQ), (34 bytes).
    Removing stm32f4xx_hal_cortex.o(i.HAL_NVIC_GetActive), (36 bytes).
    Removing stm32f4xx_hal_cortex.o(i.HAL_NVIC_GetPendingIRQ), (36 bytes).
    Removing stm32f4xx_hal_cortex.o(i.HAL_NVIC_GetPriority), (82 bytes).
    Removing stm32f4xx_hal_cortex.o(i.HAL_NVIC_GetPriorityGrouping), (16 bytes).
    Removing stm32f4xx_hal_cortex.o(i.HAL_NVIC_SetPendingIRQ), (26 bytes).
    Removing stm32f4xx_hal_cortex.o(i.HAL_NVIC_SystemReset), (36 bytes).
    Removing stm32f4xx_hal_cortex.o(i.HAL_SYSTICK_CLKSourceConfig), (24 bytes).
    Removing stm32f4xx_hal_cortex.o(i.HAL_SYSTICK_Callback), (2 bytes).
    Removing stm32f4xx_hal_cortex.o(i.HAL_SYSTICK_IRQHandler), (8 bytes).
    Removing stm32f4xx_hal.o(.rev16_text), (4 bytes).
    Removing stm32f4xx_hal.o(.revsh_text), (4 bytes).
    Removing stm32f4xx_hal.o(.rrx_text), (6 bytes).
    Removing stm32f4xx_hal.o(i.HAL_DBGMCU_DisableDBGSleepMode), (16 bytes).
    Removing stm32f4xx_hal.o(i.HAL_DBGMCU_DisableDBGStandbyMode), (16 bytes).
    Removing stm32f4xx_hal.o(i.HAL_DBGMCU_DisableDBGStopMode), (16 bytes).
    Removing stm32f4xx_hal.o(i.HAL_DBGMCU_EnableDBGSleepMode), (16 bytes).
    Removing stm32f4xx_hal.o(i.HAL_DBGMCU_EnableDBGStandbyMode), (16 bytes).
    Removing stm32f4xx_hal.o(i.HAL_DBGMCU_EnableDBGStopMode), (16 bytes).
    Removing stm32f4xx_hal.o(i.HAL_DeInit), (52 bytes).
    Removing stm32f4xx_hal.o(i.HAL_DisableCompensationCell), (12 bytes).
    Removing stm32f4xx_hal.o(i.HAL_EnableCompensationCell), (12 bytes).
    Removing stm32f4xx_hal.o(i.HAL_GetDEVID), (16 bytes).
    Removing stm32f4xx_hal.o(i.HAL_GetHalVersion), (8 bytes).
    Removing stm32f4xx_hal.o(i.HAL_GetREVID), (12 bytes).
    Removing stm32f4xx_hal.o(i.HAL_GetTickFreq), (12 bytes).
    Removing stm32f4xx_hal.o(i.HAL_GetTickPrio), (12 bytes).
    Removing stm32f4xx_hal.o(i.HAL_GetUIDw0), (12 bytes).
    Removing stm32f4xx_hal.o(i.HAL_GetUIDw1), (12 bytes).
    Removing stm32f4xx_hal.o(i.HAL_GetUIDw2), (12 bytes).
    Removing stm32f4xx_hal.o(i.HAL_MspDeInit), (2 bytes).
    Removing stm32f4xx_hal.o(i.HAL_MspInit), (2 bytes).
    Removing stm32f4xx_hal.o(i.HAL_ResumeTick), (14 bytes).
    Removing stm32f4xx_hal.o(i.HAL_SetTickFreq), (36 bytes).
    Removing stm32f4xx_hal.o(i.HAL_SuspendTick), (14 bytes).
    Removing stm32f4xx_hal_exti.o(.rev16_text), (4 bytes).
    Removing stm32f4xx_hal_exti.o(.revsh_text), (4 bytes).
    Removing stm32f4xx_hal_exti.o(.rrx_text), (6 bytes).
    Removing stm32f4xx_hal_exti.o(i.HAL_EXTI_ClearConfigLine), (108 bytes).
    Removing stm32f4xx_hal_exti.o(i.HAL_EXTI_ClearPending), (20 bytes).
    Removing stm32f4xx_hal_exti.o(i.HAL_EXTI_GenerateSWI), (20 bytes).
    Removing stm32f4xx_hal_exti.o(i.HAL_EXTI_GetConfigLine), (156 bytes).
    Removing stm32f4xx_hal_exti.o(i.HAL_EXTI_GetHandle), (12 bytes).
    Removing stm32f4xx_hal_exti.o(i.HAL_EXTI_GetPending), (24 bytes).
    Removing stm32f4xx_hal_exti.o(i.HAL_EXTI_IRQHandler), (36 bytes).
    Removing stm32f4xx_hal_exti.o(i.HAL_EXTI_RegisterCallback), (14 bytes).
    Removing stm32f4xx_hal_exti.o(i.HAL_EXTI_SetConfigLine), (168 bytes).
    Removing stm32f4xx_hal_i2c.o(.rev16_text), (4 bytes).
    Removing stm32f4xx_hal_i2c.o(.revsh_text), (4 bytes).
    Removing stm32f4xx_hal_i2c.o(.rrx_text), (6 bytes).
    Removing stm32f4xx_hal_i2c.o(i.HAL_I2C_AbortCpltCallback), (2 bytes).
    Removing stm32f4xx_hal_i2c.o(i.HAL_I2C_AddrCallback), (2 bytes).
    Removing stm32f4xx_hal_i2c.o(i.HAL_I2C_DeInit), (50 bytes).
    Removing stm32f4xx_hal_i2c.o(i.HAL_I2C_DisableListen_IT), (68 bytes).
    Removing stm32f4xx_hal_i2c.o(i.HAL_I2C_ER_IRQHandler), (186 bytes).
    Removing stm32f4xx_hal_i2c.o(i.HAL_I2C_EV_IRQHandler), (614 bytes).
    Removing stm32f4xx_hal_i2c.o(i.HAL_I2C_EnableListen_IT), (58 bytes).
    Removing stm32f4xx_hal_i2c.o(i.HAL_I2C_ErrorCallback), (2 bytes).
    Removing stm32f4xx_hal_i2c.o(i.HAL_I2C_GetError), (4 bytes).
    Removing stm32f4xx_hal_i2c.o(i.HAL_I2C_GetMode), (6 bytes).
    Removing stm32f4xx_hal_i2c.o(i.HAL_I2C_GetState), (6 bytes).
    Removing stm32f4xx_hal_i2c.o(i.HAL_I2C_ListenCpltCallback), (2 bytes).
    Removing stm32f4xx_hal_i2c.o(i.HAL_I2C_MasterRxCpltCallback), (2 bytes).
    Removing stm32f4xx_hal_i2c.o(i.HAL_I2C_MasterTxCpltCallback), (2 bytes).
    Removing stm32f4xx_hal_i2c.o(i.HAL_I2C_Master_Abort_IT), (94 bytes).
    Removing stm32f4xx_hal_i2c.o(i.HAL_I2C_Master_Receive), (480 bytes).
    Removing stm32f4xx_hal_i2c.o(i.HAL_I2C_Master_Receive_DMA), (332 bytes).
    Removing stm32f4xx_hal_i2c.o(i.HAL_I2C_Master_Receive_IT), (200 bytes).
    Removing stm32f4xx_hal_i2c.o(i.HAL_I2C_Master_Seq_Receive_DMA), (488 bytes).
    Removing stm32f4xx_hal_i2c.o(i.HAL_I2C_Master_Seq_Receive_IT), (324 bytes).
    Removing stm32f4xx_hal_i2c.o(i.HAL_I2C_Master_Seq_Transmit_DMA), (436 bytes).
    Removing stm32f4xx_hal_i2c.o(i.HAL_I2C_Master_Seq_Transmit_IT), (216 bytes).
    Removing stm32f4xx_hal_i2c.o(i.HAL_I2C_Master_Transmit_DMA), (332 bytes).
    Removing stm32f4xx_hal_i2c.o(i.HAL_I2C_Master_Transmit_IT), (188 bytes).
    Removing stm32f4xx_hal_i2c.o(i.HAL_I2C_MemRxCpltCallback), (2 bytes).
    Removing stm32f4xx_hal_i2c.o(i.HAL_I2C_MemTxCpltCallback), (2 bytes).
    Removing stm32f4xx_hal_i2c.o(i.HAL_I2C_Mem_Read), (504 bytes).
    Removing stm32f4xx_hal_i2c.o(i.HAL_I2C_Mem_Read_DMA), (440 bytes).
    Removing stm32f4xx_hal_i2c.o(i.HAL_I2C_Mem_Read_IT), (224 bytes).
    Removing stm32f4xx_hal_i2c.o(i.HAL_I2C_Mem_Write), (304 bytes).
    Removing stm32f4xx_hal_i2c.o(i.HAL_I2C_Mem_Write_DMA), (384 bytes).
    Removing stm32f4xx_hal_i2c.o(i.HAL_I2C_Mem_Write_IT), (212 bytes).
    Removing stm32f4xx_hal_i2c.o(i.HAL_I2C_MspDeInit), (2 bytes).
    Removing stm32f4xx_hal_i2c.o(i.HAL_I2C_MspInit), (2 bytes).
    Removing stm32f4xx_hal_i2c.o(i.HAL_I2C_SlaveRxCpltCallback), (2 bytes).
    Removing stm32f4xx_hal_i2c.o(i.HAL_I2C_SlaveTxCpltCallback), (2 bytes).
    Removing stm32f4xx_hal_i2c.o(i.HAL_I2C_Slave_Receive), (364 bytes).
    Removing stm32f4xx_hal_i2c.o(i.HAL_I2C_Slave_Receive_DMA), (212 bytes).
    Removing stm32f4xx_hal_i2c.o(i.HAL_I2C_Slave_Receive_IT), (124 bytes).
    Removing stm32f4xx_hal_i2c.o(i.HAL_I2C_Slave_Seq_Receive_DMA), (328 bytes).
    Removing stm32f4xx_hal_i2c.o(i.HAL_I2C_Slave_Seq_Receive_IT), (116 bytes).
    Removing stm32f4xx_hal_i2c.o(i.HAL_I2C_Slave_Seq_Transmit_DMA), (328 bytes).
    Removing stm32f4xx_hal_i2c.o(i.HAL_I2C_Slave_Seq_Transmit_IT), (116 bytes).
    Removing stm32f4xx_hal_i2c.o(i.HAL_I2C_Slave_Transmit), (348 bytes).
    Removing stm32f4xx_hal_i2c.o(i.HAL_I2C_Slave_Transmit_DMA), (212 bytes).
    Removing stm32f4xx_hal_i2c.o(i.HAL_I2C_Slave_Transmit_IT), (124 bytes).
    Removing stm32f4xx_hal_i2c.o(i.I2C_DMAAbort), (188 bytes).
    Removing stm32f4xx_hal_i2c.o(i.I2C_DMAError), (64 bytes).
    Removing stm32f4xx_hal_i2c.o(i.I2C_DMAXferCplt), (266 bytes).
    Removing stm32f4xx_hal_i2c.o(i.I2C_ITError), (344 bytes).
    Removing stm32f4xx_hal_i2c.o(i.I2C_MasterReceive_BTF), (210 bytes).
    Removing stm32f4xx_hal_i2c.o(i.I2C_MasterReceive_RXNE), (232 bytes).
    Removing stm32f4xx_hal_i2c.o(i.I2C_MasterRequestRead), (236 bytes).
    Removing stm32f4xx_hal_i2c.o(i.I2C_MasterTransmit_BTF), (116 bytes).
    Removing stm32f4xx_hal_i2c.o(i.I2C_MasterTransmit_TXE), (182 bytes).
    Removing stm32f4xx_hal_i2c.o(i.I2C_Master_ADDR), (280 bytes).
    Removing stm32f4xx_hal_i2c.o(i.I2C_Master_SB), (140 bytes).
    Removing stm32f4xx_hal_i2c.o(i.I2C_MemoryTransmit_TXE_BTF), (160 bytes).
    Removing stm32f4xx_hal_i2c.o(i.I2C_RequestMemoryRead), (252 bytes).
    Removing stm32f4xx_hal_i2c.o(i.I2C_RequestMemoryWrite), (168 bytes).
    Removing stm32f4xx_hal_i2c.o(i.I2C_Slave_AF), (132 bytes).
    Removing stm32f4xx_hal_i2c.o(i.I2C_Slave_STOPF), (348 bytes).
    Removing stm32f4xx_hal_i2c.o(i.I2C_WaitOnRXNEFlagUntilTimeout), (102 bytes).
    Removing stm32f4xx_hal_i2c_ex.o(.rev16_text), (4 bytes).
    Removing stm32f4xx_hal_i2c_ex.o(.revsh_text), (4 bytes).
    Removing stm32f4xx_hal_i2c_ex.o(.rrx_text), (6 bytes).
    Removing stm32f4xx_hal_tim.o(.rev16_text), (4 bytes).
    Removing stm32f4xx_hal_tim.o(.revsh_text), (4 bytes).
    Removing stm32f4xx_hal_tim.o(.rrx_text), (6 bytes).
    Removing stm32f4xx_hal_tim_ex.o(.rev16_text), (4 bytes).
    Removing stm32f4xx_hal_tim_ex.o(.revsh_text), (4 bytes).
    Removing stm32f4xx_hal_tim_ex.o(.rrx_text), (6 bytes).
    Removing stm32f4xx_hal_uart.o(.rev16_text), (4 bytes).
    Removing stm32f4xx_hal_uart.o(.revsh_text), (4 bytes).
    Removing stm32f4xx_hal_uart.o(.rrx_text), (6 bytes).
    Removing stm32f4xx_hal_uart.o(i.HAL_HalfDuplex_EnableReceiver), (50 bytes).
    Removing stm32f4xx_hal_uart.o(i.HAL_HalfDuplex_EnableTransmitter), (50 bytes).
    Removing stm32f4xx_hal_uart.o(i.HAL_HalfDuplex_Init), (108 bytes).
    Removing stm32f4xx_hal_uart.o(i.HAL_LIN_Init), (128 bytes).
    Removing stm32f4xx_hal_uart.o(i.HAL_LIN_SendBreak), (46 bytes).
    Removing stm32f4xx_hal_uart.o(i.HAL_MultiProcessor_EnterMuteMode), (46 bytes).
    Removing stm32f4xx_hal_uart.o(i.HAL_MultiProcessor_ExitMuteMode), (46 bytes).
    Removing stm32f4xx_hal_uart.o(i.HAL_MultiProcessor_Init), (142 bytes).
    Removing stm32f4xx_hal_uart.o(i.HAL_UART_Abort), (138 bytes).
    Removing stm32f4xx_hal_uart.o(i.HAL_UART_AbortCpltCallback), (2 bytes).
    Removing stm32f4xx_hal_uart.o(i.HAL_UART_AbortReceive), (88 bytes).
    Removing stm32f4xx_hal_uart.o(i.HAL_UART_AbortReceiveCpltCallback), (2 bytes).
    Removing stm32f4xx_hal_uart.o(i.HAL_UART_AbortReceive_IT), (92 bytes).
    Removing stm32f4xx_hal_uart.o(i.HAL_UART_AbortTransmit), (78 bytes).
    Removing stm32f4xx_hal_uart.o(i.HAL_UART_AbortTransmitCpltCallback), (2 bytes).
    Removing stm32f4xx_hal_uart.o(i.HAL_UART_AbortTransmit_IT), (84 bytes).
    Removing stm32f4xx_hal_uart.o(i.HAL_UART_Abort_IT), (172 bytes).
    Removing stm32f4xx_hal_uart.o(i.HAL_UART_DMAPause), (102 bytes).
    Removing stm32f4xx_hal_uart.o(i.HAL_UART_DMAResume), (94 bytes).
    Removing stm32f4xx_hal_uart.o(i.HAL_UART_DMAStop), (88 bytes).
    Removing stm32f4xx_hal_uart.o(i.HAL_UART_DeInit), (50 bytes).
    Removing stm32f4xx_hal_uart.o(i.HAL_UART_GetError), (4 bytes).
    Removing stm32f4xx_hal_uart.o(i.HAL_UART_GetState), (10 bytes).
    Removing stm32f4xx_hal_uart.o(i.HAL_UART_MspDeInit), (2 bytes).
    Removing stm32f4xx_hal_uart.o(i.HAL_UART_MspInit), (2 bytes).
    Removing stm32f4xx_hal_uart.o(i.HAL_UART_Receive), (190 bytes).
    Removing stm32f4xx_hal_uart.o(i.HAL_UART_Receive_DMA), (152 bytes).
    Removing stm32f4xx_hal_uart.o(i.HAL_UART_RxCpltCallback), (2 bytes).
    Removing stm32f4xx_hal_uart.o(i.HAL_UART_RxHalfCpltCallback), (2 bytes).
    Removing stm32f4xx_hal_uart.o(i.HAL_UART_Transmit_DMA), (128 bytes).
    Removing stm32f4xx_hal_uart.o(i.HAL_UART_Transmit_IT), (62 bytes).
    Removing stm32f4xx_hal_uart.o(i.HAL_UART_TxHalfCpltCallback), (2 bytes).
    Removing stm32f4xx_hal_uart.o(i.UART_DMAError), (74 bytes).
    Removing stm32f4xx_hal_uart.o(i.UART_DMAReceiveCplt), (60 bytes).
    Removing stm32f4xx_hal_uart.o(i.UART_DMARxAbortCallback), (42 bytes).
    Removing stm32f4xx_hal_uart.o(i.UART_DMARxHalfCplt), (10 bytes).
    Removing stm32f4xx_hal_uart.o(i.UART_DMARxOnlyAbortCallback), (20 bytes).
    Removing stm32f4xx_hal_uart.o(i.UART_DMATransmitCplt), (46 bytes).
    Removing stm32f4xx_hal_uart.o(i.UART_DMATxAbortCallback), (42 bytes).
    Removing stm32f4xx_hal_uart.o(i.UART_DMATxHalfCplt), (10 bytes).
    Removing stm32f4xx_hal_uart.o(i.UART_DMATxOnlyAbortCallback), (20 bytes).
    Removing stm32f4xx_hal_uart.o(i.UART_EndTxTransfer), (18 bytes).
    Removing system_stm32f4xx.o(.rev16_text), (4 bytes).
    Removing system_stm32f4xx.o(.revsh_text), (4 bytes).
    Removing system_stm32f4xx.o(.rrx_text), (6 bytes).
    Removing system_stm32f4xx.o(i.SystemCoreClockUpdate), (120 bytes).

365 unused section(s) (total 29416 bytes) removed from the image.

==============================================================================

Image Symbol Table

    Local Symbols

    Symbol Name                              Value     Ov Type        Size  Object(Section)

    ../Core/Src/main.c                       0x00000000   Number         0  main.o ABSOLUTE
    ../Core/Src/stm32f4xx_hal_msp.c          0x00000000   Number         0  stm32f4xx_hal_msp.o ABSOLUTE
    ../Core/Src/stm32f4xx_it.c               0x00000000   Number         0  stm32f4xx_it.o ABSOLUTE
    ../Core/Src/system_stm32f4xx.c           0x00000000   Number         0  system_stm32f4xx.o ABSOLUTE
    ../clib/microlib/division.c              0x00000000   Number         0  uldiv.o ABSOLUTE
    ../clib/microlib/division.c              0x00000000   Number         0  uidiv.o ABSOLUTE
    ../clib/microlib/init/entry.s            0x00000000   Number         0  entry12b.o ABSOLUTE
    ../clib/microlib/init/entry.s            0x00000000   Number         0  entry12a.o ABSOLUTE
    ../clib/microlib/init/entry.s            0x00000000   Number         0  entry11a.o ABSOLUTE
    ../clib/microlib/init/entry.s            0x00000000   Number         0  entry8b.o ABSOLUTE
    ../clib/microlib/init/entry.s            0x00000000   Number         0  entry.o ABSOLUTE
    ../clib/microlib/init/entry.s            0x00000000   Number         0  entry10b.o ABSOLUTE
    ../clib/microlib/init/entry.s            0x00000000   Number         0  entry10a.o ABSOLUTE
    ../clib/microlib/init/entry.s            0x00000000   Number         0  entry8a.o ABSOLUTE
    ../clib/microlib/init/entry.s            0x00000000   Number         0  entry11b.o ABSOLUTE
    ../clib/microlib/init/entry.s            0x00000000   Number         0  entry9b.o ABSOLUTE
    ../clib/microlib/init/entry.s            0x00000000   Number         0  entry2.o ABSOLUTE
    ../clib/microlib/init/entry.s            0x00000000   Number         0  entry5.o ABSOLUTE
    ../clib/microlib/init/entry.s            0x00000000   Number         0  entry7a.o ABSOLUTE
    ../clib/microlib/init/entry.s            0x00000000   Number         0  entry9a.o ABSOLUTE
    ../clib/microlib/init/entry.s            0x00000000   Number         0  entry7b.o ABSOLUTE
    ../clib/microlib/longlong.c              0x00000000   Number         0  llsshr.o ABSOLUTE
    ../clib/microlib/longlong.c              0x00000000   Number         0  llshl.o ABSOLUTE
    ../clib/microlib/longlong.c              0x00000000   Number         0  llushr.o ABSOLUTE
    ../clib/microlib/printf/printf.c         0x00000000   Number         0  printfa.o ABSOLUTE
    ../clib/microlib/stdio/fputc.c           0x00000000   Number         0  fputc.o ABSOLUTE
    ../clib/microlib/stdio/semi.s            0x00000000   Number         0  semi.o ABSOLUTE
    ../clib/microlib/stdio/streams.c         0x00000000   Number         0  stdout.o ABSOLUTE
    ../clib/microlib/string/memcpy.c         0x00000000   Number         0  memcpya.o ABSOLUTE
    ../clib/microlib/string/memcpy.c         0x00000000   Number         0  memcpyb.o ABSOLUTE
    ../clib/microlib/string/memset.c         0x00000000   Number         0  memseta.o ABSOLUTE
    ../clib/microlib/string/strlen.c         0x00000000   Number         0  strlen.o ABSOLUTE
    ../clib/microlib/stubs.s                 0x00000000   Number         0  iusesemip.o ABSOLUTE
    ../clib/microlib/stubs.s                 0x00000000   Number         0  iusefp.o ABSOLUTE
    ../fplib/microlib/f2d.c                  0x00000000   Number         0  f2d.o ABSOLUTE
    ../fplib/microlib/fpadd.c                0x00000000   Number         0  dadd.o ABSOLUTE
    ../fplib/microlib/fpdiv.c                0x00000000   Number         0  ddiv.o ABSOLUTE
    ../fplib/microlib/fpepilogue.c           0x00000000   Number         0  depilogue.o ABSOLUTE
    ../fplib/microlib/fpfix.c                0x00000000   Number         0  dfixul.o ABSOLUTE
    ../fplib/microlib/fpmul.c                0x00000000   Number         0  dmul.o ABSOLUTE
    ..\Core\Src\main.c                       0x00000000   Number         0  main.o ABSOLUTE
    ..\Core\Src\stm32f4xx_hal_msp.c          0x00000000   Number         0  stm32f4xx_hal_msp.o ABSOLUTE
    ..\Core\Src\stm32f4xx_it.c               0x00000000   Number         0  stm32f4xx_it.o ABSOLUTE
    ..\Core\Src\system_stm32f4xx.c           0x00000000   Number         0  system_stm32f4xx.o ABSOLUTE
    ..\Finger_lib\finger.c                   0x00000000   Number         0  finger.o ABSOLUTE
    ..\\Finger_lib\\finger.c                 0x00000000   Number         0  finger.o ABSOLUTE
    ..\\lib_LCD20x4\\lcd_20x4.c              0x00000000   Number         0  lcd_20x4.o ABSOLUTE
    ..\\lib_keypad\\lib_keypad.c             0x00000000   Number         0  lib_keypad.o ABSOLUTE
    ..\lib_LCD20x4\lcd_20x4.c                0x00000000   Number         0  lcd_20x4.o ABSOLUTE
    ..\lib_keypad\lib_keypad.c               0x00000000   Number         0  lib_keypad.o ABSOLUTE
    C:/Users/nguyenvanquyet/STM32Cube/Repository/STM32Cube_FW_F4_V1.25.2/Drivers/STM32F4xx_HAL_Driver/Src/stm32f4xx_hal.c 0x00000000   Number         0  stm32f4xx_hal.o ABSOLUTE
    C:/Users/nguyenvanquyet/STM32Cube/Repository/STM32Cube_FW_F4_V1.25.2/Drivers/STM32F4xx_HAL_Driver/Src/stm32f4xx_hal_adc.c 0x00000000   Number         0  stm32f4xx_hal_adc.o ABSOLUTE
    C:/Users/nguyenvanquyet/STM32Cube/Repository/STM32Cube_FW_F4_V1.25.2/Drivers/STM32F4xx_HAL_Driver/Src/stm32f4xx_hal_adc_ex.c 0x00000000   Number         0  stm32f4xx_hal_adc_ex.o ABSOLUTE
    C:/Users/nguyenvanquyet/STM32Cube/Repository/STM32Cube_FW_F4_V1.25.2/Drivers/STM32F4xx_HAL_Driver/Src/stm32f4xx_hal_cortex.c 0x00000000   Number         0  stm32f4xx_hal_cortex.o ABSOLUTE
    C:/Users/nguyenvanquyet/STM32Cube/Repository/STM32Cube_FW_F4_V1.25.2/Drivers/STM32F4xx_HAL_Driver/Src/stm32f4xx_hal_dma.c 0x00000000   Number         0  stm32f4xx_hal_dma.o ABSOLUTE
    C:/Users/nguyenvanquyet/STM32Cube/Repository/STM32Cube_FW_F4_V1.25.2/Drivers/STM32F4xx_HAL_Driver/Src/stm32f4xx_hal_dma_ex.c 0x00000000   Number         0  stm32f4xx_hal_dma_ex.o ABSOLUTE
    C:/Users/nguyenvanquyet/STM32Cube/Repository/STM32Cube_FW_F4_V1.25.2/Drivers/STM32F4xx_HAL_Driver/Src/stm32f4xx_hal_exti.c 0x00000000   Number         0  stm32f4xx_hal_exti.o ABSOLUTE
    C:/Users/nguyenvanquyet/STM32Cube/Repository/STM32Cube_FW_F4_V1.25.2/Drivers/STM32F4xx_HAL_Driver/Src/stm32f4xx_hal_flash.c 0x00000000   Number         0  stm32f4xx_hal_flash.o ABSOLUTE
    C:/Users/nguyenvanquyet/STM32Cube/Repository/STM32Cube_FW_F4_V1.25.2/Drivers/STM32F4xx_HAL_Driver/Src/stm32f4xx_hal_flash_ex.c 0x00000000   Number         0  stm32f4xx_hal_flash_ex.o ABSOLUTE
    C:/Users/nguyenvanquyet/STM32Cube/Repository/STM32Cube_FW_F4_V1.25.2/Drivers/STM32F4xx_HAL_Driver/Src/stm32f4xx_hal_flash_ramfunc.c 0x00000000   Number         0  stm32f4xx_hal_flash_ramfunc.o ABSOLUTE
    C:/Users/nguyenvanquyet/STM32Cube/Repository/STM32Cube_FW_F4_V1.25.2/Drivers/STM32F4xx_HAL_Driver/Src/stm32f4xx_hal_gpio.c 0x00000000   Number         0  stm32f4xx_hal_gpio.o ABSOLUTE
    C:/Users/nguyenvanquyet/STM32Cube/Repository/STM32Cube_FW_F4_V1.25.2/Drivers/STM32F4xx_HAL_Driver/Src/stm32f4xx_hal_i2c.c 0x00000000   Number         0  stm32f4xx_hal_i2c.o ABSOLUTE
    C:/Users/nguyenvanquyet/STM32Cube/Repository/STM32Cube_FW_F4_V1.25.2/Drivers/STM32F4xx_HAL_Driver/Src/stm32f4xx_hal_i2c_ex.c 0x00000000   Number         0  stm32f4xx_hal_i2c_ex.o ABSOLUTE
    C:/Users/nguyenvanquyet/STM32Cube/Repository/STM32Cube_FW_F4_V1.25.2/Drivers/STM32F4xx_HAL_Driver/Src/stm32f4xx_hal_pwr.c 0x00000000   Number         0  stm32f4xx_hal_pwr.o ABSOLUTE
    C:/Users/nguyenvanquyet/STM32Cube/Repository/STM32Cube_FW_F4_V1.25.2/Drivers/STM32F4xx_HAL_Driver/Src/stm32f4xx_hal_pwr_ex.c 0x00000000   Number         0  stm32f4xx_hal_pwr_ex.o ABSOLUTE
    C:/Users/nguyenvanquyet/STM32Cube/Repository/STM32Cube_FW_F4_V1.25.2/Drivers/STM32F4xx_HAL_Driver/Src/stm32f4xx_hal_rcc.c 0x00000000   Number         0  stm32f4xx_hal_rcc.o ABSOLUTE
    C:/Users/nguyenvanquyet/STM32Cube/Repository/STM32Cube_FW_F4_V1.25.2/Drivers/STM32F4xx_HAL_Driver/Src/stm32f4xx_hal_rcc_ex.c 0x00000000   Number         0  stm32f4xx_hal_rcc_ex.o ABSOLUTE
    C:/Users/nguyenvanquyet/STM32Cube/Repository/STM32Cube_FW_F4_V1.25.2/Drivers/STM32F4xx_HAL_Driver/Src/stm32f4xx_hal_tim.c 0x00000000   Number         0  stm32f4xx_hal_tim.o ABSOLUTE
    C:/Users/nguyenvanquyet/STM32Cube/Repository/STM32Cube_FW_F4_V1.25.2/Drivers/STM32F4xx_HAL_Driver/Src/stm32f4xx_hal_tim_ex.c 0x00000000   Number         0  stm32f4xx_hal_tim_ex.o ABSOLUTE
    C:/Users/nguyenvanquyet/STM32Cube/Repository/STM32Cube_FW_F4_V1.25.2/Drivers/STM32F4xx_HAL_Driver/Src/stm32f4xx_hal_uart.c 0x00000000   Number         0  stm32f4xx_hal_uart.o ABSOLUTE
    C:\Users\nguyenvanquyet\STM32Cube\Repository\STM32Cube_FW_F4_V1.25.2\Drivers\STM32F4xx_HAL_Driver\Src\stm32f4xx_hal.c 0x00000000   Number         0  stm32f4xx_hal.o ABSOLUTE
    C:\Users\nguyenvanquyet\STM32Cube\Repository\STM32Cube_FW_F4_V1.25.2\Drivers\STM32F4xx_HAL_Driver\Src\stm32f4xx_hal_adc.c 0x00000000   Number         0  stm32f4xx_hal_adc.o ABSOLUTE
    C:\Users\nguyenvanquyet\STM32Cube\Repository\STM32Cube_FW_F4_V1.25.2\Drivers\STM32F4xx_HAL_Driver\Src\stm32f4xx_hal_adc_ex.c 0x00000000   Number         0  stm32f4xx_hal_adc_ex.o ABSOLUTE
    C:\Users\nguyenvanquyet\STM32Cube\Repository\STM32Cube_FW_F4_V1.25.2\Drivers\STM32F4xx_HAL_Driver\Src\stm32f4xx_hal_cortex.c 0x00000000   Number         0  stm32f4xx_hal_cortex.o ABSOLUTE
    C:\Users\nguyenvanquyet\STM32Cube\Repository\STM32Cube_FW_F4_V1.25.2\Drivers\STM32F4xx_HAL_Driver\Src\stm32f4xx_hal_dma.c 0x00000000   Number         0  stm32f4xx_hal_dma.o ABSOLUTE
    C:\Users\nguyenvanquyet\STM32Cube\Repository\STM32Cube_FW_F4_V1.25.2\Drivers\STM32F4xx_HAL_Driver\Src\stm32f4xx_hal_dma_ex.c 0x00000000   Number         0  stm32f4xx_hal_dma_ex.o ABSOLUTE
    C:\Users\nguyenvanquyet\STM32Cube\Repository\STM32Cube_FW_F4_V1.25.2\Drivers\STM32F4xx_HAL_Driver\Src\stm32f4xx_hal_exti.c 0x00000000   Number         0  stm32f4xx_hal_exti.o ABSOLUTE
    C:\Users\nguyenvanquyet\STM32Cube\Repository\STM32Cube_FW_F4_V1.25.2\Drivers\STM32F4xx_HAL_Driver\Src\stm32f4xx_hal_flash.c 0x00000000   Number         0  stm32f4xx_hal_flash.o ABSOLUTE
    C:\Users\nguyenvanquyet\STM32Cube\Repository\STM32Cube_FW_F4_V1.25.2\Drivers\STM32F4xx_HAL_Driver\Src\stm32f4xx_hal_flash_ex.c 0x00000000   Number         0  stm32f4xx_hal_flash_ex.o ABSOLUTE
    C:\Users\nguyenvanquyet\STM32Cube\Repository\STM32Cube_FW_F4_V1.25.2\Drivers\STM32F4xx_HAL_Driver\Src\stm32f4xx_hal_flash_ramfunc.c 0x00000000   Number         0  stm32f4xx_hal_flash_ramfunc.o ABSOLUTE
    C:\Users\nguyenvanquyet\STM32Cube\Repository\STM32Cube_FW_F4_V1.25.2\Drivers\STM32F4xx_HAL_Driver\Src\stm32f4xx_hal_gpio.c 0x00000000   Number         0  stm32f4xx_hal_gpio.o ABSOLUTE
    C:\Users\nguyenvanquyet\STM32Cube\Repository\STM32Cube_FW_F4_V1.25.2\Drivers\STM32F4xx_HAL_Driver\Src\stm32f4xx_hal_i2c.c 0x00000000   Number         0  stm32f4xx_hal_i2c.o ABSOLUTE
    C:\Users\nguyenvanquyet\STM32Cube\Repository\STM32Cube_FW_F4_V1.25.2\Drivers\STM32F4xx_HAL_Driver\Src\stm32f4xx_hal_i2c_ex.c 0x00000000   Number         0  stm32f4xx_hal_i2c_ex.o ABSOLUTE
    C:\Users\nguyenvanquyet\STM32Cube\Repository\STM32Cube_FW_F4_V1.25.2\Drivers\STM32F4xx_HAL_Driver\Src\stm32f4xx_hal_pwr.c 0x00000000   Number         0  stm32f4xx_hal_pwr.o ABSOLUTE
    C:\Users\nguyenvanquyet\STM32Cube\Repository\STM32Cube_FW_F4_V1.25.2\Drivers\STM32F4xx_HAL_Driver\Src\stm32f4xx_hal_pwr_ex.c 0x00000000   Number         0  stm32f4xx_hal_pwr_ex.o ABSOLUTE
    C:\Users\nguyenvanquyet\STM32Cube\Repository\STM32Cube_FW_F4_V1.25.2\Drivers\STM32F4xx_HAL_Driver\Src\stm32f4xx_hal_rcc.c 0x00000000   Number         0  stm32f4xx_hal_rcc.o ABSOLUTE
    C:\Users\nguyenvanquyet\STM32Cube\Repository\STM32Cube_FW_F4_V1.25.2\Drivers\STM32F4xx_HAL_Driver\Src\stm32f4xx_hal_rcc_ex.c 0x00000000   Number         0  stm32f4xx_hal_rcc_ex.o ABSOLUTE
    C:\Users\nguyenvanquyet\STM32Cube\Repository\STM32Cube_FW_F4_V1.25.2\Drivers\STM32F4xx_HAL_Driver\Src\stm32f4xx_hal_tim.c 0x00000000   Number         0  stm32f4xx_hal_tim.o ABSOLUTE
    C:\Users\nguyenvanquyet\STM32Cube\Repository\STM32Cube_FW_F4_V1.25.2\Drivers\STM32F4xx_HAL_Driver\Src\stm32f4xx_hal_tim_ex.c 0x00000000   Number         0  stm32f4xx_hal_tim_ex.o ABSOLUTE
    C:\Users\nguyenvanquyet\STM32Cube\Repository\STM32Cube_FW_F4_V1.25.2\Drivers\STM32F4xx_HAL_Driver\Src\stm32f4xx_hal_uart.c 0x00000000   Number         0  stm32f4xx_hal_uart.o ABSOLUTE
    cdrcmple.s                               0x00000000   Number         0  cdrcmple.o ABSOLUTE
    dc.s                                     0x00000000   Number         0  dc.o ABSOLUTE
    handlers.s                               0x00000000   Number         0  handlers.o ABSOLUTE
    init.s                                   0x00000000   Number         0  init.o ABSOLUTE
    startup_stm32f407xx.s                    0x00000000   Number         0  startup_stm32f407xx.o ABSOLUTE
    RESET                                    0x08000000   Section      392  startup_stm32f407xx.o(RESET)
    .ARM.Collect$$$$00000000                 0x08000188   Section        0  entry.o(.ARM.Collect$$$$00000000)
    .ARM.Collect$$$$00000001                 0x08000188   Section        4  entry2.o(.ARM.Collect$$$$00000001)
    .ARM.Collect$$$$00000004                 0x0800018c   Section        4  entry5.o(.ARM.Collect$$$$00000004)
    .ARM.Collect$$$$00000008                 0x08000190   Section        0  entry7b.o(.ARM.Collect$$$$00000008)
    .ARM.Collect$$$$0000000A                 0x08000190   Section        0  entry8b.o(.ARM.Collect$$$$0000000A)
    .ARM.Collect$$$$0000000B                 0x08000190   Section        8  entry9a.o(.ARM.Collect$$$$0000000B)
    .ARM.Collect$$$$0000000E                 0x08000198   Section        4  entry12b.o(.ARM.Collect$$$$0000000E)
    .ARM.Collect$$$$0000000F                 0x0800019c   Section        0  entry10a.o(.ARM.Collect$$$$0000000F)
    .ARM.Collect$$$$00000011                 0x0800019c   Section        0  entry11a.o(.ARM.Collect$$$$00000011)
    .ARM.Collect$$$$00002712                 0x0800019c   Section        4  entry2.o(.ARM.Collect$$$$00002712)
    __lit__00000000                          0x0800019c   Data           4  entry2.o(.ARM.Collect$$$$00002712)
    .text                                    0x080001a0   Section       36  startup_stm32f407xx.o(.text)
    $v0                                      0x080001a0   Number         0  startup_stm32f407xx.o(.text)
    .text                                    0x080001c4   Section        0  uldiv.o(.text)
    .text                                    0x08000226   Section        0  memcpya.o(.text)
    .text                                    0x0800024a   Section        0  memseta.o(.text)
    .text                                    0x0800026e   Section        0  strlen.o(.text)
    .text                                    0x0800027c   Section        0  f2d.o(.text)
    .text                                    0x080002a2   Section        0  uidiv.o(.text)
    .text                                    0x080002ce   Section        0  llshl.o(.text)
    .text                                    0x080002ec   Section        0  llushr.o(.text)
    .text                                    0x0800030c   Section        0  dadd.o(.text)
    .text                                    0x0800030c   Section        0  iusefp.o(.text)
    .text                                    0x0800045a   Section        0  dmul.o(.text)
    .text                                    0x0800053e   Section        0  ddiv.o(.text)
    .text                                    0x0800061c   Section        0  dfixul.o(.text)
    .text                                    0x0800064c   Section       48  cdrcmple.o(.text)
    .text                                    0x0800067c   Section       36  init.o(.text)
    .text                                    0x080006a0   Section        0  llsshr.o(.text)
    .text                                    0x080006c4   Section        0  depilogue.o(.text)
    i.ADC_IRQHandler                         0x08000780   Section        0  stm32f4xx_it.o(i.ADC_IRQHandler)
    i.ADC_Init                               0x0800078c   Section        0  stm32f4xx_hal_adc.o(i.ADC_Init)
    ADC_Init                                 0x0800078d   Thumb Code   284  stm32f4xx_hal_adc.o(i.ADC_Init)
    i.BusFault_Handler                       0x080008b4   Section        0  stm32f4xx_it.o(i.BusFault_Handler)
    i.ChangePassword                         0x080008b8   Section        0  lib_keypad.o(i.ChangePassword)
    i.DebugMon_Handler                       0x08000be8   Section        0  stm32f4xx_it.o(i.DebugMon_Handler)
    i.Enroll                                 0x08000bec   Section        0  finger.o(i.Enroll)
    i.Enter                                  0x08000fe8   Section        0  lib_keypad.o(i.Enter)
    i.EnterByPassword                        0x08001184   Section        0  lib_keypad.o(i.EnterByPassword)
    i.FingerPrintFast                        0x080015cc   Section        0  finger.o(i.FingerPrintFast)
    i.HAL_ADCEx_InjectedConvCpltCallback     0x08001660   Section        0  stm32f4xx_hal_adc_ex.o(i.HAL_ADCEx_InjectedConvCpltCallback)
    i.HAL_ADC_ConfigChannel                  0x08001664   Section        0  stm32f4xx_hal_adc.o(i.HAL_ADC_ConfigChannel)
    i.HAL_ADC_ConvCpltCallback               0x080017b0   Section        0  stm32f4xx_hal_adc.o(i.HAL_ADC_ConvCpltCallback)
    i.HAL_ADC_ErrorCallback                  0x080017b2   Section        0  stm32f4xx_hal_adc.o(i.HAL_ADC_ErrorCallback)
    i.HAL_ADC_IRQHandler                     0x080017b4   Section        0  stm32f4xx_hal_adc.o(i.HAL_ADC_IRQHandler)
    i.HAL_ADC_Init                           0x080018f0   Section        0  stm32f4xx_hal_adc.o(i.HAL_ADC_Init)
    i.HAL_ADC_LevelOutOfWindowCallback       0x08001944   Section        0  stm32f4xx_hal_adc.o(i.HAL_ADC_LevelOutOfWindowCallback)
    i.HAL_ADC_MspInit                        0x08001948   Section        0  stm32f4xx_hal_msp.o(i.HAL_ADC_MspInit)
    i.HAL_DMA_Abort_IT                       0x080019b8   Section        0  stm32f4xx_hal_dma.o(i.HAL_DMA_Abort_IT)
    i.HAL_Delay                              0x080019dc   Section        0  stm32f4xx_hal.o(i.HAL_Delay)
    i.HAL_GPIO_Init                          0x08001a00   Section        0  stm32f4xx_hal_gpio.o(i.HAL_GPIO_Init)
    i.HAL_GPIO_ReadPin                       0x08001bb8   Section        0  stm32f4xx_hal_gpio.o(i.HAL_GPIO_ReadPin)
    i.HAL_GPIO_WritePin                      0x08001bc2   Section        0  stm32f4xx_hal_gpio.o(i.HAL_GPIO_WritePin)
    i.HAL_GetTick                            0x08001bcc   Section        0  stm32f4xx_hal.o(i.HAL_GetTick)
    i.HAL_I2C_Init                           0x08001bd8   Section        0  stm32f4xx_hal_i2c.o(i.HAL_I2C_Init)
    i.HAL_I2C_IsDeviceReady                  0x08001d60   Section        0  stm32f4xx_hal_i2c.o(i.HAL_I2C_IsDeviceReady)
    i.HAL_I2C_Master_Transmit                0x08001ecc   Section        0  stm32f4xx_hal_i2c.o(i.HAL_I2C_Master_Transmit)
    i.HAL_I2C_MspInit                        0x08001ff8   Section        0  stm32f4xx_hal_msp.o(i.HAL_I2C_MspInit)
    i.HAL_IncTick                            0x08002060   Section        0  stm32f4xx_hal.o(i.HAL_IncTick)
    i.HAL_Init                               0x08002070   Section        0  stm32f4xx_hal.o(i.HAL_Init)
    i.HAL_InitTick                           0x080020a4   Section        0  stm32f4xx_hal.o(i.HAL_InitTick)
    i.HAL_MspInit                            0x080020e4   Section        0  stm32f4xx_hal_msp.o(i.HAL_MspInit)
    i.HAL_NVIC_EnableIRQ                     0x08002114   Section        0  stm32f4xx_hal_cortex.o(i.HAL_NVIC_EnableIRQ)
    i.HAL_NVIC_SetPriority                   0x08002130   Section        0  stm32f4xx_hal_cortex.o(i.HAL_NVIC_SetPriority)
    i.HAL_NVIC_SetPriorityGrouping           0x08002170   Section        0  stm32f4xx_hal_cortex.o(i.HAL_NVIC_SetPriorityGrouping)
    i.HAL_RCC_ClockConfig                    0x08002194   Section        0  stm32f4xx_hal_rcc.o(i.HAL_RCC_ClockConfig)
    i.HAL_RCC_GetPCLK1Freq                   0x080022c8   Section        0  stm32f4xx_hal_rcc.o(i.HAL_RCC_GetPCLK1Freq)
    i.HAL_RCC_GetPCLK2Freq                   0x080022e8   Section        0  stm32f4xx_hal_rcc.o(i.HAL_RCC_GetPCLK2Freq)
    i.HAL_RCC_GetSysClockFreq                0x08002308   Section        0  stm32f4xx_hal_rcc.o(i.HAL_RCC_GetSysClockFreq)
    i.HAL_RCC_OscConfig                      0x08002368   Section        0  stm32f4xx_hal_rcc.o(i.HAL_RCC_OscConfig)
    i.HAL_SYSTICK_Config                     0x080026c4   Section        0  stm32f4xx_hal_cortex.o(i.HAL_SYSTICK_Config)
    i.HAL_UART_ErrorCallback                 0x080026ec   Section        0  stm32f4xx_hal_uart.o(i.HAL_UART_ErrorCallback)
    i.HAL_UART_IRQHandler                    0x080026f0   Section        0  stm32f4xx_hal_uart.o(i.HAL_UART_IRQHandler)
    i.HAL_UART_Init                          0x08002804   Section        0  stm32f4xx_hal_uart.o(i.HAL_UART_Init)
    i.HAL_UART_MspInit                       0x08002868   Section        0  stm32f4xx_hal_msp.o(i.HAL_UART_MspInit)
    i.HAL_UART_Receive_IT                    0x08002930   Section        0  stm32f4xx_hal_uart.o(i.HAL_UART_Receive_IT)
    i.HAL_UART_RxCpltCallback                0x08002984   Section        0  main.o(i.HAL_UART_RxCpltCallback)
    i.HAL_UART_Transmit                      0x080029ac   Section        0  stm32f4xx_hal_uart.o(i.HAL_UART_Transmit)
    i.HAL_UART_TxCpltCallback                0x08002a66   Section        0  stm32f4xx_hal_uart.o(i.HAL_UART_TxCpltCallback)
    i.HardFault_Handler                      0x08002a68   Section        0  stm32f4xx_it.o(i.HardFault_Handler)
    i.I2C_IsAcknowledgeFailed                0x08002a6a   Section        0  stm32f4xx_hal_i2c.o(i.I2C_IsAcknowledgeFailed)
    I2C_IsAcknowledgeFailed                  0x08002a6b   Thumb Code    46  stm32f4xx_hal_i2c.o(i.I2C_IsAcknowledgeFailed)
    i.I2C_MasterRequestWrite                 0x08002a98   Section        0  stm32f4xx_hal_i2c.o(i.I2C_MasterRequestWrite)
    I2C_MasterRequestWrite                   0x08002a99   Thumb Code   150  stm32f4xx_hal_i2c.o(i.I2C_MasterRequestWrite)
    i.I2C_WaitOnBTFFlagUntilTimeout          0x08002b34   Section        0  stm32f4xx_hal_i2c.o(i.I2C_WaitOnBTFFlagUntilTimeout)
    I2C_WaitOnBTFFlagUntilTimeout            0x08002b35   Thumb Code    76  stm32f4xx_hal_i2c.o(i.I2C_WaitOnBTFFlagUntilTimeout)
    i.I2C_WaitOnFlagUntilTimeout             0x08002b80   Section        0  stm32f4xx_hal_i2c.o(i.I2C_WaitOnFlagUntilTimeout)
    I2C_WaitOnFlagUntilTimeout               0x08002b81   Thumb Code   104  stm32f4xx_hal_i2c.o(i.I2C_WaitOnFlagUntilTimeout)
    i.I2C_WaitOnMasterAddressFlagUntilTimeout 0x08002be8   Section        0  stm32f4xx_hal_i2c.o(i.I2C_WaitOnMasterAddressFlagUntilTimeout)
    I2C_WaitOnMasterAddressFlagUntilTimeout  0x08002be9   Thumb Code   150  stm32f4xx_hal_i2c.o(i.I2C_WaitOnMasterAddressFlagUntilTimeout)
    i.I2C_WaitOnTXEFlagUntilTimeout          0x08002c7e   Section        0  stm32f4xx_hal_i2c.o(i.I2C_WaitOnTXEFlagUntilTimeout)
    I2C_WaitOnTXEFlagUntilTimeout            0x08002c7f   Thumb Code    76  stm32f4xx_hal_i2c.o(i.I2C_WaitOnTXEFlagUntilTimeout)
    i.LCD_20x4_BackLight                     0x08002ccc   Section        0  lcd_20x4.o(i.LCD_20x4_BackLight)
    i.LCD_20x4_Clear                         0x08002ce4   Section        0  lcd_20x4.o(i.LCD_20x4_Clear)
    i.LCD_20x4_Init                          0x08002d04   Section        0  lcd_20x4.o(i.LCD_20x4_Init)
    i.LCD_20x4_Print                         0x08002d4a   Section        0  lcd_20x4.o(i.LCD_20x4_Print)
    i.LCD_20x4_Send_String                   0x08002d74   Section        0  lcd_20x4.o(i.LCD_20x4_Send_String)
    i.LCD_20x4_SetCursor                     0x08002e44   Section        0  lcd_20x4.o(i.LCD_20x4_SetCursor)
    i.LCD_20x4_Set_Command                   0x08002e78   Section        0  lcd_20x4.o(i.LCD_20x4_Set_Command)
    i.LCD_20x4_Write_Data                    0x08002ec4   Section        0  lcd_20x4.o(i.LCD_20x4_Write_Data)
    i.LCD_20x4_i2cDeviceCheck                0x08002f18   Section        0  lcd_20x4.o(i.LCD_20x4_i2cDeviceCheck)
    i.MX_ADC1_Init                           0x08002f44   Section        0  main.o(i.MX_ADC1_Init)
    MX_ADC1_Init                             0x08002f45   Thumb Code    72  main.o(i.MX_ADC1_Init)
    i.MX_GPIO_Init                           0x08002f98   Section        0  main.o(i.MX_GPIO_Init)
    MX_GPIO_Init                             0x08002f99   Thumb Code   216  main.o(i.MX_GPIO_Init)
    i.MemManage_Handler                      0x08003080   Section        0  stm32f4xx_it.o(i.MemManage_Handler)
    i.NMI_Handler                            0x08003082   Section        0  stm32f4xx_it.o(i.NMI_Handler)
    i.PendSV_Handler                         0x08003084   Section        0  stm32f4xx_it.o(i.PendSV_Handler)
    i.SVC_Handler                            0x08003086   Section        0  stm32f4xx_it.o(i.SVC_Handler)
    i.SysTick_Handler                        0x08003088   Section        0  stm32f4xx_it.o(i.SysTick_Handler)
    i.SystemClock_Config                     0x0800308c   Section        0  main.o(i.SystemClock_Config)
    i.SystemInit                             0x08003110   Section        0  system_stm32f4xx.o(i.SystemInit)
    i.UART_DMAAbortOnError                   0x0800312c   Section        0  stm32f4xx_hal_uart.o(i.UART_DMAAbortOnError)
    UART_DMAAbortOnError                     0x0800312d   Thumb Code    16  stm32f4xx_hal_uart.o(i.UART_DMAAbortOnError)
    i.UART_EndRxTransfer                     0x0800313c   Section        0  stm32f4xx_hal_uart.o(i.UART_EndRxTransfer)
    UART_EndRxTransfer                       0x0800313d   Thumb Code    28  stm32f4xx_hal_uart.o(i.UART_EndRxTransfer)
    i.UART_Receive_IT                        0x08003158   Section        0  stm32f4xx_hal_uart.o(i.UART_Receive_IT)
    UART_Receive_IT                          0x08003159   Thumb Code   150  stm32f4xx_hal_uart.o(i.UART_Receive_IT)
    i.UART_SetConfig                         0x080031f0   Section        0  stm32f4xx_hal_uart.o(i.UART_SetConfig)
    UART_SetConfig                           0x080031f1   Thumb Code   286  stm32f4xx_hal_uart.o(i.UART_SetConfig)
    i.UART_Transmit_IT                       0x08003318   Section        0  stm32f4xx_hal_uart.o(i.UART_Transmit_IT)
    UART_Transmit_IT                         0x08003319   Thumb Code    98  stm32f4xx_hal_uart.o(i.UART_Transmit_IT)
    i.UART_WaitOnFlagUntilTimeout            0x0800337a   Section        0  stm32f4xx_hal_uart.o(i.UART_WaitOnFlagUntilTimeout)
    UART_WaitOnFlagUntilTimeout              0x0800337b   Thumb Code   100  stm32f4xx_hal_uart.o(i.UART_WaitOnFlagUntilTimeout)
    i.USART1_IRQHandler                      0x080033e0   Section        0  stm32f4xx_it.o(i.USART1_IRQHandler)
    i.USART2_IRQHandler                      0x080033ec   Section        0  stm32f4xx_it.o(i.USART2_IRQHandler)
    i.UsageFault_Handler                     0x080033f8   Section        0  stm32f4xx_it.o(i.UsageFault_Handler)
    i.__0sprintf                             0x080033fc   Section        0  printfa.o(i.__0sprintf)
    i.__NVIC_SetPriority                     0x08003424   Section        0  stm32f4xx_hal_cortex.o(i.__NVIC_SetPriority)
    __NVIC_SetPriority                       0x08003425   Thumb Code    32  stm32f4xx_hal_cortex.o(i.__NVIC_SetPriority)
    i.__scatterload_copy                     0x08003444   Section       14  handlers.o(i.__scatterload_copy)
    i.__scatterload_null                     0x08003452   Section        2  handlers.o(i.__scatterload_null)
    i.__scatterload_zeroinit                 0x08003454   Section       14  handlers.o(i.__scatterload_zeroinit)
    i._fp_digits                             0x08003464   Section        0  printfa.o(i._fp_digits)
    _fp_digits                               0x08003465   Thumb Code   366  printfa.o(i._fp_digits)
    i._printf_core                           0x080035e8   Section        0  printfa.o(i._printf_core)
    _printf_core                             0x080035e9   Thumb Code  1704  printfa.o(i._printf_core)
    i._printf_post_padding                   0x08003c9c   Section        0  printfa.o(i._printf_post_padding)
    _printf_post_padding                     0x08003c9d   Thumb Code    36  printfa.o(i._printf_post_padding)
    i._printf_pre_padding                    0x08003cc0   Section        0  printfa.o(i._printf_pre_padding)
    _printf_pre_padding                      0x08003cc1   Thumb Code    46  printfa.o(i._printf_pre_padding)
    i._sputc                                 0x08003cee   Section        0  printfa.o(i._sputc)
    _sputc                                   0x08003cef   Thumb Code    10  printfa.o(i._sputc)
    i.createModel                            0x08003cf8   Section        0  finger.o(i.createModel)
    i.deleteModel                            0x08003d58   Section        0  finger.o(i.deleteModel)
    i.getImage                               0x08003db8   Section        0  finger.o(i.getImage)
    i.hi2cx_define                           0x08003e18   Section        0  lcd_20x4.o(i.hi2cx_define)
    hi2cx_define                             0x08003e19   Thumb Code    80  lcd_20x4.o(i.hi2cx_define)
    i.image2Tz                               0x08003e70   Section        0  finger.o(i.image2Tz)
    i.main                                   0x08003ed4   Section        0  main.o(i.main)
    i.read_keypad                            0x08003fcc   Section        0  lib_keypad.o(i.read_keypad)
    i.readnumber                             0x080042a8   Section        0  lib_keypad.o(i.readnumber)
    i.receive_finger                         0x08004378   Section        0  finger.o(i.receive_finger)
    i.receive_finger_search                  0x080043b4   Section        0  finger.o(i.receive_finger_search)
    i.returnFingerID                         0x080043f8   Section        0  finger.o(i.returnFingerID)
    i.search                                 0x08004404   Section        0  finger.o(i.search)
    i.storeModel                             0x08004470   Section        0  finger.o(i.storeModel)
    .constdata                               0x080044d8   Section       80  lcd_20x4.o(.constdata)
    Cursor_Data                              0x080044d8   Data          80  lcd_20x4.o(.constdata)
    .constdata                               0x08004528   Section       16  system_stm32f4xx.o(.constdata)
    .constdata                               0x08004538   Section        8  system_stm32f4xx.o(.constdata)
    .data                                    0x20000000   Section        4  finger.o(.data)
    .data                                    0x20000004   Section       11  lib_keypad.o(.data)
    .data                                    0x2000000f   Section       20  lcd_20x4.o(.data)
    Mask_Data                                0x20000010   Data           1  lcd_20x4.o(.data)
    line_pos                                 0x20000011   Data           1  lcd_20x4.o(.data)
    str_len                                  0x20000012   Data           1  lcd_20x4.o(.data)
    ch_len                                   0x20000013   Data           1  lcd_20x4.o(.data)
    data_M                                   0x20000014   Data           1  lcd_20x4.o(.data)
    data_L                                   0x20000015   Data           1  lcd_20x4.o(.data)
    data_BL                                  0x20000016   Data           1  lcd_20x4.o(.data)
    i                                        0x20000017   Data           4  lcd_20x4.o(.data)
    c                                        0x2000001b   Data           4  lcd_20x4.o(.data)
    data                                     0x2000001f   Data           4  lcd_20x4.o(.data)
    .data                                    0x20000023   Section        2  main.o(.data)
    .data                                    0x20000025   Section        1  main.o(.data)
    .data                                    0x20000026   Section        1  main.o(.data)
    .data                                    0x20000027   Section        1  main.o(.data)
    .data                                    0x20000028   Section       12  stm32f4xx_hal.o(.data)
    .data                                    0x20000034   Section        4  system_stm32f4xx.o(.data)
    .bss                                     0x20000038   Section       64  finger.o(.bss)
    .bss                                     0x20000078   Section      484  lcd_20x4.o(.bss)
    buffer                                   0x20000078   Data         400  lcd_20x4.o(.bss)
    .bss                                     0x2000025c   Section      316  main.o(.bss)
    STACK                                    0x20000398   Section     1024  startup_stm32f407xx.o(STACK)

    Global Symbols

    Symbol Name                              Value     Ov Type        Size  Object(Section)

    BuildAttributes$$THM_ISAv4$E$P$D$K$B$S$7EM$VFPi3$EXTD16$VFPS$VFMA$PE$A:L22UL41UL21$X:L11$S22US41US21$IEEE1$IW$USESV6$~STKCKD$USESV7$~SHL$OSPACE$ROPI$EBA8$MICROLIB$REQ8$PRES8$EABIv2 0x00000000   Number         0  anon$$obj.o ABSOLUTE
    __ARM_use_no_argv                        0x00000000   Number         0  main.o ABSOLUTE
    __arm_fini_                               - Undefined Weak Reference
    __cpp_initialize__aeabi_                  - Undefined Weak Reference
    __cxa_finalize                            - Undefined Weak Reference
    __decompress                              - Undefined Weak Reference
    _clock_init                               - Undefined Weak Reference
    _microlib_exit                            - Undefined Weak Reference
    __Vectors_Size                           0x00000188   Number         0  startup_stm32f407xx.o ABSOLUTE
    __Vectors                                0x08000000   Data           4  startup_stm32f407xx.o(RESET)
    __Vectors_End                            0x08000188   Data           0  startup_stm32f407xx.o(RESET)
    __main                                   0x08000189   Thumb Code     0  entry.o(.ARM.Collect$$$$00000000)
    _main_stk                                0x08000189   Thumb Code     0  entry2.o(.ARM.Collect$$$$00000001)
    _main_scatterload                        0x0800018d   Thumb Code     0  entry5.o(.ARM.Collect$$$$00000004)
    __main_after_scatterload                 0x08000191   Thumb Code     0  entry5.o(.ARM.Collect$$$$00000004)
    _main_clock                              0x08000191   Thumb Code     0  entry7b.o(.ARM.Collect$$$$00000008)
    _main_cpp_init                           0x08000191   Thumb Code     0  entry8b.o(.ARM.Collect$$$$0000000A)
    _main_init                               0x08000191   Thumb Code     0  entry9a.o(.ARM.Collect$$$$0000000B)
    __rt_lib_shutdown_fini                   0x08000199   Thumb Code     0  entry12b.o(.ARM.Collect$$$$0000000E)
    __rt_final_cpp                           0x0800019d   Thumb Code     0  entry10a.o(.ARM.Collect$$$$0000000F)
    __rt_final_exit                          0x0800019d   Thumb Code     0  entry11a.o(.ARM.Collect$$$$00000011)
    Reset_Handler                            0x080001a1   Thumb Code     8  startup_stm32f407xx.o(.text)
    CAN1_RX0_IRQHandler                      0x080001bb   Thumb Code     0  startup_stm32f407xx.o(.text)
    CAN1_RX1_IRQHandler                      0x080001bb   Thumb Code     0  startup_stm32f407xx.o(.text)
    CAN1_SCE_IRQHandler                      0x080001bb   Thumb Code     0  startup_stm32f407xx.o(.text)
    CAN1_TX_IRQHandler                       0x080001bb   Thumb Code     0  startup_stm32f407xx.o(.text)
    CAN2_RX0_IRQHandler                      0x080001bb   Thumb Code     0  startup_stm32f407xx.o(.text)
    CAN2_RX1_IRQHandler                      0x080001bb   Thumb Code     0  startup_stm32f407xx.o(.text)
    CAN2_SCE_IRQHandler                      0x080001bb   Thumb Code     0  startup_stm32f407xx.o(.text)
    CAN2_TX_IRQHandler                       0x080001bb   Thumb Code     0  startup_stm32f407xx.o(.text)
    DCMI_IRQHandler                          0x080001bb   Thumb Code     0  startup_stm32f407xx.o(.text)
    DMA1_Stream0_IRQHandler                  0x080001bb   Thumb Code     0  startup_stm32f407xx.o(.text)
    DMA1_Stream1_IRQHandler                  0x080001bb   Thumb Code     0  startup_stm32f407xx.o(.text)
    DMA1_Stream2_IRQHandler                  0x080001bb   Thumb Code     0  startup_stm32f407xx.o(.text)
    DMA1_Stream3_IRQHandler                  0x080001bb   Thumb Code     0  startup_stm32f407xx.o(.text)
    DMA1_Stream4_IRQHandler                  0x080001bb   Thumb Code     0  startup_stm32f407xx.o(.text)
    DMA1_Stream5_IRQHandler                  0x080001bb   Thumb Code     0  startup_stm32f407xx.o(.text)
    DMA1_Stream6_IRQHandler                  0x080001bb   Thumb Code     0  startup_stm32f407xx.o(.text)
    DMA1_Stream7_IRQHandler                  0x080001bb   Thumb Code     0  startup_stm32f407xx.o(.text)
    DMA2_Stream0_IRQHandler                  0x080001bb   Thumb Code     0  startup_stm32f407xx.o(.text)
    DMA2_Stream1_IRQHandler                  0x080001bb   Thumb Code     0  startup_stm32f407xx.o(.text)
    DMA2_Stream2_IRQHandler                  0x080001bb   Thumb Code     0  startup_stm32f407xx.o(.text)
    DMA2_Stream3_IRQHandler                  0x080001bb   Thumb Code     0  startup_stm32f407xx.o(.text)
    DMA2_Stream4_IRQHandler                  0x080001bb   Thumb Code     0  startup_stm32f407xx.o(.text)
    DMA2_Stream5_IRQHandler                  0x080001bb   Thumb Code     0  startup_stm32f407xx.o(.text)
    DMA2_Stream6_IRQHandler                  0x080001bb   Thumb Code     0  startup_stm32f407xx.o(.text)
    DMA2_Stream7_IRQHandler                  0x080001bb   Thumb Code     0  startup_stm32f407xx.o(.text)
    ETH_IRQHandler                           0x080001bb   Thumb Code     0  startup_stm32f407xx.o(.text)
    ETH_WKUP_IRQHandler                      0x080001bb   Thumb Code     0  startup_stm32f407xx.o(.text)
    EXTI0_IRQHandler                         0x080001bb   Thumb Code     0  startup_stm32f407xx.o(.text)
    EXTI15_10_IRQHandler                     0x080001bb   Thumb Code     0  startup_stm32f407xx.o(.text)
    EXTI1_IRQHandler                         0x080001bb   Thumb Code     0  startup_stm32f407xx.o(.text)
    EXTI2_IRQHandler                         0x080001bb   Thumb Code     0  startup_stm32f407xx.o(.text)
    EXTI3_IRQHandler                         0x080001bb   Thumb Code     0  startup_stm32f407xx.o(.text)
    EXTI4_IRQHandler                         0x080001bb   Thumb Code     0  startup_stm32f407xx.o(.text)
    EXTI9_5_IRQHandler                       0x080001bb   Thumb Code     0  startup_stm32f407xx.o(.text)
    FLASH_IRQHandler                         0x080001bb   Thumb Code     0  startup_stm32f407xx.o(.text)
    FMC_IRQHandler                           0x080001bb   Thumb Code     0  startup_stm32f407xx.o(.text)
    FPU_IRQHandler                           0x080001bb   Thumb Code     0  startup_stm32f407xx.o(.text)
    HASH_RNG_IRQHandler                      0x080001bb   Thumb Code     0  startup_stm32f407xx.o(.text)
    I2C1_ER_IRQHandler                       0x080001bb   Thumb Code     0  startup_stm32f407xx.o(.text)
    I2C1_EV_IRQHandler                       0x080001bb   Thumb Code     0  startup_stm32f407xx.o(.text)
    I2C2_ER_IRQHandler                       0x080001bb   Thumb Code     0  startup_stm32f407xx.o(.text)
    I2C2_EV_IRQHandler                       0x080001bb   Thumb Code     0  startup_stm32f407xx.o(.text)
    I2C3_ER_IRQHandler                       0x080001bb   Thumb Code     0  startup_stm32f407xx.o(.text)
    I2C3_EV_IRQHandler                       0x080001bb   Thumb Code     0  startup_stm32f407xx.o(.text)
    OTG_FS_IRQHandler                        0x080001bb   Thumb Code     0  startup_stm32f407xx.o(.text)
    OTG_FS_WKUP_IRQHandler                   0x080001bb   Thumb Code     0  startup_stm32f407xx.o(.text)
    OTG_HS_EP1_IN_IRQHandler                 0x080001bb   Thumb Code     0  startup_stm32f407xx.o(.text)
    OTG_HS_EP1_OUT_IRQHandler                0x080001bb   Thumb Code     0  startup_stm32f407xx.o(.text)
    OTG_HS_IRQHandler                        0x080001bb   Thumb Code     0  startup_stm32f407xx.o(.text)
    OTG_HS_WKUP_IRQHandler                   0x080001bb   Thumb Code     0  startup_stm32f407xx.o(.text)
    PVD_IRQHandler                           0x080001bb   Thumb Code     0  startup_stm32f407xx.o(.text)
    RCC_IRQHandler                           0x080001bb   Thumb Code     0  startup_stm32f407xx.o(.text)
    RTC_Alarm_IRQHandler                     0x080001bb   Thumb Code     0  startup_stm32f407xx.o(.text)
    RTC_WKUP_IRQHandler                      0x080001bb   Thumb Code     0  startup_stm32f407xx.o(.text)
    SDIO_IRQHandler                          0x080001bb   Thumb Code     0  startup_stm32f407xx.o(.text)
    SPI1_IRQHandler                          0x080001bb   Thumb Code     0  startup_stm32f407xx.o(.text)
    SPI2_IRQHandler                          0x080001bb   Thumb Code     0  startup_stm32f407xx.o(.text)
    SPI3_IRQHandler                          0x080001bb   Thumb Code     0  startup_stm32f407xx.o(.text)
    TAMP_STAMP_IRQHandler                    0x080001bb   Thumb Code     0  startup_stm32f407xx.o(.text)
    TIM1_BRK_TIM9_IRQHandler                 0x080001bb   Thumb Code     0  startup_stm32f407xx.o(.text)
    TIM1_CC_IRQHandler                       0x080001bb   Thumb Code     0  startup_stm32f407xx.o(.text)
    TIM1_TRG_COM_TIM11_IRQHandler            0x080001bb   Thumb Code     0  startup_stm32f407xx.o(.text)
    TIM1_UP_TIM10_IRQHandler                 0x080001bb   Thumb Code     0  startup_stm32f407xx.o(.text)
    TIM2_IRQHandler                          0x080001bb   Thumb Code     0  startup_stm32f407xx.o(.text)
    TIM3_IRQHandler                          0x080001bb   Thumb Code     0  startup_stm32f407xx.o(.text)
    TIM4_IRQHandler                          0x080001bb   Thumb Code     0  startup_stm32f407xx.o(.text)
    TIM5_IRQHandler                          0x080001bb   Thumb Code     0  startup_stm32f407xx.o(.text)
    TIM6_DAC_IRQHandler                      0x080001bb   Thumb Code     0  startup_stm32f407xx.o(.text)
    TIM7_IRQHandler                          0x080001bb   Thumb Code     0  startup_stm32f407xx.o(.text)
    TIM8_BRK_TIM12_IRQHandler                0x080001bb   Thumb Code     0  startup_stm32f407xx.o(.text)
    TIM8_CC_IRQHandler                       0x080001bb   Thumb Code     0  startup_stm32f407xx.o(.text)
    TIM8_TRG_COM_TIM14_IRQHandler            0x080001bb   Thumb Code     0  startup_stm32f407xx.o(.text)
    TIM8_UP_TIM13_IRQHandler                 0x080001bb   Thumb Code     0  startup_stm32f407xx.o(.text)
    UART4_IRQHandler                         0x080001bb   Thumb Code     0  startup_stm32f407xx.o(.text)
    UART5_IRQHandler                         0x080001bb   Thumb Code     0  startup_stm32f407xx.o(.text)
    USART3_IRQHandler                        0x080001bb   Thumb Code     0  startup_stm32f407xx.o(.text)
    USART6_IRQHandler                        0x080001bb   Thumb Code     0  startup_stm32f407xx.o(.text)
    WWDG_IRQHandler                          0x080001bb   Thumb Code     0  startup_stm32f407xx.o(.text)
    __aeabi_uldivmod                         0x080001c5   Thumb Code    98  uldiv.o(.text)
    __aeabi_memcpy                           0x08000227   Thumb Code    36  memcpya.o(.text)
    __aeabi_memcpy4                          0x08000227   Thumb Code     0  memcpya.o(.text)
    __aeabi_memcpy8                          0x08000227   Thumb Code     0  memcpya.o(.text)
    __aeabi_memset                           0x0800024b   Thumb Code    14  memseta.o(.text)
    __aeabi_memset4                          0x0800024b   Thumb Code     0  memseta.o(.text)
    __aeabi_memset8                          0x0800024b   Thumb Code     0  memseta.o(.text)
    __aeabi_memclr                           0x08000259   Thumb Code     4  memseta.o(.text)
    __aeabi_memclr4                          0x08000259   Thumb Code     0  memseta.o(.text)
    __aeabi_memclr8                          0x08000259   Thumb Code     0  memseta.o(.text)
    _memset$wrapper                          0x0800025d   Thumb Code    18  memseta.o(.text)
    strlen                                   0x0800026f   Thumb Code    14  strlen.o(.text)
    __aeabi_f2d                              0x0800027d   Thumb Code    38  f2d.o(.text)
    __aeabi_uidiv                            0x080002a3   Thumb Code     0  uidiv.o(.text)
    __aeabi_uidivmod                         0x080002a3   Thumb Code    44  uidiv.o(.text)
    __aeabi_llsl                             0x080002cf   Thumb Code    30  llshl.o(.text)
    _ll_shift_l                              0x080002cf   Thumb Code     0  llshl.o(.text)
    __aeabi_llsr                             0x080002ed   Thumb Code    32  llushr.o(.text)
    _ll_ushift_r                             0x080002ed   Thumb Code     0  llushr.o(.text)
    __I$use$fp                               0x0800030d   Thumb Code     0  iusefp.o(.text)
    __aeabi_dadd                             0x0800030d   Thumb Code   322  dadd.o(.text)
    __aeabi_dsub                             0x0800044f   Thumb Code     6  dadd.o(.text)
    __aeabi_drsub                            0x08000455   Thumb Code     6  dadd.o(.text)
    __aeabi_dmul                             0x0800045b   Thumb Code   228  dmul.o(.text)
    __aeabi_ddiv                             0x0800053f   Thumb Code   222  ddiv.o(.text)
    __aeabi_d2ulz                            0x0800061d   Thumb Code    48  dfixul.o(.text)
    __aeabi_cdrcmple                         0x0800064d   Thumb Code    48  cdrcmple.o(.text)
    __scatterload                            0x0800067d   Thumb Code    28  init.o(.text)
    __scatterload_rt2                        0x0800067d   Thumb Code     0  init.o(.text)
    __aeabi_lasr                             0x080006a1   Thumb Code    36  llsshr.o(.text)
    _ll_sshift_r                             0x080006a1   Thumb Code     0  llsshr.o(.text)
    _double_round                            0x080006c5   Thumb Code    30  depilogue.o(.text)
    _double_epilogue                         0x080006e3   Thumb Code   156  depilogue.o(.text)
    ADC_IRQHandler                           0x08000781   Thumb Code     6  stm32f4xx_it.o(i.ADC_IRQHandler)
    BusFault_Handler                         0x080008b5   Thumb Code     2  stm32f4xx_it.o(i.BusFault_Handler)
    ChangePassword                           0x080008b9   Thumb Code   650  lib_keypad.o(i.ChangePassword)
    DebugMon_Handler                         0x08000be9   Thumb Code     2  stm32f4xx_it.o(i.DebugMon_Handler)
    Enroll                                   0x08000bed   Thumb Code   814  finger.o(i.Enroll)
    Enter                                    0x08000fe9   Thumb Code   288  lib_keypad.o(i.Enter)
    EnterByPassword                          0x08001185   Thumb Code   820  lib_keypad.o(i.EnterByPassword)
    FingerPrintFast                          0x080015cd   Thumb Code   132  finger.o(i.FingerPrintFast)
    HAL_ADCEx_InjectedConvCpltCallback       0x08001661   Thumb Code     2  stm32f4xx_hal_adc_ex.o(i.HAL_ADCEx_InjectedConvCpltCallback)
    HAL_ADC_ConfigChannel                    0x08001665   Thumb Code   316  stm32f4xx_hal_adc.o(i.HAL_ADC_ConfigChannel)
    HAL_ADC_ConvCpltCallback                 0x080017b1   Thumb Code     2  stm32f4xx_hal_adc.o(i.HAL_ADC_ConvCpltCallback)
    HAL_ADC_ErrorCallback                    0x080017b3   Thumb Code     2  stm32f4xx_hal_adc.o(i.HAL_ADC_ErrorCallback)
    HAL_ADC_IRQHandler                       0x080017b5   Thumb Code   316  stm32f4xx_hal_adc.o(i.HAL_ADC_IRQHandler)
    HAL_ADC_Init                             0x080018f1   Thumb Code    84  stm32f4xx_hal_adc.o(i.HAL_ADC_Init)
    HAL_ADC_LevelOutOfWindowCallback         0x08001945   Thumb Code     2  stm32f4xx_hal_adc.o(i.HAL_ADC_LevelOutOfWindowCallback)
    HAL_ADC_MspInit                          0x08001949   Thumb Code   100  stm32f4xx_hal_msp.o(i.HAL_ADC_MspInit)
    HAL_DMA_Abort_IT                         0x080019b9   Thumb Code    36  stm32f4xx_hal_dma.o(i.HAL_DMA_Abort_IT)
    HAL_Delay                                0x080019dd   Thumb Code    32  stm32f4xx_hal.o(i.HAL_Delay)
    HAL_GPIO_Init                            0x08001a01   Thumb Code   394  stm32f4xx_hal_gpio.o(i.HAL_GPIO_Init)
    HAL_GPIO_ReadPin                         0x08001bb9   Thumb Code    10  stm32f4xx_hal_gpio.o(i.HAL_GPIO_ReadPin)
    HAL_GPIO_WritePin                        0x08001bc3   Thumb Code    10  stm32f4xx_hal_gpio.o(i.HAL_GPIO_WritePin)
    HAL_GetTick                              0x08001bcd   Thumb Code     6  stm32f4xx_hal.o(i.HAL_GetTick)
    HAL_I2C_Init                             0x08001bd9   Thumb Code   376  stm32f4xx_hal_i2c.o(i.HAL_I2C_Init)
    HAL_I2C_IsDeviceReady                    0x08001d61   Thumb Code   354  stm32f4xx_hal_i2c.o(i.HAL_I2C_IsDeviceReady)
    HAL_I2C_Master_Transmit                  0x08001ecd   Thumb Code   290  stm32f4xx_hal_i2c.o(i.HAL_I2C_Master_Transmit)
    HAL_I2C_MspInit                          0x08001ff9   Thumb Code    92  stm32f4xx_hal_msp.o(i.HAL_I2C_MspInit)
    HAL_IncTick                              0x08002061   Thumb Code    12  stm32f4xx_hal.o(i.HAL_IncTick)
    HAL_Init                                 0x08002071   Thumb Code    48  stm32f4xx_hal.o(i.HAL_Init)
    HAL_InitTick                             0x080020a5   Thumb Code    54  stm32f4xx_hal.o(i.HAL_InitTick)
    HAL_MspInit                              0x080020e5   Thumb Code    42  stm32f4xx_hal_msp.o(i.HAL_MspInit)
    HAL_NVIC_EnableIRQ                       0x08002115   Thumb Code    26  stm32f4xx_hal_cortex.o(i.HAL_NVIC_EnableIRQ)
    HAL_NVIC_SetPriority                     0x08002131   Thumb Code    60  stm32f4xx_hal_cortex.o(i.HAL_NVIC_SetPriority)
    HAL_NVIC_SetPriorityGrouping             0x08002171   Thumb Code    26  stm32f4xx_hal_cortex.o(i.HAL_NVIC_SetPriorityGrouping)
    HAL_RCC_ClockConfig                      0x08002195   Thumb Code   288  stm32f4xx_hal_rcc.o(i.HAL_RCC_ClockConfig)
    HAL_RCC_GetPCLK1Freq                     0x080022c9   Thumb Code    20  stm32f4xx_hal_rcc.o(i.HAL_RCC_GetPCLK1Freq)
    HAL_RCC_GetPCLK2Freq                     0x080022e9   Thumb Code    20  stm32f4xx_hal_rcc.o(i.HAL_RCC_GetPCLK2Freq)
    HAL_RCC_GetSysClockFreq                  0x08002309   Thumb Code    88  stm32f4xx_hal_rcc.o(i.HAL_RCC_GetSysClockFreq)
    HAL_RCC_OscConfig                        0x08002369   Thumb Code   840  stm32f4xx_hal_rcc.o(i.HAL_RCC_OscConfig)
    HAL_SYSTICK_Config                       0x080026c5   Thumb Code    40  stm32f4xx_hal_cortex.o(i.HAL_SYSTICK_Config)
    HAL_UART_ErrorCallback                   0x080026ed   Thumb Code     2  stm32f4xx_hal_uart.o(i.HAL_UART_ErrorCallback)
    HAL_UART_IRQHandler                      0x080026f1   Thumb Code   270  stm32f4xx_hal_uart.o(i.HAL_UART_IRQHandler)
    HAL_UART_Init                            0x08002805   Thumb Code    98  stm32f4xx_hal_uart.o(i.HAL_UART_Init)
    HAL_UART_MspInit                         0x08002869   Thumb Code   182  stm32f4xx_hal_msp.o(i.HAL_UART_MspInit)
    HAL_UART_Receive_IT                      0x08002931   Thumb Code    82  stm32f4xx_hal_uart.o(i.HAL_UART_Receive_IT)
    HAL_UART_RxCpltCallback                  0x08002985   Thumb Code    32  main.o(i.HAL_UART_RxCpltCallback)
    HAL_UART_Transmit                        0x080029ad   Thumb Code   186  stm32f4xx_hal_uart.o(i.HAL_UART_Transmit)
    HAL_UART_TxCpltCallback                  0x08002a67   Thumb Code     2  stm32f4xx_hal_uart.o(i.HAL_UART_TxCpltCallback)
    HardFault_Handler                        0x08002a69   Thumb Code     2  stm32f4xx_it.o(i.HardFault_Handler)
    LCD_20x4_BackLight                       0x08002ccd   Thumb Code    20  lcd_20x4.o(i.LCD_20x4_BackLight)
    LCD_20x4_Clear                           0x08002ce5   Thumb Code    26  lcd_20x4.o(i.LCD_20x4_Clear)
    LCD_20x4_Init                            0x08002d05   Thumb Code    70  lcd_20x4.o(i.LCD_20x4_Init)
    LCD_20x4_Print                           0x08002d4b   Thumb Code    42  lcd_20x4.o(i.LCD_20x4_Print)
    LCD_20x4_Send_String                     0x08002d75   Thumb Code   198  lcd_20x4.o(i.LCD_20x4_Send_String)
    LCD_20x4_SetCursor                       0x08002e45   Thumb Code    42  lcd_20x4.o(i.LCD_20x4_SetCursor)
    LCD_20x4_Set_Command                     0x08002e79   Thumb Code    68  lcd_20x4.o(i.LCD_20x4_Set_Command)
    LCD_20x4_Write_Data                      0x08002ec5   Thumb Code    76  lcd_20x4.o(i.LCD_20x4_Write_Data)
    LCD_20x4_i2cDeviceCheck                  0x08002f19   Thumb Code    36  lcd_20x4.o(i.LCD_20x4_i2cDeviceCheck)
    MemManage_Handler                        0x08003081   Thumb Code     2  stm32f4xx_it.o(i.MemManage_Handler)
    NMI_Handler                              0x08003083   Thumb Code     2  stm32f4xx_it.o(i.NMI_Handler)
    PendSV_Handler                           0x08003085   Thumb Code     2  stm32f4xx_it.o(i.PendSV_Handler)
    SVC_Handler                              0x08003087   Thumb Code     2  stm32f4xx_it.o(i.SVC_Handler)
    SysTick_Handler                          0x08003089   Thumb Code     4  stm32f4xx_it.o(i.SysTick_Handler)
    SystemClock_Config                       0x0800308d   Thumb Code   122  main.o(i.SystemClock_Config)
    SystemInit                               0x08003111   Thumb Code    22  system_stm32f4xx.o(i.SystemInit)
    USART1_IRQHandler                        0x080033e1   Thumb Code     6  stm32f4xx_it.o(i.USART1_IRQHandler)
    USART2_IRQHandler                        0x080033ed   Thumb Code     6  stm32f4xx_it.o(i.USART2_IRQHandler)
    UsageFault_Handler                       0x080033f9   Thumb Code     2  stm32f4xx_it.o(i.UsageFault_Handler)
    __0sprintf                               0x080033fd   Thumb Code    34  printfa.o(i.__0sprintf)
    __1sprintf                               0x080033fd   Thumb Code     0  printfa.o(i.__0sprintf)
    __2sprintf                               0x080033fd   Thumb Code     0  printfa.o(i.__0sprintf)
    __c89sprintf                             0x080033fd   Thumb Code     0  printfa.o(i.__0sprintf)
    sprintf                                  0x080033fd   Thumb Code     0  printfa.o(i.__0sprintf)
    __scatterload_copy                       0x08003445   Thumb Code    14  handlers.o(i.__scatterload_copy)
    __scatterload_null                       0x08003453   Thumb Code     2  handlers.o(i.__scatterload_null)
    __scatterload_zeroinit                   0x08003455   Thumb Code    14  handlers.o(i.__scatterload_zeroinit)
    createModel                              0x08003cf9   Thumb Code    84  finger.o(i.createModel)
    deleteModel                              0x08003d59   Thumb Code    84  finger.o(i.deleteModel)
    getImage                                 0x08003db9   Thumb Code    82  finger.o(i.getImage)
    image2Tz                                 0x08003e71   Thumb Code    86  finger.o(i.image2Tz)
    main                                     0x08003ed5   Thumb Code   186  main.o(i.main)
    read_keypad                              0x08003fcd   Thumb Code   724  lib_keypad.o(i.read_keypad)
    readnumber                               0x080042a9   Thumb Code   200  lib_keypad.o(i.readnumber)
    receive_finger                           0x08004379   Thumb Code    50  finger.o(i.receive_finger)
    receive_finger_search                    0x080043b5   Thumb Code    56  finger.o(i.receive_finger_search)
    returnFingerID                           0x080043f9   Thumb Code     6  finger.o(i.returnFingerID)
    search                                   0x08004405   Thumb Code    94  finger.o(i.search)
    storeModel                               0x08004471   Thumb Code    90  finger.o(i.storeModel)
    AHBPrescTable                            0x08004528   Data          16  system_stm32f4xx.o(.constdata)
    APBPrescTable                            0x08004538   Data           8  system_stm32f4xx.o(.constdata)
    Region$$Table$$Base                      0x08004540   Number         0  anon$$obj.o(Region$$Table)
    Region$$Table$$Limit                     0x08004560   Number         0  anon$$obj.o(Region$$Table)
    FingerID                                 0x20000000   Data           4  finger.o(.data)
    kitu                                     0x20000004   Data           1  lib_keypad.o(.data)
    countkitu                                0x20000005   Data           1  lib_keypad.o(.data)
    kiemtra                                  0x20000006   Data           1  lib_keypad.o(.data)
    STR                                      0x20000007   Data           4  lib_keypad.o(.data)
    str                                      0x2000000b   Data           4  lib_keypad.o(.data)
    i2cDeviceAddr                            0x2000000f   Data           1  lcd_20x4.o(.data)
    rxIndex                                  0x20000023   Data           1  main.o(.data)
    rxData                                   0x20000024   Data           1  main.o(.data)
    PageID                                   0x20000025   Data           1  main.o(.data)
    test                                     0x20000026   Data           1  main.o(.data)
    key                                      0x20000027   Data           1  main.o(.data)
    uwTickFreq                               0x20000028   Data           1  stm32f4xx_hal.o(.data)
    uwTickPrio                               0x2000002c   Data           4  stm32f4xx_hal.o(.data)
    uwTick                                   0x20000030   Data           4  stm32f4xx_hal.o(.data)
    SystemCoreClock                          0x20000034   Data           4  system_stm32f4xx.o(.data)
    Finger                                   0x20000038   Data          64  finger.o(.bss)
    hi2cx                                    0x20000208   Data          84  lcd_20x4.o(.bss)
    hadc1                                    0x2000025c   Data          72  main.o(.bss)
    hi2c1                                    0x200002a4   Data          84  main.o(.bss)
    huart1                                   0x200002f8   Data          64  main.o(.bss)
    huart2                                   0x20000338   Data          64  main.o(.bss)
    rxBuf                                    0x20000378   Data          32  main.o(.bss)
    __initial_sp                             0x20000798   Data           0  startup_stm32f407xx.o(STACK)



==============================================================================

Memory Map of the image

  Image Entry point : 0x08000189

  Load Region LR_IROM1 (Base: 0x08000000, Size: 0x00004598, Max: 0x00080000, ABSOLUTE)

    Execution Region ER_IROM1 (Exec base: 0x08000000, Load base: 0x08000000, Size: 0x00004560, Max: 0x00080000, ABSOLUTE)

    Exec Addr    Load Addr    Size         Type   Attr      Idx    E Section Name        Object

    0x08000000   0x08000000   0x00000188   Data   RO            3    RESET               startup_stm32f407xx.o
    0x08000188   0x08000188   0x00000000   Code   RO         2854  * .ARM.Collect$$$$00000000  mc_w.l(entry.o)
    0x08000188   0x08000188   0x00000004   Code   RO         2897    .ARM.Collect$$$$00000001  mc_w.l(entry2.o)
    0x0800018c   0x0800018c   0x00000004   Code   RO         2900    .ARM.Collect$$$$00000004  mc_w.l(entry5.o)
    0x08000190   0x08000190   0x00000000   Code   RO         2902    .ARM.Collect$$$$00000008  mc_w.l(entry7b.o)
    0x08000190   0x08000190   0x00000000   Code   RO         2904    .ARM.Collect$$$$0000000A  mc_w.l(entry8b.o)
    0x08000190   0x08000190   0x00000008   Code   RO         2905    .ARM.Collect$$$$0000000B  mc_w.l(entry9a.o)
    0x08000198   0x08000198   0x00000004   Code   RO         2912    .ARM.Collect$$$$0000000E  mc_w.l(entry12b.o)
    0x0800019c   0x0800019c   0x00000000   Code   RO         2907    .ARM.Collect$$$$0000000F  mc_w.l(entry10a.o)
    0x0800019c   0x0800019c   0x00000000   Code   RO         2909    .ARM.Collect$$$$00000011  mc_w.l(entry11a.o)
    0x0800019c   0x0800019c   0x00000004   Code   RO         2898    .ARM.Collect$$$$00002712  mc_w.l(entry2.o)
    0x080001a0   0x080001a0   0x00000024   Code   RO            4    .text               startup_stm32f407xx.o
    0x080001c4   0x080001c4   0x00000062   Code   RO         2857    .text               mc_w.l(uldiv.o)
    0x08000226   0x08000226   0x00000024   Code   RO         2859    .text               mc_w.l(memcpya.o)
    0x0800024a   0x0800024a   0x00000024   Code   RO         2861    .text               mc_w.l(memseta.o)
    0x0800026e   0x0800026e   0x0000000e   Code   RO         2863    .text               mc_w.l(strlen.o)
    0x0800027c   0x0800027c   0x00000026   Code   RO         2895    .text               mf_w.l(f2d.o)
    0x080002a2   0x080002a2   0x0000002c   Code   RO         2916    .text               mc_w.l(uidiv.o)
    0x080002ce   0x080002ce   0x0000001e   Code   RO         2918    .text               mc_w.l(llshl.o)
    0x080002ec   0x080002ec   0x00000020   Code   RO         2920    .text               mc_w.l(llushr.o)
    0x0800030c   0x0800030c   0x00000000   Code   RO         2922    .text               mc_w.l(iusefp.o)
    0x0800030c   0x0800030c   0x0000014e   Code   RO         2923    .text               mf_w.l(dadd.o)
    0x0800045a   0x0800045a   0x000000e4   Code   RO         2925    .text               mf_w.l(dmul.o)
    0x0800053e   0x0800053e   0x000000de   Code   RO         2927    .text               mf_w.l(ddiv.o)
    0x0800061c   0x0800061c   0x00000030   Code   RO         2929    .text               mf_w.l(dfixul.o)
    0x0800064c   0x0800064c   0x00000030   Code   RO         2931    .text               mf_w.l(cdrcmple.o)
    0x0800067c   0x0800067c   0x00000024   Code   RO         2933    .text               mc_w.l(init.o)
    0x080006a0   0x080006a0   0x00000024   Code   RO         2936    .text               mc_w.l(llsshr.o)
    0x080006c4   0x080006c4   0x000000ba   Code   RO         2939    .text               mf_w.l(depilogue.o)
    0x0800077e   0x0800077e   0x00000002   PAD
    0x08000780   0x08000780   0x0000000c   Code   RO          451    i.ADC_IRQHandler    stm32f4xx_it.o
    0x0800078c   0x0800078c   0x00000128   Code   RO          608    i.ADC_Init          stm32f4xx_hal_adc.o
    0x080008b4   0x080008b4   0x00000002   Code   RO          452    i.BusFault_Handler  stm32f4xx_it.o
    0x080008b6   0x080008b6   0x00000002   PAD
    0x080008b8   0x080008b8   0x00000330   Code   RO          249    i.ChangePassword    lib_keypad.o
    0x08000be8   0x08000be8   0x00000002   Code   RO          453    i.DebugMon_Handler  stm32f4xx_it.o
    0x08000bea   0x08000bea   0x00000002   PAD
    0x08000bec   0x08000bec   0x000003fc   Code   RO           13    i.Enroll            finger.o
    0x08000fe8   0x08000fe8   0x0000019c   Code   RO          250    i.Enter             lib_keypad.o
    0x08001184   0x08001184   0x00000448   Code   RO          251    i.EnterByPassword   lib_keypad.o
    0x080015cc   0x080015cc   0x00000094   Code   RO           14    i.FingerPrintFast   finger.o
    0x08001660   0x08001660   0x00000002   Code   RO          779    i.HAL_ADCEx_InjectedConvCpltCallback  stm32f4xx_hal_adc_ex.o
    0x08001662   0x08001662   0x00000002   PAD
    0x08001664   0x08001664   0x0000014c   Code   RO          610    i.HAL_ADC_ConfigChannel  stm32f4xx_hal_adc.o
    0x080017b0   0x080017b0   0x00000002   Code   RO          611    i.HAL_ADC_ConvCpltCallback  stm32f4xx_hal_adc.o
    0x080017b2   0x080017b2   0x00000002   Code   RO          614    i.HAL_ADC_ErrorCallback  stm32f4xx_hal_adc.o
    0x080017b4   0x080017b4   0x0000013c   Code   RO          618    i.HAL_ADC_IRQHandler  stm32f4xx_hal_adc.o
    0x080018f0   0x080018f0   0x00000054   Code   RO          619    i.HAL_ADC_Init      stm32f4xx_hal_adc.o
    0x08001944   0x08001944   0x00000002   Code   RO          620    i.HAL_ADC_LevelOutOfWindowCallback  stm32f4xx_hal_adc.o
    0x08001946   0x08001946   0x00000002   PAD
    0x08001948   0x08001948   0x00000070   Code   RO          546    i.HAL_ADC_MspInit   stm32f4xx_hal_msp.o
    0x080019b8   0x080019b8   0x00000024   Code   RO         1343    i.HAL_DMA_Abort_IT  stm32f4xx_hal_dma.o
    0x080019dc   0x080019dc   0x00000024   Code   RO         1761    i.HAL_Delay         stm32f4xx_hal.o
    0x08001a00   0x08001a00   0x000001b8   Code   RO         1235    i.HAL_GPIO_Init     stm32f4xx_hal_gpio.o
    0x08001bb8   0x08001bb8   0x0000000a   Code   RO         1237    i.HAL_GPIO_ReadPin  stm32f4xx_hal_gpio.o
    0x08001bc2   0x08001bc2   0x0000000a   Code   RO         1239    i.HAL_GPIO_WritePin  stm32f4xx_hal_gpio.o
    0x08001bcc   0x08001bcc   0x0000000c   Code   RO         1767    i.HAL_GetTick       stm32f4xx_hal.o
    0x08001bd8   0x08001bd8   0x00000188   Code   RO         2023    i.HAL_I2C_Init      stm32f4xx_hal_i2c.o
    0x08001d60   0x08001d60   0x0000016c   Code   RO         2024    i.HAL_I2C_IsDeviceReady  stm32f4xx_hal_i2c.o
    0x08001ecc   0x08001ecc   0x0000012c   Code   RO         2036    i.HAL_I2C_Master_Transmit  stm32f4xx_hal_i2c.o
    0x08001ff8   0x08001ff8   0x00000068   Code   RO          548    i.HAL_I2C_MspInit   stm32f4xx_hal_msp.o
    0x08002060   0x08002060   0x00000010   Code   RO         1773    i.HAL_IncTick       stm32f4xx_hal.o
    0x08002070   0x08002070   0x00000034   Code   RO         1774    i.HAL_Init          stm32f4xx_hal.o
    0x080020a4   0x080020a4   0x00000040   Code   RO         1775    i.HAL_InitTick      stm32f4xx_hal.o
    0x080020e4   0x080020e4   0x00000030   Code   RO          549    i.HAL_MspInit       stm32f4xx_hal_msp.o
    0x08002114   0x08002114   0x0000001a   Code   RO         1624    i.HAL_NVIC_EnableIRQ  stm32f4xx_hal_cortex.o
    0x0800212e   0x0800212e   0x00000002   PAD
    0x08002130   0x08002130   0x00000040   Code   RO         1630    i.HAL_NVIC_SetPriority  stm32f4xx_hal_cortex.o
    0x08002170   0x08002170   0x00000024   Code   RO         1631    i.HAL_NVIC_SetPriorityGrouping  stm32f4xx_hal_cortex.o
    0x08002194   0x08002194   0x00000134   Code   RO          881    i.HAL_RCC_ClockConfig  stm32f4xx_hal_rcc.o
    0x080022c8   0x080022c8   0x00000020   Code   RO          888    i.HAL_RCC_GetPCLK1Freq  stm32f4xx_hal_rcc.o
    0x080022e8   0x080022e8   0x00000020   Code   RO          889    i.HAL_RCC_GetPCLK2Freq  stm32f4xx_hal_rcc.o
    0x08002308   0x08002308   0x00000060   Code   RO          890    i.HAL_RCC_GetSysClockFreq  stm32f4xx_hal_rcc.o
    0x08002368   0x08002368   0x0000035c   Code   RO          893    i.HAL_RCC_OscConfig  stm32f4xx_hal_rcc.o
    0x080026c4   0x080026c4   0x00000028   Code   RO         1635    i.HAL_SYSTICK_Config  stm32f4xx_hal_cortex.o
    0x080026ec   0x080026ec   0x00000002   Code   RO         2514    i.HAL_UART_ErrorCallback  stm32f4xx_hal_uart.o
    0x080026ee   0x080026ee   0x00000002   PAD
    0x080026f0   0x080026f0   0x00000114   Code   RO         2517    i.HAL_UART_IRQHandler  stm32f4xx_hal_uart.o
    0x08002804   0x08002804   0x00000062   Code   RO         2518    i.HAL_UART_Init     stm32f4xx_hal_uart.o
    0x08002866   0x08002866   0x00000002   PAD
    0x08002868   0x08002868   0x000000c8   Code   RO          551    i.HAL_UART_MspInit  stm32f4xx_hal_msp.o
    0x08002930   0x08002930   0x00000052   Code   RO         2523    i.HAL_UART_Receive_IT  stm32f4xx_hal_uart.o
    0x08002982   0x08002982   0x00000002   PAD
    0x08002984   0x08002984   0x00000028   Code   RO          391    i.HAL_UART_RxCpltCallback  main.o
    0x080029ac   0x080029ac   0x000000ba   Code   RO         2526    i.HAL_UART_Transmit  stm32f4xx_hal_uart.o
    0x08002a66   0x08002a66   0x00000002   Code   RO         2529    i.HAL_UART_TxCpltCallback  stm32f4xx_hal_uart.o
    0x08002a68   0x08002a68   0x00000002   Code   RO          454    i.HardFault_Handler  stm32f4xx_it.o
    0x08002a6a   0x08002a6a   0x0000002e   Code   RO         2065    i.I2C_IsAcknowledgeFailed  stm32f4xx_hal_i2c.o
    0x08002a98   0x08002a98   0x0000009c   Code   RO         2069    i.I2C_MasterRequestWrite  stm32f4xx_hal_i2c.o
    0x08002b34   0x08002b34   0x0000004c   Code   RO         2079    i.I2C_WaitOnBTFFlagUntilTimeout  stm32f4xx_hal_i2c.o
    0x08002b80   0x08002b80   0x00000068   Code   RO         2080    i.I2C_WaitOnFlagUntilTimeout  stm32f4xx_hal_i2c.o
    0x08002be8   0x08002be8   0x00000096   Code   RO         2081    i.I2C_WaitOnMasterAddressFlagUntilTimeout  stm32f4xx_hal_i2c.o
    0x08002c7e   0x08002c7e   0x0000004c   Code   RO         2083    i.I2C_WaitOnTXEFlagUntilTimeout  stm32f4xx_hal_i2c.o
    0x08002cca   0x08002cca   0x00000002   PAD
    0x08002ccc   0x08002ccc   0x00000018   Code   RO          304    i.LCD_20x4_BackLight  lcd_20x4.o
    0x08002ce4   0x08002ce4   0x00000020   Code   RO          305    i.LCD_20x4_Clear    lcd_20x4.o
    0x08002d04   0x08002d04   0x00000046   Code   RO          306    i.LCD_20x4_Init     lcd_20x4.o
    0x08002d4a   0x08002d4a   0x0000002a   Code   RO          307    i.LCD_20x4_Print    lcd_20x4.o
    0x08002d74   0x08002d74   0x000000d0   Code   RO          308    i.LCD_20x4_Send_String  lcd_20x4.o
    0x08002e44   0x08002e44   0x00000034   Code   RO          309    i.LCD_20x4_SetCursor  lcd_20x4.o
    0x08002e78   0x08002e78   0x0000004c   Code   RO          310    i.LCD_20x4_Set_Command  lcd_20x4.o
    0x08002ec4   0x08002ec4   0x00000054   Code   RO          311    i.LCD_20x4_Write_Data  lcd_20x4.o
    0x08002f18   0x08002f18   0x0000002c   Code   RO          312    i.LCD_20x4_i2cDeviceCheck  lcd_20x4.o
    0x08002f44   0x08002f44   0x00000054   Code   RO          392    i.MX_ADC1_Init      main.o
    0x08002f98   0x08002f98   0x000000e8   Code   RO          393    i.MX_GPIO_Init      main.o
    0x08003080   0x08003080   0x00000002   Code   RO          455    i.MemManage_Handler  stm32f4xx_it.o
    0x08003082   0x08003082   0x00000002   Code   RO          456    i.NMI_Handler       stm32f4xx_it.o
    0x08003084   0x08003084   0x00000002   Code   RO          457    i.PendSV_Handler    stm32f4xx_it.o
    0x08003086   0x08003086   0x00000002   Code   RO          458    i.SVC_Handler       stm32f4xx_it.o
    0x08003088   0x08003088   0x00000004   Code   RO          459    i.SysTick_Handler   stm32f4xx_it.o
    0x0800308c   0x0800308c   0x00000084   Code   RO          394    i.SystemClock_Config  main.o
    0x08003110   0x08003110   0x0000001c   Code   RO         2820    i.SystemInit        system_stm32f4xx.o
    0x0800312c   0x0800312c   0x00000010   Code   RO         2531    i.UART_DMAAbortOnError  stm32f4xx_hal_uart.o
    0x0800313c   0x0800313c   0x0000001c   Code   RO         2541    i.UART_EndRxTransfer  stm32f4xx_hal_uart.o
    0x08003158   0x08003158   0x00000096   Code   RO         2543    i.UART_Receive_IT   stm32f4xx_hal_uart.o
    0x080031ee   0x080031ee   0x00000002   PAD
    0x080031f0   0x080031f0   0x00000128   Code   RO         2544    i.UART_SetConfig    stm32f4xx_hal_uart.o
    0x08003318   0x08003318   0x00000062   Code   RO         2545    i.UART_Transmit_IT  stm32f4xx_hal_uart.o
    0x0800337a   0x0800337a   0x00000064   Code   RO         2546    i.UART_WaitOnFlagUntilTimeout  stm32f4xx_hal_uart.o
    0x080033de   0x080033de   0x00000002   PAD
    0x080033e0   0x080033e0   0x0000000c   Code   RO          460    i.USART1_IRQHandler  stm32f4xx_it.o
    0x080033ec   0x080033ec   0x0000000c   Code   RO          461    i.USART2_IRQHandler  stm32f4xx_it.o
    0x080033f8   0x080033f8   0x00000002   Code   RO          462    i.UsageFault_Handler  stm32f4xx_it.o
    0x080033fa   0x080033fa   0x00000002   PAD
    0x080033fc   0x080033fc   0x00000028   Code   RO         2870    i.__0sprintf        mc_w.l(printfa.o)
    0x08003424   0x08003424   0x00000020   Code   RO         1637    i.__NVIC_SetPriority  stm32f4xx_hal_cortex.o
    0x08003444   0x08003444   0x0000000e   Code   RO         2943    i.__scatterload_copy  mc_w.l(handlers.o)
    0x08003452   0x08003452   0x00000002   Code   RO         2944    i.__scatterload_null  mc_w.l(handlers.o)
    0x08003454   0x08003454   0x0000000e   Code   RO         2945    i.__scatterload_zeroinit  mc_w.l(handlers.o)
    0x08003462   0x08003462   0x00000002   PAD
    0x08003464   0x08003464   0x00000184   Code   RO         2875    i._fp_digits        mc_w.l(printfa.o)
    0x080035e8   0x080035e8   0x000006b4   Code   RO         2876    i._printf_core      mc_w.l(printfa.o)
    0x08003c9c   0x08003c9c   0x00000024   Code   RO         2877    i._printf_post_padding  mc_w.l(printfa.o)
    0x08003cc0   0x08003cc0   0x0000002e   Code   RO         2878    i._printf_pre_padding  mc_w.l(printfa.o)
    0x08003cee   0x08003cee   0x0000000a   Code   RO         2880    i._sputc            mc_w.l(printfa.o)
    0x08003cf8   0x08003cf8   0x00000060   Code   RO           15    i.createModel       finger.o
    0x08003d58   0x08003d58   0x00000060   Code   RO           16    i.deleteModel       finger.o
    0x08003db8   0x08003db8   0x00000060   Code   RO           19    i.getImage          finger.o
    0x08003e18   0x08003e18   0x00000058   Code   RO          313    i.hi2cx_define      lcd_20x4.o
    0x08003e70   0x08003e70   0x00000064   Code   RO           20    i.image2Tz          finger.o
    0x08003ed4   0x08003ed4   0x000000f8   Code   RO          395    i.main              main.o
    0x08003fcc   0x08003fcc   0x000002dc   Code   RO          252    i.read_keypad       lib_keypad.o
    0x080042a8   0x080042a8   0x000000d0   Code   RO          253    i.readnumber        lib_keypad.o
    0x08004378   0x08004378   0x0000003c   Code   RO           22    i.receive_finger    finger.o
    0x080043b4   0x080043b4   0x00000044   Code   RO           24    i.receive_finger_search  finger.o
    0x080043f8   0x080043f8   0x0000000c   Code   RO           25    i.returnFingerID    finger.o
    0x08004404   0x08004404   0x0000006c   Code   RO           26    i.search            finger.o
    0x08004470   0x08004470   0x00000068   Code   RO           28    i.storeModel        finger.o
    0x080044d8   0x080044d8   0x00000050   Data   RO          315    .constdata          lcd_20x4.o
    0x08004528   0x08004528   0x00000010   Data   RO         2821    .constdata          system_stm32f4xx.o
    0x08004538   0x08004538   0x00000008   Data   RO         2822    .constdata          system_stm32f4xx.o
    0x08004540   0x08004540   0x00000020   Data   RO         2941    Region$$Table       anon$$obj.o


    Execution Region RW_IRAM2 (Exec base: 0x10000000, Load base: 0x08004598, Size: 0x00000000, Max: 0x00010000, ABSOLUTE)

    **** No section assigned to this execution region ****


    Execution Region RW_IRAM1 (Exec base: 0x20000000, Load base: 0x08004560, Size: 0x00000798, Max: 0x00020000, ABSOLUTE)

    Exec Addr    Load Addr    Size         Type   Attr      Idx    E Section Name        Object

    0x20000000   0x08004560   0x00000004   Data   RW           31    .data               finger.o
    0x20000004   0x08004564   0x0000000b   Data   RW          254    .data               lib_keypad.o
    0x2000000f   0x0800456f   0x00000014   Data   RW          316    .data               lcd_20x4.o
    0x20000023   0x08004583   0x00000002   Data   RW          399    .data               main.o
    0x20000025   0x08004585   0x00000001   Data   RW          400    .data               main.o
    0x20000026   0x08004586   0x00000001   Data   RW          401    .data               main.o
    0x20000027   0x08004587   0x00000001   Data   RW          402    .data               main.o
    0x20000028   0x08004588   0x0000000c   Data   RW         1781    .data               stm32f4xx_hal.o
    0x20000034   0x08004594   0x00000004   Data   RW         2823    .data               system_stm32f4xx.o
    0x20000038        -       0x00000040   Zero   RW           30    .bss                finger.o
    0x20000078        -       0x000001e4   Zero   RW          314    .bss                lcd_20x4.o
    0x2000025c        -       0x0000013c   Zero   RW          396    .bss                main.o
    0x20000398        -       0x00000400   Zero   RW            1    STACK               startup_stm32f407xx.o


==============================================================================

Image component sizes


      Code (inc. data)   RO Data    RW Data    ZI Data      Debug   Object Name

      1908        330          0          4         64     694941   finger.o
       720         62         80         20        484       7092   lcd_20x4.o
      3264        582          0         11          0       6177   lib_keypad.o
       736        108          0          5        316       4347   main.o
        36          8        392          0       1024        864   startup_stm32f407xx.o
       180         28          0         12          0      10097   stm32f4xx_hal.o
      1034         28          0          0          0       6206   stm32f4xx_hal_adc.o
         2          0          0          0          0       1221   stm32f4xx_hal_adc_ex.o
       198         14          0          0          0      34731   stm32f4xx_hal_cortex.o
        36          0          0          0          0       1447   stm32f4xx_hal_dma.o
       460         46          0          0          0       3459   stm32f4xx_hal_gpio.o
      1664         42          0          0          0      11545   stm32f4xx_hal_i2c.o
       464         48          0          0          0       3321   stm32f4xx_hal_msp.o
      1328         72          0          0          0       5808   stm32f4xx_hal_rcc.o
      1334         16          0          0          0      10975   stm32f4xx_hal_uart.o
        56         18          0          0          0       5899   stm32f4xx_it.o
        28          6         24          4          0       1307   system_stm32f4xx.o

    ----------------------------------------------------------------------
     13472       1408        528         56       1888     809437   Object Totals
         0          0         32          0          0          0   (incl. Generated)
        24          0          0          0          0          0   (incl. Padding)

    ----------------------------------------------------------------------

      Code (inc. data)   RO Data    RW Data    ZI Data      Debug   Library Member Name

         0          0          0          0          0          0   entry.o
         0          0          0          0          0          0   entry10a.o
         0          0          0          0          0          0   entry11a.o
         4          0          0          0          0          0   entry12b.o
         8          4          0          0          0          0   entry2.o
         4          0          0          0          0          0   entry5.o
         0          0          0          0          0          0   entry7b.o
         0          0          0          0          0          0   entry8b.o
         8          4          0          0          0          0   entry9a.o
        30          0          0          0          0          0   handlers.o
        36          8          0          0          0         68   init.o
         0          0          0          0          0          0   iusefp.o
        30          0          0          0          0         68   llshl.o
        36          0          0          0          0         68   llsshr.o
        32          0          0          0          0         68   llushr.o
        36          0          0          0          0         68   memcpya.o
        36          0          0          0          0        108   memseta.o
      2236         86          0          0          0        532   printfa.o
        14          0          0          0          0         68   strlen.o
        44          0          0          0          0         80   uidiv.o
        98          0          0          0          0         92   uldiv.o
        48          0          0          0          0         68   cdrcmple.o
       334          0          0          0          0        148   dadd.o
       222          0          0          0          0        100   ddiv.o
       186          0          0          0          0        176   depilogue.o
        48          0          0          0          0         68   dfixul.o
       228          0          0          0          0         96   dmul.o
        38          0          0          0          0         68   f2d.o

    ----------------------------------------------------------------------
      3760        102          0          0          0       1944   Library Totals
         4          0          0          0          0          0   (incl. Padding)

    ----------------------------------------------------------------------

      Code (inc. data)   RO Data    RW Data    ZI Data      Debug   Library Name

      2652        102          0          0          0       1220   mc_w.l
      1104          0          0          0          0        724   mf_w.l

    ----------------------------------------------------------------------
      3760        102          0          0          0       1944   Library Totals

    ----------------------------------------------------------------------

==============================================================================


      Code (inc. data)   RO Data    RW Data    ZI Data      Debug   

     17232       1510        528         56       1888     801797   Grand Totals
     17232       1510        528         56       1888     801797   ELF Image Totals
     17232       1510        528         56          0          0   ROM Totals

==============================================================================

    Total RO  Size (Code + RO Data)                17760 (  17.34kB)
    Total RW  Size (RW Data + ZI Data)              1944 (   1.90kB)
    Total ROM Size (Code + RO Data + RW Data)      17816 (  17.40kB)

==============================================================================

