<html>
<body>
<pre>
<h1>µVision Build Log</h1>
<h2>Tool Versions:</h2>
IDE-Version: µVision V5.17.0.0
Copyright (C) 2015 ARM Ltd and ARM Germany GmbH. All rights reserved.
License Information: Hieu Huynh, HieuHuynh, LIC=QF8NN-YZV0Q-LCGJF-6Y06C-TH5EM-5T89R
 
Tool Versions:
Toolchain:       MDK-ARM Standard  Version: 5.17
Toolchain Path:  C:\Keil_v5\ARM\ARMCC\Bin
C Compiler:      Armcc.exe V5.06 update 1 (build 61)
Assembler:       Armasm.exe V5.06 update 1 (build 61)
Linker/Locator:  ArmLink.exe V5.06 update 1 (build 61)
Library Manager: ArmAr.exe V5.06 update 1 (build 61)
Hex Converter:   FromElf.exe V5.06 update 1 (build 61)
CPU DLL:         SARMCM3.DLL V5.17
Dialog DLL:      DCM.DLL V1.13.4.0
Target DLL:      STLink\ST-LINKIII-KEIL_SWO.dll V2.0.18.0
Dialog DLL:      TCM.DLL V1.14.6.0
 
<h2>Project:</h2>
C:\Users\hieu2\OneDrive\Desktop\TEST\LVTN_SMART_HOME_STM32F4\Software\SMART_HOME\MDK-ARM\SMART_HOME.uvprojx
Project File Date:  05/04/2021

<h2>Output:</h2>
*** Using Compiler 'V5.06 update 1 (build 61)', folder: 'C:\Keil_v5\ARM\ARMCC\Bin'
Build target 'SMART_HOME'
compiling main.c...
../Src/main.c(104): warning:  #188-D: enumerated type mixed with another type
  			HAL_GPIO_WritePin(
PIOC, 
PIO_PIN_2, state);					
../Src/main.c(108): warning:  #188-D: enumerated type mixed with another type
  			HAL_GPIO_WritePin(
PIOC, 
PIO_PIN_0, state);		
../Src/main.c(115): warning:  #188-D: enumerated type mixed with another type
  			HAL_GPIO_WritePin(
PIOA, 
PIO_PIN_6, state);					
../Src/main.c(119): warning:  #188-D: enumerated type mixed with another type
  			HAL_GPIO_WritePin(
PIOA, 
PIO_PIN_4, state);		
../Src/main.c(123): warning:  #188-D: enumerated type mixed with another type
  			HAL_GPIO_WritePin(
PIOA, 
PIO_PIN_2, state);					
../Src/main.c(127): warning:  #188-D: enumerated type mixed with another type
  			HAL_GPIO_WritePin(
PIOA, 
PIO_PIN_0, state);		
../Src/main.c(167): warning:  #940-D: missing return statement at end of non-void function "check_wifi"
  }
../Src/main.c(256): warning:  #177-D: variable "temp" was declared but never referenced
  	char temp[2];
../Src/main.c: 8 warnings, 0 errors
linking...
Program Size: Code=10996 RO-data=528 RW-data=40 ZI-data=2144  
FromELF: creating hex file...
"SMART_HOME\SMART_HOME.axf" - 0 Error(s), 8 Warning(s).

<h2>Software Packages used:</h2>

Package Vendor: ARM
                http://www.keil.com/pack/ARM.CMSIS.5.7.0.pack
                ARM::CMSIS:CORE:5.4.0
                CMSIS (Cortex Microcontroller Software Interface Standard)
   * Component: CORE Version: 5.4.0

<h2>Collection of Component include folders:</h2>
  C:\Users\hieu2\OneDrive\Desktop\TEST\LVTN_SMART_HOME_STM32F4\Software\SMART_HOME\MDK-ARM\RTE
  C:\Users\hieu2\AppData\Local\Arm\Packs\ARM\CMSIS\5.7.0\CMSIS\Core\Include
  C:\Users\hieu2\AppData\Local\Arm\Packs\Keil\STM32F4xx_DFP\2.15.0\Drivers\CMSIS\Device\ST\STM32F4xx\Include

<h2>Collection of Component Files used:</h2>

   * Component: ARM::CMSIS:CORE:5.4.0
      Include file:  CMSIS\Core\Include\tz_context.h
      Source file:   CMSIS\Core\Template\ARMv8-M\main_s.c
      Source file:   CMSIS\Core\Template\ARMv8-M\tz_context.c
Build Time Elapsed:  00:00:05
</pre>
</body>
</html>
