<html>
<body>
<pre>
<h1>µVision Build Log</h1>
<h2>Tool Versions:</h2>
IDE-Version: µVision V5.17.0.0
Copyright (C) 2015 ARM Ltd and ARM Germany GmbH. All rights reserved.
License Information: Hieu Huynh, HieuHuynh, LIC=QF8NN-YZV0Q-LCGJF-6Y06C-TH5EM-5T89R
 
Tool Versions:
Toolchain:       MDK-ARM Standard  Version: 5.17
Toolchain Path:  C:\Keil_v5\ARM\ARMCC\Bin
C Compiler:      Armcc.exe V5.06 update 1 (build 61)
Assembler:       Armasm.exe V5.06 update 1 (build 61)
Linker/Locator:  ArmLink.exe V5.06 update 1 (build 61)
Library Manager: ArmAr.exe V5.06 update 1 (build 61)
Hex Converter:   FromElf.exe V5.06 update 1 (build 61)
CPU DLL:         SARMCM3.DLL V5.17
Dialog DLL:      DCM.DLL V1.13.4.0
Target DLL:      STLink\ST-LINKIII-KEIL_SWO.dll V2.0.18.0
Dialog DLL:      TCM.DLL V1.14.6.0
 
<h2>Project:</h2>
C:\Users\hieu2\OneDrive\Desktop\TEST\LVTN_SMART_HOME_STM32F4\Software\LCD_20x04\MDK-ARM\LCD_20x04.uvprojx
Project File Date:  04/10/2021

<h2>Output:</h2>
*** Using Compiler 'V5.06 update 1 (build 61)', folder: 'C:\Keil_v5\ARM\ARMCC\Bin'
Build target 'LCD_20x04'
compiling stm32f4xx_hal_msp.c...
compiling stm32f4xx_it.c...
compiling main.c...
compiling stm32f4xx_hal_i2c_ex.c...
compiling lcd_i2cModule.c...
..\lcd_lib\lcd_userConf.h(42): warning:  #1-D: last line of file ends without a newline
  /*************************END OF FILE*****************************/
..\lcd_lib\lcd_i2cModule.c(226): warning:  #223-D: function "sprintf" declared implicitly
  	sprintf(data_ch, ch, value);
..\lcd_lib\lcd_i2cModule.c: 2 warnings, 0 errors
compiling stm32f4xx_hal_i2c.c...
compiling stm32f4xx_hal_tim.c...
compiling stm32f4xx_hal_tim_ex.c...
compiling stm32f4xx_hal_rcc.c...
compiling stm32f4xx_hal_rcc_ex.c...
compiling stm32f4xx_hal_flash.c...
compiling stm32f4xx_hal_flash_ex.c...
compiling stm32f4xx_hal_flash_ramfunc.c...
compiling stm32f4xx_hal_gpio.c...
compiling stm32f4xx_hal_dma_ex.c...
compiling stm32f4xx_hal_dma.c...
compiling stm32f4xx_hal_pwr.c...
compiling stm32f4xx_hal_pwr_ex.c...
compiling stm32f4xx_hal_cortex.c...
compiling stm32f4xx_hal.c...
compiling stm32f4xx_hal_exti.c...
compiling system_stm32f4xx.c...
linking...
Program Size: Code=5244 RO-data=528 RW-data=36 ZI-data=1596  
FromELF: creating hex file...
"LCD_20x04\LCD_20x04.axf" - 0 Error(s), 2 Warning(s).

<h2>Software Packages used:</h2>

Package Vendor: ARM
                http://www.keil.com/pack/ARM.CMSIS.5.7.0.pack
                ARM::CMSIS:CORE:5.4.0
                CMSIS (Cortex Microcontroller Software Interface Standard)
   * Component: CORE Version: 5.4.0

<h2>Collection of Component include folders:</h2>
  C:\Users\hieu2\OneDrive\Desktop\TEST\LVTN_SMART_HOME_STM32F4\Software\LCD_20x04\MDK-ARM\RTE
  C:\Users\hieu2\AppData\Local\Arm\Packs\ARM\CMSIS\5.7.0\CMSIS\Core\Include
  C:\Users\hieu2\AppData\Local\Arm\Packs\Keil\STM32F4xx_DFP\2.15.0\Drivers\CMSIS\Device\ST\STM32F4xx\Include

<h2>Collection of Component Files used:</h2>

   * Component: ARM::CMSIS:CORE:5.4.0
      Include file:  CMSIS\Core\Include\tz_context.h
      Source file:   CMSIS\Core\Template\ARMv8-M\tz_context.c
      Source file:   CMSIS\Core\Template\ARMv8-M\main_s.c
Build Time Elapsed:  00:01:20
</pre>
</body>
</html>
