Component: ARM Compiler 5.06 update 6 (build 750) Tool: armlink [4d35ed]

==============================================================================

Section Cross References

    startup_stm32f407xx.o(RESET) refers to startup_stm32f407xx.o(STACK) for __initial_sp
    startup_stm32f407xx.o(RESET) refers to startup_stm32f407xx.o(.text) for Reset_Handler
    startup_stm32f407xx.o(RESET) refers to stm32f4xx_it.o(i.NMI_Handler) for NMI_Handler
    startup_stm32f407xx.o(RESET) refers to stm32f4xx_it.o(i.HardFault_Handler) for HardFault_Handler
    startup_stm32f407xx.o(RESET) refers to stm32f4xx_it.o(i.MemManage_Handler) for MemManage_Handler
    startup_stm32f407xx.o(RESET) refers to stm32f4xx_it.o(i.BusFault_Handler) for BusFault_Handler
    startup_stm32f407xx.o(RESET) refers to stm32f4xx_it.o(i.UsageFault_Handler) for UsageFault_Handler
    startup_stm32f407xx.o(RESET) refers to port.o(.emb_text) for SVC_Handler
    startup_stm32f407xx.o(RESET) refers to stm32f4xx_it.o(i.DebugMon_Handler) for DebugMon_Handler
    startup_stm32f407xx.o(RESET) refers to port.o(i.SysTick_Handler) for SysTick_Handler
    startup_stm32f407xx.o(RESET) refers to stm32f4xx_it.o(i.TIM1_UP_TIM10_IRQHandler) for TIM1_UP_TIM10_IRQHandler
    startup_stm32f407xx.o(RESET) refers to stm32f4xx_it.o(i.USART1_IRQHandler) for USART1_IRQHandler
    startup_stm32f407xx.o(RESET) refers to stm32f4xx_it.o(i.USART3_IRQHandler) for USART3_IRQHandler
    startup_stm32f407xx.o(RESET) refers to stm32f4xx_it.o(i.EXTI15_10_IRQHandler) for EXTI15_10_IRQHandler
    startup_stm32f407xx.o(RESET) refers to stm32f4xx_it.o(i.TIM8_TRG_COM_TIM14_IRQHandler) for TIM8_TRG_COM_TIM14_IRQHandler
    startup_stm32f407xx.o(RESET) refers to stm32f4xx_it.o(i.USART6_IRQHandler) for USART6_IRQHandler
    startup_stm32f407xx.o(.text) refers to system_stm32f4xx.o(i.SystemInit) for SystemInit
    startup_stm32f407xx.o(.text) refers to entry.o(.ARM.Collect$$$$00000000) for __main
    dht11.o(i.DHT11_Init) refers to dht11.o(i.GPIO_DHT11_OUT) for GPIO_DHT11_OUT
    dht11.o(i.DHT11_Init) refers to stm32f4xx_hal_gpio.o(i.HAL_GPIO_WritePin) for HAL_GPIO_WritePin
    dht11.o(i.DHT11_Init) refers to stm32f4xx_hal.o(i.HAL_Delay) for HAL_Delay
    dht11.o(i.GPIO_DHT11_OUT) refers to stm32f4xx_hal_gpio.o(i.HAL_GPIO_Init) for HAL_GPIO_Init
    dht11.o(i.READ_DATA_8BIT) refers to stm32f4xx_hal_gpio.o(i.HAL_GPIO_ReadPin) for HAL_GPIO_ReadPin
    dht11.o(i.READ_DATA_8BIT) refers to dht11.o(i.delay_us) for delay_us
    dht11.o(i.Read_TempAndHumidity) refers to dht11.o(i.GPIO_DHT11_OUT) for GPIO_DHT11_OUT
    dht11.o(i.Read_TempAndHumidity) refers to stm32f4xx_hal_gpio.o(i.HAL_GPIO_WritePin) for HAL_GPIO_WritePin
    dht11.o(i.Read_TempAndHumidity) refers to stm32f4xx_hal.o(i.HAL_Delay) for HAL_Delay
    dht11.o(i.Read_TempAndHumidity) refers to dht11.o(i.delay_us) for delay_us
    dht11.o(i.Read_TempAndHumidity) refers to stm32f4xx_hal_gpio.o(i.HAL_GPIO_Init) for HAL_GPIO_Init
    dht11.o(i.Read_TempAndHumidity) refers to stm32f4xx_hal_gpio.o(i.HAL_GPIO_ReadPin) for HAL_GPIO_ReadPin
    dht11.o(i.Read_TempAndHumidity) refers to dht11.o(i.READ_DATA_8BIT) for READ_DATA_8BIT
    dht11.o(i.read_DHT11) refers to dht11.o(i.Read_TempAndHumidity) for Read_TempAndHumidity
    dht11.o(i.read_DHT11) refers to dht11.o(.data) for .data
    finger.o(i.FingerPrintFast) refers to finger.o(i.getImage) for getImage
    finger.o(i.FingerPrintFast) refers to stm32f4xx_hal.o(i.HAL_Delay) for HAL_Delay
    finger.o(i.FingerPrintFast) refers to finger.o(i.image2Tz) for image2Tz
    finger.o(i.FingerPrintFast) refers to finger.o(i.search) for search
    finger.o(i.createModel) refers to memseta.o(.text) for __aeabi_memclr
    finger.o(i.createModel) refers to stm32f4xx_hal_uart.o(i.HAL_UART_Transmit) for HAL_UART_Transmit
    finger.o(i.createModel) refers to stm32f4xx_hal.o(i.HAL_Delay) for HAL_Delay
    finger.o(i.createModel) refers to finger.o(i.receive_finger) for receive_finger
    finger.o(i.createModel) refers to finger.o(.bss) for .bss
    finger.o(i.createModel) refers to main.o(.bss) for huart3
    finger.o(i.createModel) refers to main.o(.data) for rxIndex
    finger.o(i.deleteModel) refers to stm32f4xx_hal_uart.o(i.HAL_UART_Transmit) for HAL_UART_Transmit
    finger.o(i.deleteModel) refers to stm32f4xx_hal.o(i.HAL_Delay) for HAL_Delay
    finger.o(i.deleteModel) refers to finger.o(i.receive_finger) for receive_finger
    finger.o(i.deleteModel) refers to finger.o(.bss) for .bss
    finger.o(i.deleteModel) refers to main.o(.bss) for huart3
    finger.o(i.deleteModel) refers to main.o(.data) for rxIndex
    finger.o(i.empty) refers to memseta.o(.text) for __aeabi_memclr
    finger.o(i.empty) refers to stm32f4xx_hal_uart.o(i.HAL_UART_Transmit) for HAL_UART_Transmit
    finger.o(i.empty) refers to stm32f4xx_hal.o(i.HAL_Delay) for HAL_Delay
    finger.o(i.empty) refers to finger.o(i.receive_finger) for receive_finger
    finger.o(i.empty) refers to finger.o(.bss) for .bss
[...]
    UART_EndTransmit_IT                      0x08003709   Thumb Code    26  stm32f4xx_hal_uart.o(i.UART_EndTransmit_IT)
    i.UART_Receive_IT                        0x08003722   Section        0  stm32f4xx_hal_uart.o(i.UART_Receive_IT)
    UART_Receive_IT                          0x08003723   Thumb Code   156  stm32f4xx_hal_uart.o(i.UART_Receive_IT)
    i.UART_SetConfig                         0x080037c0   Section        0  stm32f4xx_hal_uart.o(i.UART_SetConfig)
    UART_SetConfig                           0x080037c1   Thumb Code   400  stm32f4xx_hal_uart.o(i.UART_SetConfig)
    i.UART_Transmit_IT                       0x0800395c   Section        0  stm32f4xx_hal_uart.o(i.UART_Transmit_IT)
    UART_Transmit_IT                         0x0800395d   Thumb Code   102  stm32f4xx_hal_uart.o(i.UART_Transmit_IT)
    i.UART_WaitOnFlagUntilTimeout            0x080039c2   Section        0  stm32f4xx_hal_uart.o(i.UART_WaitOnFlagUntilTimeout)
    UART_WaitOnFlagUntilTimeout              0x080039c3   Thumb Code   120  stm32f4xx_hal_uart.o(i.UART_WaitOnFlagUntilTimeout)
    i.USART1_IRQHandler                      0x08003a3c   Section        0  stm32f4xx_it.o(i.USART1_IRQHandler)
    i.USART3_IRQHandler                      0x08003a48   Section        0  stm32f4xx_it.o(i.USART3_IRQHandler)
    i.USART6_IRQHandler                      0x08003a54   Section        0  stm32f4xx_it.o(i.USART6_IRQHandler)
    i.UsageFault_Handler                     0x08003a60   Section        0  stm32f4xx_it.o(i.UsageFault_Handler)
    i.__0sprintf                             0x08003a64   Section        0  printfa.o(i.__0sprintf)
    i.__scatterload_copy                     0x08003a8c   Section       14  handlers.o(i.__scatterload_copy)
    i.__scatterload_null                     0x08003a9a   Section        2  handlers.o(i.__scatterload_null)
    i.__scatterload_zeroinit                 0x08003a9c   Section       14  handlers.o(i.__scatterload_zeroinit)
    i._fp_digits                             0x08003aac   Section        0  printfa.o(i._fp_digits)
    _fp_digits                               0x08003aad   Thumb Code   366  printfa.o(i._fp_digits)
    i._printf_core                           0x08003c30   Section        0  printfa.o(i._printf_core)
    _printf_core                             0x08003c31   Thumb Code  1744  printfa.o(i._printf_core)
    i._printf_post_padding                   0x0800430c   Section        0  printfa.o(i._printf_post_padding)
    _printf_post_padding                     0x0800430d   Thumb Code    36  printfa.o(i._printf_post_padding)
    i._printf_pre_padding                    0x08004330   Section        0  printfa.o(i._printf_pre_padding)
    _printf_pre_padding                      0x08004331   Thumb Code    46  printfa.o(i._printf_pre_padding)
    i._sputc                                 0x0800435e   Section        0  printfa.o(i._sputc)
    _sputc                                   0x0800435f   Thumb Code    10  printfa.o(i._sputc)
    i.change_password                        0x08004368   Section        0  password.o(i.change_password)
    i.check_password                         0x080044b8   Section        0  password.o(i.check_password)
    i.control_Relay                          0x08004578   Section        0  control_device.o(i.control_Relay)
    i.getImage                               0x08004588   Section        0  finger.o(i.getImage)
    i.hi2cx_define                           0x080045e8   Section        0  lcd_20x4.o(i.hi2cx_define)
    hi2cx_define                             0x080045e9   Thumb Code    80  lcd_20x4.o(i.hi2cx_define)
    i.hi2cy_define                           0x08004640   Section        0  lcd_16x2.o(i.hi2cy_define)
    hi2cy_define                             0x08004641   Thumb Code    80  lcd_16x2.o(i.hi2cy_define)
    i.image2Tz                               0x08004698   Section        0  finger.o(i.image2Tz)
    i.main                                   0x080046fc   Section        0  main.o(i.main)
    i.makeFreeRtosPriority                   0x080048e4   Section        0  cmsis_os.o(i.makeFreeRtosPriority)
    makeFreeRtosPriority                     0x080048e5   Thumb Code    12  cmsis_os.o(i.makeFreeRtosPriority)
    i.music_Init                             0x080048f0   Section        0  music.o(i.music_Init)
    i.osDelay                                0x080048fc   Section        0  cmsis_os.o(i.osDelay)
    i.osKernelStart                          0x0800490c   Section        0  cmsis_os.o(i.osKernelStart)
    i.osSemaphoreCreate                      0x08004916   Section        0  cmsis_os.o(i.osSemaphoreCreate)
    i.osThreadCreate                         0x0800495c   Section        0  cmsis_os.o(i.osThreadCreate)
    i.prvAddCurrentTaskToDelayedList         0x080049b8   Section        0  tasks.o(i.prvAddCurrentTaskToDelayedList)
    prvAddCurrentTaskToDelayedList           0x080049b9   Thumb Code   110  tasks.o(i.prvAddCurrentTaskToDelayedList)
    i.prvAddNewTaskToReadyList               0x08004a30   Section        0  tasks.o(i.prvAddNewTaskToReadyList)
    prvAddNewTaskToReadyList                 0x08004a31   Thumb Code   124  tasks.o(i.prvAddNewTaskToReadyList)
    i.prvCheckTasksWaitingTermination        0x08004ab8   Section        0  tasks.o(i.prvCheckTasksWaitingTermination)
    prvCheckTasksWaitingTermination          0x08004ab9   Thumb Code    56  tasks.o(i.prvCheckTasksWaitingTermination)
    i.prvCopyDataToQueue                     0x08004af8   Section        0  queue.o(i.prvCopyDataToQueue)
    prvCopyDataToQueue                       0x08004af9   Thumb Code   110  queue.o(i.prvCopyDataToQueue)
    i.prvDeleteTCB                           0x08004b66   Section        0  tasks.o(i.prvDeleteTCB)
    prvDeleteTCB                             0x08004b67   Thumb Code    64  tasks.o(i.prvDeleteTCB)
    i.prvHeapInit                            0x08004ba8   Section        0  heap_4.o(i.prvHeapInit)
    prvHeapInit                              0x08004ba9   Thumb Code    70  heap_4.o(i.prvHeapInit)
    i.prvIdleTask                            0x08004bf8   Section        0  tasks.o(i.prvIdleTask)
    prvIdleTask                              0x08004bf9   Thumb Code    30  tasks.o(i.prvIdleTask)
    i.prvInitialiseNewQueue                  0x08004c20   Section        0  queue.o(i.prvInitialiseNewQueue)
    prvInitialiseNewQueue                    0x08004c21   Thumb Code    24  queue.o(i.prvInitialiseNewQueue)
    i.prvInitialiseNewTask                   0x08004c38   Section        0  tasks.o(i.prvInitialiseNewTask)
    prvInitialiseNewTask                     0x08004c39   Thumb Code   116  tasks.o(i.prvInitialiseNewTask)
    i.prvInitialiseTaskLists                 0x08004cac   Section        0  tasks.o(i.prvInitialiseTaskLists)
    prvInitialiseTaskLists                   0x08004cad   Thumb Code    66  tasks.o(i.prvInitialiseTaskLists)
    i.prvInsertBlockIntoFreeList             0x08004d0c   Section        0  heap_4.o(i.prvInsertBlockIntoFreeList)
    prvInsertBlockIntoFreeList               0x08004d0d   Thumb Code    84  heap_4.o(i.prvInsertBlockIntoFreeList)
    i.prvIsQueueFull                         0x08004d68   Section        0  queue.o(i.prvIsQueueFull)
    prvIsQueueFull                           0x08004d69   Thumb Code    30  queue.o(i.prvIsQueueFull)
    i.prvResetNextTaskUnblockTime            0x08004d88   Section        0  tasks.o(i.prvResetNextTaskUnblockTime)
    prvResetNextTaskUnblockTime              0x08004d89   Thumb Code    30  tasks.o(i.prvResetNextTaskUnblockTime)
    i.prvTaskExitError                       0x08004dac   Section        0  port.o(i.prvTaskExitError)
    prvTaskExitError                         0x08004dad   Thumb Code    42  port.o(i.prvTaskExitError)
    i.prvUnlockQueue                         0x08004ddc   Section        0  queue.o(i.prvUnlockQueue)
    prvUnlockQueue                           0x08004ddd   Thumb Code   104  queue.o(i.prvUnlockQueue)
    i.pvPortMalloc                           0x08004e44   Section        0  heap_4.o(i.pvPortMalloc)
    i.pxPortInitialiseStack                  0x08004f28   Section        0  port.o(i.pxPortInitialiseStack)
    i.read_keypad                            0x08004f54   Section        0  lib_keypad.o(i.read_keypad)
    i.receive_finger                         0x08005210   Section        0  finger.o(i.receive_finger)
    i.receive_finger_search                  0x0800524c   Section        0  finger.o(i.receive_finger_search)
    i.returnFingerID                         0x08005290   Section        0  finger.o(i.returnFingerID)
    i.search                                 0x0800529c   Section        0  finger.o(i.search)
    i.servo_Init                             0x08005308   Section        0  servo.o(i.servo_Init)
    i.uxListRemove                           0x0800532c   Section        0  list.o(i.uxListRemove)
    i.vApplicationGetIdleTaskMemory          0x08005354   Section        0  freertos.o(i.vApplicationGetIdleTaskMemory)
    i.vListInitialise                        0x08005368   Section        0  list.o(i.vListInitialise)
    i.vListInitialiseItem                    0x0800537e   Section        0  list.o(i.vListInitialiseItem)
    i.vListInsert                            0x08005384   Section        0  list.o(i.vListInsert)
    i.vListInsertEnd                         0x080053ba   Section        0  list.o(i.vListInsertEnd)
    i.vPortEnterCritical                     0x080053d4   Section        0  port.o(i.vPortEnterCritical)
    i.vPortExitCritical                      0x08005414   Section        0  port.o(i.vPortExitCritical)
    i.vPortFree                              0x08005440   Section        0  heap_4.o(i.vPortFree)
    i.vPortSetupTimerInterrupt               0x0800549c   Section        0  port.o(i.vPortSetupTimerInterrupt)
    i.vTaskDelay                             0x080054c0   Section        0  tasks.o(i.vTaskDelay)
    i.vTaskInternalSetTimeOutState           0x08005510   Section        0  tasks.o(i.vTaskInternalSetTimeOutState)
    i.vTaskMissedYield                       0x08005520   Section        0  tasks.o(i.vTaskMissedYield)
    i.vTaskPlaceOnEventList                  0x0800552c   Section        0  tasks.o(i.vTaskPlaceOnEventList)
    i.vTaskStartScheduler                    0x08005560   Section        0  tasks.o(i.vTaskStartScheduler)
    i.vTaskSuspendAll                        0x080055e8   Section        0  tasks.o(i.vTaskSuspendAll)
    i.vTaskSwitchContext                     0x080055f8   Section        0  tasks.o(i.vTaskSwitchContext)
    i.verify_password                        0x08005658   Section        0  password.o(i.verify_password)
    i.xPortStartScheduler                    0x08005a18   Section        0  port.o(i.xPortStartScheduler)
    i.xQueueGenericCreate                    0x08005b1c   Section        0  queue.o(i.xQueueGenericCreate)
    i.xQueueGenericCreateStatic              0x08005b66   Section        0  queue.o(i.xQueueGenericCreateStatic)
    i.xQueueGenericReset                     0x08005bd8   Section        0  queue.o(i.xQueueGenericReset)
    i.xQueueGenericSend                      0x08005c68   Section        0  queue.o(i.xQueueGenericSend)
    i.xTaskCheckForTimeOut                   0x08005dd8   Section        0  tasks.o(i.xTaskCheckForTimeOut)
    i.xTaskCreate                            0x08005e58   Section        0  tasks.o(i.xTaskCreate)
    i.xTaskCreateStatic                      0x08005ec4   Section        0  tasks.o(i.xTaskCreateStatic)
    i.xTaskGetSchedulerState                 0x08005f24   Section        0  tasks.o(i.xTaskGetSchedulerState)
    i.xTaskIncrementTick                     0x08005f40   Section        0  tasks.o(i.xTaskIncrementTick)
    i.xTaskPriorityDisinherit                0x08006010   Section        0  tasks.o(i.xTaskPriorityDisinherit)
    i.xTaskRemoveFromEventList               0x080060ac   Section        0  tasks.o(i.xTaskRemoveFromEventList)
    i.xTaskResumeAll                         0x08006124   Section        0  tasks.o(i.xTaskResumeAll)
    .constdata                               0x080061f0   Section       32  lcd_16x2.o(.constdata)
    Cursor_Data                              0x080061f0   Data          32  lcd_16x2.o(.constdata)
    .constdata                               0x08006210   Section       80  lcd_20x4.o(.constdata)
    Cursor_Data                              0x08006210   Data          80  lcd_20x4.o(.constdata)
    .constdata                               0x08006260   Section      112  main.o(.constdata)
    .constdata                               0x080062d0   Section       16  system_stm32f4xx.o(.constdata)
    .constdata                               0x080062e0   Section        8  system_stm32f4xx.o(.constdata)
    .conststring                             0x080062e8   Section       31  main.o(.conststring)
    .data                                    0x20000000   Section        4  finger.o(.data)
    .data                                    0x20000004   Section       20  lcd_16x2.o(.data)
    Mask_Data                                0x20000005   Data           1  lcd_16x2.o(.data)
    line_pos                                 0x20000006   Data           1  lcd_16x2.o(.data)
    str_len                                  0x20000007   Data           1  lcd_16x2.o(.data)
    ch_len                                   0x20000008   Data           1  lcd_16x2.o(.data)
    data_M                                   0x20000009   Data           1  lcd_16x2.o(.data)
    data_L                                   0x2000000a   Data           1  lcd_16x2.o(.data)
    data_BL                                  0x2000000b   Data           1  lcd_16x2.o(.data)
    i                                        0x2000000c   Data           4  lcd_16x2.o(.data)
    c                                        0x20000010   Data           4  lcd_16x2.o(.data)
    data                                     0x20000014   Data           4  lcd_16x2.o(.data)
    .data                                    0x20000018   Section       20  lcd_20x4.o(.data)
    Mask_Data                                0x20000019   Data           1  lcd_20x4.o(.data)
    line_pos                                 0x2000001a   Data           1  lcd_20x4.o(.data)
    str_len                                  0x2000001b   Data           1  lcd_20x4.o(.data)
    ch_len                                   0x2000001c   Data           1  lcd_20x4.o(.data)
    data_M                                   0x2000001d   Data           1  lcd_20x4.o(.data)
    data_L                                   0x2000001e   Data           1  lcd_20x4.o(.data)
    data_BL                                  0x2000001f   Data           1  lcd_20x4.o(.data)
    i                                        0x20000020   Data           4  lcd_20x4.o(.data)
    c                                        0x20000024   Data           4  lcd_20x4.o(.data)
    data                                     0x20000028   Data           4  lcd_20x4.o(.data)
    .data                                    0x2000002c   Section       40  main.o(.data)
    .data                                    0x20000054   Section       28  password.o(.data)
    .data                                    0x20000070   Section        4  system_stm32f4xx.o(.data)
    .data                                    0x20000074   Section       12  stm32f4xx_hal.o(.data)
    .data                                    0x20000080   Section       60  tasks.o(.data)
    pxDelayedTaskList                        0x20000084   Data           4  tasks.o(.data)
    pxOverflowDelayedTaskList                0x20000088   Data           4  tasks.o(.data)
    uxDeletedTasksWaitingCleanUp             0x2000008c   Data           4  tasks.o(.data)
    uxCurrentNumberOfTasks                   0x20000090   Data           4  tasks.o(.data)
    xTickCount                               0x20000094   Data           4  tasks.o(.data)
    uxTopReadyPriority                       0x20000098   Data           4  tasks.o(.data)
    xSchedulerRunning                        0x2000009c   Data           4  tasks.o(.data)
    uxPendedTicks                            0x200000a0   Data           4  tasks.o(.data)
    xYieldPending                            0x200000a4   Data           4  tasks.o(.data)
    xNumOfOverflows                          0x200000a8   Data           4  tasks.o(.data)
    uxTaskNumber                             0x200000ac   Data           4  tasks.o(.data)
    xNextTaskUnblockTime                     0x200000b0   Data           4  tasks.o(.data)
    xIdleTaskHandle                          0x200000b4   Data           4  tasks.o(.data)
    uxSchedulerSuspended                     0x200000b8   Data           4  tasks.o(.data)
    .data                                    0x200000bc   Section       24  heap_4.o(.data)
    pxEnd                                    0x200000bc   Data           4  heap_4.o(.data)
    xFreeBytesRemaining                      0x200000c0   Data           4  heap_4.o(.data)
    xMinimumEverFreeBytesRemaining           0x200000c4   Data           4  heap_4.o(.data)
    xBlockAllocatedBit                       0x200000c8   Data           4  heap_4.o(.data)
    xStart                                   0x200000cc   Data           8  heap_4.o(.data)
    .data                                    0x200000d4   Section       12  port.o(.data)
    ucMaxSysCallPriority                     0x200000d4   Data           1  port.o(.data)
    uxCriticalNesting                        0x200000d8   Data           4  port.o(.data)
    ulMaxPRIGROUPValue                       0x200000dc   Data           4  port.o(.data)
    .bss                                     0x200000e0   Section       64  finger.o(.bss)
    .bss                                     0x20000120   Section      484  lcd_16x2.o(.bss)
    buffer                                   0x20000120   Data         400  lcd_16x2.o(.bss)
    .bss                                     0x20000304   Section      484  lcd_20x4.o(.bss)
    buffer                                   0x20000304   Data         400  lcd_20x4.o(.bss)
    .bss                                     0x200004e8   Section     1140  main.o(.bss)
    .bss                                     0x2000095c   Section      596  freertos.o(.bss)
    xIdleTaskTCBBuffer                       0x2000095c   Data          84  freertos.o(.bss)
    xIdleStack                               0x200009b0   Data         512  freertos.o(.bss)
    .bss                                     0x20000bb0   Section       64  stm32f4xx_hal_timebase_tim.o(.bss)
    .bss                                     0x20000bf0   Section      240  tasks.o(.bss)
    pxReadyTasksLists                        0x20000bf0   Data         140  tasks.o(.bss)
    xDelayedTaskList1                        0x20000c7c   Data          20  tasks.o(.bss)
    xDelayedTaskList2                        0x20000c90   Data          20  tasks.o(.bss)
    xPendingReadyList                        0x20000ca4   Data          20  tasks.o(.bss)
    xTasksWaitingTermination                 0x20000cb8   Data          20  tasks.o(.bss)
    xSuspendedTaskList                       0x20000ccc   Data          20  tasks.o(.bss)
    .bss                                     0x20000ce0   Section    15360  heap_4.o(.bss)
    ucHeap                                   0x20000ce0   Data       15360  heap_4.o(.bss)
    STACK                                    0x200048e0   Section     1024  startup_stm32f407xx.o(STACK)

    Global Symbols

    Symbol Name                              Value     Ov Type        Size  Object(Section)

    BuildAttributes$$THM_ISAv4$E$P$D$K$B$S$7EM$VFPi3$EXTD16$VFPS$VFMA$PE$A:L22UL41UL21$X:L11$S22US41US21$IEEE1$IW$USESV6$~STKCKD$USESV7$~SHL$OTIME$ROPI$IEEEX$EBA8$MICROLIB$REQ8$PRES8$EABIv2 0x00000000   Number         0  anon$$obj.o ABSOLUTE
    __ARM_use_no_argv                        0x00000000   Number         0  main.o ABSOLUTE
    _printf_a                                0x00000000   Number         0  stubs.o ABSOLUTE
    _printf_c                                0x00000000   Number         0  stubs.o ABSOLUTE
    _printf_charcount                        0x00000000   Number         0  stubs.o ABSOLUTE
    _printf_d                                0x00000000   Number         0  stubs.o ABSOLUTE
    _printf_e                                0x00000000   Number         0  stubs.o ABSOLUTE
    _printf_f                                0x00000000   Number         0  stubs.o ABSOLUTE
    _printf_flags                            0x00000000   Number         0  stubs.o ABSOLUTE
    _printf_fp_dec                           0x00000000   Number         0  stubs.o ABSOLUTE
    _printf_fp_hex                           0x00000000   Number         0  stubs.o ABSOLUTE
    _printf_g                                0x00000000   Number         0  stubs.o ABSOLUTE
    _printf_i                                0x00000000   Number         0  stubs.o ABSOLUTE
    _printf_int_dec                          0x00000000   Number         0  stubs.o ABSOLUTE
    _printf_l                                0x00000000   Number         0  stubs.o ABSOLUTE
    _printf_lc                               0x00000000   Number         0  stubs.o ABSOLUTE
    _printf_ll                               0x00000000   Number         0  stubs.o ABSOLUTE
    _printf_lld                              0x00000000   Number         0  stubs.o ABSOLUTE
    _printf_lli                              0x00000000   Number         0  stubs.o ABSOLUTE
    _printf_llo                              0x00000000   Number         0  stubs.o ABSOLUTE
    _printf_llu                              0x00000000   Number         0  stubs.o ABSOLUTE
    _printf_llx                              0x00000000   Number         0  stubs.o ABSOLUTE
    _printf_longlong_dec                     0x00000000   Number         0  stubs.o ABSOLUTE
    _printf_longlong_hex                     0x00000000   Number         0  stubs.o ABSOLUTE
    _printf_longlong_oct                     0x00000000   Number         0  stubs.o ABSOLUTE
    _printf_ls                               0x00000000   Number         0  stubs.o ABSOLUTE
    _printf_mbtowc                           0x00000000   Number         0  stubs.o ABSOLUTE
    _printf_n                                0x00000000   Number         0  stubs.o ABSOLUTE
    _printf_o                                0x00000000   Number         0  stubs.o ABSOLUTE
    _printf_p                                0x00000000   Number         0  stubs.o ABSOLUTE
    _printf_percent                          0x00000000   Number         0  stubs.o ABSOLUTE
    _printf_pre_padding                      0x00000000   Number         0  stubs.o ABSOLUTE
    _printf_return_value                     0x00000000   Number         0  stubs.o ABSOLUTE
    _printf_s                                0x00000000   Number         0  stubs.o ABSOLUTE
    _printf_sizespec                         0x00000000   Number         0  stubs.o ABSOLUTE
    _printf_str                              0x00000000   Number         0  stubs.o ABSOLUTE
    _printf_truncate_signed                  0x00000000   Number         0  stubs.o ABSOLUTE
    _printf_truncate_unsigned                0x00000000   Number         0  stubs.o ABSOLUTE
    _printf_u                                0x00000000   Number         0  stubs.o ABSOLUTE
    _printf_wc                               0x00000000   Number         0  stubs.o ABSOLUTE
    _printf_wctomb                           0x00000000   Number         0  stubs.o ABSOLUTE
    _printf_widthprec                        0x00000000   Number         0  stubs.o ABSOLUTE
    _printf_x                                0x00000000   Number         0  stubs.o ABSOLUTE
    __cpp_initialize__aeabi_                  - Undefined Weak Reference
    __cxa_finalize                            - Undefined Weak Reference
    __decompress                              - Undefined Weak Reference
    _clock_init                               - Undefined Weak Reference
    _microlib_exit                            - Undefined Weak Reference
    __Vectors_Size                           0x00000188   Number         0  startup_stm32f407xx.o ABSOLUTE
    __Vectors                                0x08000000   Data           4  startup_stm32f407xx.o(RESET)
    __Vectors_End                            0x08000188   Data           0  startup_stm32f407xx.o(RESET)
    __main                                   0x08000189   Thumb Code     0  entry.o(.ARM.Collect$$$$00000000)
    _main_stk                                0x08000189   Thumb Code     0  entry2.o(.ARM.Collect$$$$00000001)
    _main_scatterload                        0x0800018d   Thumb Code     0  entry5.o(.ARM.Collect$$$$00000004)
    __main_after_scatterload                 0x08000191   Thumb Code     0  entry5.o(.ARM.Collect$$$$00000004)
    _main_clock                              0x08000191   Thumb Code     0  entry7b.o(.ARM.Collect$$$$00000008)
    _main_cpp_init                           0x08000191   Thumb Code     0  entry8b.o(.ARM.Collect$$$$0000000A)
    _main_init                               0x08000191   Thumb Code     0  entry9a.o(.ARM.Collect$$$$0000000B)
    __rt_final_cpp                           0x08000199   Thumb Code     0  entry10a.o(.ARM.Collect$$$$0000000D)
    __rt_final_exit                          0x08000199   Thumb Code     0  entry11a.o(.ARM.Collect$$$$0000000F)
    SVC_Handler                              0x0800019d   Thumb Code    28  port.o(.emb_text)
    __asm___6_port_c_39a90d8d__prvStartFirstTask 0x080001bd   Thumb Code    36  port.o(.emb_text)
    __asm___6_port_c_39a90d8d__prvEnableVFP  0x080001e5   Thumb Code    16  port.o(.emb_text)
    PendSV_Handler                           0x080001f9   Thumb Code    88  port.o(.emb_text)
    vPortGetIPSR                             0x08000255   Thumb Code     6  port.o(.emb_text)
    Reset_Handler                            0x0800025d   Thumb Code     8  startup_stm32f407xx.o(.text)
    ADC_IRQHandler                           0x08000277   Thumb Code     0  startup_stm32f407xx.o(.text)
    CAN1_RX0_IRQHandler                      0x08000277   Thumb Code     0  startup_stm32f407xx.o(.text)
    CAN1_RX1_IRQHandler                      0x08000277   Thumb Code     0  startup_stm32f407xx.o(.text)
    CAN1_SCE_IRQHandler                      0x08000277   Thumb Code     0  startup_stm32f407xx.o(.text)
    CAN1_TX_IRQHandler                       0x08000277   Thumb Code     0  startup_stm32f407xx.o(.text)
    CAN2_RX0_IRQHandler                      0x08000277   Thumb Code     0  startup_stm32f407xx.o(.text)
    CAN2_RX1_IRQHandler                      0x08000277   Thumb Code     0  startup_stm32f407xx.o(.text)
    CAN2_SCE_IRQHandler                      0x08000277   Thumb Code     0  startup_stm32f407xx.o(.text)
    CAN2_TX_IRQHandler                       0x08000277   Thumb Code     0  startup_stm32f407xx.o(.text)
    DCMI_IRQHandler                          0x08000277   Thumb Code     0  startup_stm32f407xx.o(.text)
    DMA1_Stream0_IRQHandler                  0x08000277   Thumb Code     0  startup_stm32f407xx.o(.text)
    DMA1_Stream1_IRQHandler                  0x08000277   Thumb Code     0  startup_stm32f407xx.o(.text)
    DMA1_Stream2_IRQHandler                  0x08000277   Thumb Code     0  startup_stm32f407xx.o(.text)
    DMA1_Stream3_IRQHandler                  0x08000277   Thumb Code     0  startup_stm32f407xx.o(.text)
    DMA1_Stream4_IRQHandler                  0x08000277   Thumb Code     0  startup_stm32f407xx.o(.text)
    DMA1_Stream5_IRQHandler                  0x08000277   Thumb Code     0  startup_stm32f407xx.o(.text)
    DMA1_Stream6_IRQHandler                  0x08000277   Thumb Code     0  startup_stm32f407xx.o(.text)
    DMA1_Stream7_IRQHandler                  0x08000277   Thumb Code     0  startup_stm32f407xx.o(.text)
    DMA2_Stream0_IRQHandler                  0x08000277   Thumb Code     0  startup_stm32f407xx.o(.text)
    DMA2_Stream1_IRQHandler                  0x08000277   Thumb Code     0  startup_stm32f407xx.o(.text)
    DMA2_Stream2_IRQHandler                  0x08000277   Thumb Code     0  startup_stm32f407xx.o(.text)
    DMA2_Stream3_IRQHandler                  0x08000277   Thumb Code     0  startup_stm32f407xx.o(.text)
    DMA2_Stream4_IRQHandler                  0x08000277   Thumb Code     0  startup_stm32f407xx.o(.text)
    DMA2_Stream5_IRQHandler                  0x08000277   Thumb Code     0  startup_stm32f407xx.o(.text)
    DMA2_Stream6_IRQHandler                  0x08000277   Thumb Code     0  startup_stm32f407xx.o(.text)
    DMA2_Stream7_IRQHandler                  0x08000277   Thumb Code     0  startup_stm32f407xx.o(.text)
    ETH_IRQHandler                           0x08000277   Thumb Code     0  startup_stm32f407xx.o(.text)
    ETH_WKUP_IRQHandler                      0x08000277   Thumb Code     0  startup_stm32f407xx.o(.text)
    EXTI0_IRQHandler                         0x08000277   Thumb Code     0  startup_stm32f407xx.o(.text)
    EXTI1_IRQHandler                         0x08000277   Thumb Code     0  startup_stm32f407xx.o(.text)
    EXTI2_IRQHandler                         0x08000277   Thumb Code     0  startup_stm32f407xx.o(.text)
    EXTI3_IRQHandler                         0x08000277   Thumb Code     0  startup_stm32f407xx.o(.text)
    EXTI4_IRQHandler                         0x08000277   Thumb Code     0  startup_stm32f407xx.o(.text)
    EXTI9_5_IRQHandler                       0x08000277   Thumb Code     0  startup_stm32f407xx.o(.text)
    FLASH_IRQHandler                         0x08000277   Thumb Code     0  startup_stm32f407xx.o(.text)
    FMC_IRQHandler                           0x08000277   Thumb Code     0  startup_stm32f407xx.o(.text)
    FPU_IRQHandler                           0x08000277   Thumb Code     0  startup_stm32f407xx.o(.text)
    HASH_RNG_IRQHandler                      0x08000277   Thumb Code     0  startup_stm32f407xx.o(.text)
    I2C1_ER_IRQHandler                       0x08000277   Thumb Code     0  startup_stm32f407xx.o(.text)
    I2C1_EV_IRQHandler                       0x08000277   Thumb Code     0  startup_stm32f407xx.o(.text)
    I2C2_ER_IRQHandler                       0x08000277   Thumb Code     0  startup_stm32f407xx.o(.text)
    I2C2_EV_IRQHandler                       0x08000277   Thumb Code     0  startup_stm32f407xx.o(.text)
    I2C3_ER_IRQHandler                       0x08000277   Thumb Code     0  startup_stm32f407xx.o(.text)
    I2C3_EV_IRQHandler                       0x08000277   Thumb Code     0  startup_stm32f407xx.o(.text)
    OTG_FS_IRQHandler                        0x08000277   Thumb Code     0  startup_stm32f407xx.o(.text)
    OTG_FS_WKUP_IRQHandler                   0x08000277   Thumb Code     0  startup_stm32f407xx.o(.text)
    OTG_HS_EP1_IN_IRQHandler                 0x08000277   Thumb Code     0  startup_stm32f407xx.o(.text)
    OTG_HS_EP1_OUT_IRQHandler                0x08000277   Thumb Code     0  startup_stm32f407xx.o(.text)
    OTG_HS_IRQHandler                        0x08000277   Thumb Code     0  startup_stm32f407xx.o(.text)
    OTG_HS_WKUP_IRQHandler                   0x08000277   Thumb Code     0  startup_stm32f407xx.o(.text)
    PVD_IRQHandler                           0x08000277   Thumb Code     0  startup_stm32f407xx.o(.text)
    RCC_IRQHandler                           0x08000277   Thumb Code     0  startup_stm32f407xx.o(.text)
    RTC_Alarm_IRQHandler                     0x08000277   Thumb Code     0  startup_stm32f407xx.o(.text)
    RTC_WKUP_IRQHandler                      0x08000277   Thumb Code     0  startup_stm32f407xx.o(.text)
    SDIO_IRQHandler                          0x08000277   Thumb Code     0  startup_stm32f407xx.o(.text)
    SPI1_IRQHandler                          0x08000277   Thumb Code     0  startup_stm32f407xx.o(.text)
    SPI2_IRQHandler                          0x08000277   Thumb Code     0  startup_stm32f407xx.o(.text)
    SPI3_IRQHandler                          0x08000277   Thumb Code     0  startup_stm32f407xx.o(.text)
    TAMP_STAMP_IRQHandler                    0x08000277   Thumb Code     0  startup_stm32f407xx.o(.text)
    TIM1_BRK_TIM9_IRQHandler                 0x08000277   Thumb Code     0  startup_stm32f407xx.o(.text)
    TIM1_CC_IRQHandler                       0x08000277   Thumb Code     0  startup_stm32f407xx.o(.text)
    TIM1_TRG_COM_TIM11_IRQHandler            0x08000277   Thumb Code     0  startup_stm32f407xx.o(.text)
    TIM2_IRQHandler                          0x08000277   Thumb Code     0  startup_stm32f407xx.o(.text)
    TIM3_IRQHandler                          0x08000277   Thumb Code     0  startup_stm32f407xx.o(.text)
    TIM4_IRQHandler                          0x08000277   Thumb Code     0  startup_stm32f407xx.o(.text)
    TIM5_IRQHandler                          0x08000277   Thumb Code     0  startup_stm32f407xx.o(.text)
    TIM6_DAC_IRQHandler                      0x08000277   Thumb Code     0  startup_stm32f407xx.o(.text)
    TIM7_IRQHandler                          0x08000277   Thumb Code     0  startup_stm32f407xx.o(.text)
    TIM8_BRK_TIM12_IRQHandler                0x08000277   Thumb Code     0  startup_stm32f407xx.o(.text)
    TIM8_CC_IRQHandler                       0x08000277   Thumb Code     0  startup_stm32f407xx.o(.text)
    TIM8_UP_TIM13_IRQHandler                 0x08000277   Thumb Code     0  startup_stm32f407xx.o(.text)
    UART4_IRQHandler                         0x08000277   Thumb Code     0  startup_stm32f407xx.o(.text)
    UART5_IRQHandler                         0x08000277   Thumb Code     0  startup_stm32f407xx.o(.text)
    USART2_IRQHandler                        0x08000277   Thumb Code     0  startup_stm32f407xx.o(.text)
    WWDG_IRQHandler                          0x08000277   Thumb Code     0  startup_stm32f407xx.o(.text)
    __aeabi_uldivmod                         0x08000281   Thumb Code    98  uldiv.o(.text)
    __aeabi_memcpy                           0x080002e3   Thumb Code    36  memcpya.o(.text)
    __aeabi_memcpy4                          0x080002e3   Thumb Code     0  memcpya.o(.text)
    __aeabi_memcpy8                          0x080002e3   Thumb Code     0  memcpya.o(.text)
    __aeabi_memset                           0x08000307   Thumb Code    14  memseta.o(.text)
    __aeabi_memset4                          0x08000307   Thumb Code     0  memseta.o(.text)
    __aeabi_memset8                          0x08000307   Thumb Code     0  memseta.o(.text)
    __aeabi_memclr                           0x08000315   Thumb Code     4  memseta.o(.text)
    __aeabi_memclr4                          0x08000315   Thumb Code     0  memseta.o(.text)
    __aeabi_memclr8                          0x08000315   Thumb Code     0  memseta.o(.text)
    memset                                   0x08000319   Thumb Code    18  memseta.o(.text)
    strlen                                   0x0800032b   Thumb Code    14  strlen.o(.text)
    strcpy                                   0x08000339   Thumb Code    18  strcpy.o(.text)
    strncmp                                  0x0800034b   Thumb Code    30  strncmp.o(.text)
    __aeabi_dadd                             0x08000369   Thumb Code   322  dadd.o(.text)
    __aeabi_dsub                             0x080004ab   Thumb Code     6  dadd.o(.text)
    __aeabi_drsub                            0x080004b1   Thumb Code     6  dadd.o(.text)
    __aeabi_dmul                             0x080004b7   Thumb Code   228  dmul.o(.text)
    __aeabi_ddiv                             0x0800059b   Thumb Code   222  ddiv.o(.text)
    __aeabi_f2d                              0x08000679   Thumb Code    38  f2d.o(.text)
    __aeabi_uidiv                            0x0800069f   Thumb Code     0  uidiv.o(.text)
    __aeabi_uidivmod                         0x0800069f   Thumb Code    44  uidiv.o(.text)
    __aeabi_llsl                             0x080006cb   Thumb Code    30  llshl.o(.text)
    _ll_shift_l                              0x080006cb   Thumb Code     0  llshl.o(.text)
    __aeabi_llsr                             0x080006e9   Thumb Code    32  llushr.o(.text)
    _ll_ushift_r                             0x080006e9   Thumb Code     0  llushr.o(.text)
    __aeabi_lasr                             0x08000709   Thumb Code    36  llsshr.o(.text)
    _ll_sshift_r                             0x08000709   Thumb Code     0  llsshr.o(.text)
    __I$use$fp                               0x0800072d   Thumb Code     0  iusefp.o(.text)
    _double_round                            0x0800072d   Thumb Code    30  depilogue.o(.text)
    _double_epilogue                         0x0800074b   Thumb Code   156  depilogue.o(.text)
    __aeabi_d2ulz                            0x080007e7   Thumb Code    48  dfixul.o(.text)
    __aeabi_cdrcmple                         0x08000819   Thumb Code    48  cdrcmple.o(.text)
    __scatterload                            0x08000849   Thumb Code    28  init.o(.text)
    __scatterload_rt2                        0x08000849   Thumb Code     0  init.o(.text)
    BusFault_Handler                         0x0800099d   Thumb Code     2  stm32f4xx_it.o(i.BusFault_Handler)
    DHT11_Init                               0x080009a1   Thumb Code    28  dht11.o(i.DHT11_Init)
    DebugMon_Handler                         0x080009c1   Thumb Code     2  stm32f4xx_it.o(i.DebugMon_Handler)
    EXTI15_10_IRQHandler                     0x080009c3   Thumb Code    22  stm32f4xx_it.o(i.EXTI15_10_IRQHandler)
    FingerPrintFast                          0x080009d9   Thumb Code    76  finger.o(i.FingerPrintFast)
    HAL_ADC_ConfigChannel                    0x08000a5d   Thumb Code   356  stm32f4xx_hal_adc.o(i.HAL_ADC_ConfigChannel)
    HAL_ADC_Init                             0x08000bd1   Thumb Code    86  stm32f4xx_hal_adc.o(i.HAL_ADC_Init)
    HAL_ADC_MspInit                          0x08000c29   Thumb Code   126  stm32f4xx_hal_msp.o(i.HAL_ADC_MspInit)
    HAL_DMA_Abort_IT                         0x08000cb9   Thumb Code    36  stm32f4xx_hal_dma.o(i.HAL_DMA_Abort_IT)
    HAL_Delay                                0x08000cdd   Thumb Code    34  stm32f4xx_hal.o(i.HAL_Delay)
    HAL_GPIO_EXTI_Callback                   0x08000d05   Thumb Code   172  main.o(i.HAL_GPIO_EXTI_Callback)
    HAL_GPIO_EXTI_IRQHandler                 0x08000de9   Thumb Code    18  stm32f4xx_hal_gpio.o(i.HAL_GPIO_EXTI_IRQHandler)
    HAL_GPIO_Init                            0x08000e01   Thumb Code   580  stm32f4xx_hal_gpio.o(i.HAL_GPIO_Init)
    HAL_GPIO_ReadPin                         0x08001059   Thumb Code    14  stm32f4xx_hal_gpio.o(i.HAL_GPIO_ReadPin)
    HAL_GPIO_TogglePin                       0x08001067   Thumb Code    18  stm32f4xx_hal_gpio.o(i.HAL_GPIO_TogglePin)
    HAL_GPIO_WritePin                        0x08001079   Thumb Code    14  stm32f4xx_hal_gpio.o(i.HAL_GPIO_WritePin)
    HAL_GetTick                              0x08001089   Thumb Code     6  stm32f4xx_hal.o(i.HAL_GetTick)
    HAL_I2C_Init                             0x08001095   Thumb Code   410  stm32f4xx_hal_i2c.o(i.HAL_I2C_Init)
    HAL_I2C_IsDeviceReady                    0x08001241   Thumb Code   384  stm32f4xx_hal_i2c.o(i.HAL_I2C_IsDeviceReady)
    HAL_I2C_Master_Transmit                  0x080013c9   Thumb Code   344  stm32f4xx_hal_i2c.o(i.HAL_I2C_Master_Transmit)
    HAL_I2C_MspInit                          0x08001529   Thumb Code   142  stm32f4xx_hal_msp.o(i.HAL_I2C_MspInit)
    HAL_IncTick                              0x080015c9   Thumb Code    12  stm32f4xx_hal.o(i.HAL_IncTick)
    HAL_Init                                 0x080015d9   Thumb Code    48  stm32f4xx_hal.o(i.HAL_Init)
    HAL_InitTick                             0x0800160d   Thumb Code   100  stm32f4xx_hal_timebase_tim.o(i.HAL_InitTick)
    HAL_MspInit                              0x08001681   Thumb Code    52  stm32f4xx_hal_msp.o(i.HAL_MspInit)
    HAL_NVIC_EnableIRQ                       0x080016b9   Thumb Code    28  stm32f4xx_hal_cortex.o(i.HAL_NVIC_EnableIRQ)
    HAL_NVIC_SetPriority                     0x080016d5   Thumb Code    98  stm32f4xx_hal_cortex.o(i.HAL_NVIC_SetPriority)
    HAL_NVIC_SetPriorityGrouping             0x0800173d   Thumb Code    30  stm32f4xx_hal_cortex.o(i.HAL_NVIC_SetPriorityGrouping)
    HAL_RCC_ClockConfig                      0x08001761   Thumb Code   354  stm32f4xx_hal_rcc.o(i.HAL_RCC_ClockConfig)
    HAL_RCC_GetClockConfig                   0x080018dd   Thumb Code    52  stm32f4xx_hal_rcc.o(i.HAL_RCC_GetClockConfig)
    HAL_RCC_GetHCLKFreq                      0x08001919   Thumb Code     6  stm32f4xx_hal_rcc.o(i.HAL_RCC_GetHCLKFreq)
    HAL_RCC_GetPCLK1Freq                     0x08001925   Thumb Code    22  stm32f4xx_hal_rcc.o(i.HAL_RCC_GetPCLK1Freq)
    HAL_RCC_GetPCLK2Freq                     0x08001945   Thumb Code    22  stm32f4xx_hal_rcc.o(i.HAL_RCC_GetPCLK2Freq)
    HAL_RCC_GetSysClockFreq                  0x08001965   Thumb Code    94  stm32f4xx_hal_rcc.o(i.HAL_RCC_GetSysClockFreq)
    HAL_RCC_OscConfig                        0x080019d1   Thumb Code  1142  stm32f4xx_hal_rcc.o(i.HAL_RCC_OscConfig)
    HAL_TIMEx_BreakCallback                  0x08001e47   Thumb Code     2  stm32f4xx_hal_tim_ex.o(i.HAL_TIMEx_BreakCallback)
    HAL_TIMEx_CommutCallback                 0x08001e49   Thumb Code     2  stm32f4xx_hal_tim_ex.o(i.HAL_TIMEx_CommutCallback)
    HAL_TIMEx_ConfigBreakDeadTime            0x08001e4b   Thumb Code   102  stm32f4xx_hal_tim_ex.o(i.HAL_TIMEx_ConfigBreakDeadTime)
    HAL_TIMEx_MasterConfigSynchronization    0x08001eb1   Thumb Code   154  stm32f4xx_hal_tim_ex.o(i.HAL_TIMEx_MasterConfigSynchronization)
    HAL_TIM_Base_Init                        0x08001f4b   Thumb Code    56  stm32f4xx_hal_tim.o(i.HAL_TIM_Base_Init)
    HAL_TIM_Base_MspInit                     0x08001f83   Thumb Code     2  stm32f4xx_hal_tim.o(i.HAL_TIM_Base_MspInit)
    HAL_TIM_Base_Start_IT                    0x08001f85   Thumb Code    34  stm32f4xx_hal_tim.o(i.HAL_TIM_Base_Start_IT)
    HAL_TIM_IC_CaptureCallback               0x08001fa7   Thumb Code     2  stm32f4xx_hal_tim.o(i.HAL_TIM_IC_CaptureCallback)
    HAL_TIM_IRQHandler                       0x08001fa9   Thumb Code   372  stm32f4xx_hal_tim.o(i.HAL_TIM_IRQHandler)
    HAL_TIM_MspPostInit                      0x0800211d   Thumb Code   144  stm32f4xx_hal_msp.o(i.HAL_TIM_MspPostInit)
    HAL_TIM_OC_DelayElapsedCallback          0x080021c5   Thumb Code     2  stm32f4xx_hal_tim.o(i.HAL_TIM_OC_DelayElapsedCallback)
    HAL_TIM_PWM_ConfigChannel                0x080021c7   Thumb Code   220  stm32f4xx_hal_tim.o(i.HAL_TIM_PWM_ConfigChannel)
    HAL_TIM_PWM_Init                         0x080022a3   Thumb Code    56  stm32f4xx_hal_tim.o(i.HAL_TIM_PWM_Init)
    HAL_TIM_PWM_MspInit                      0x080022dd   Thumb Code    98  stm32f4xx_hal_msp.o(i.HAL_TIM_PWM_MspInit)
    HAL_TIM_PWM_PulseFinishedCallback        0x08002351   Thumb Code     2  stm32f4xx_hal_tim.o(i.HAL_TIM_PWM_PulseFinishedCallback)
    HAL_TIM_PWM_Start                        0x08002353   Thumb Code    66  stm32f4xx_hal_tim.o(i.HAL_TIM_PWM_Start)
    HAL_TIM_PeriodElapsedCallback            0x08002395   Thumb Code    14  main.o(i.HAL_TIM_PeriodElapsedCallback)
    HAL_TIM_TriggerCallback                  0x080023a9   Thumb Code     2  stm32f4xx_hal_tim.o(i.HAL_TIM_TriggerCallback)
    HAL_UART_ErrorCallback                   0x080023ab   Thumb Code     2  stm32f4xx_hal_uart.o(i.HAL_UART_ErrorCallback)
    HAL_UART_IRQHandler                      0x080023ad   Thumb Code   318  stm32f4xx_hal_uart.o(i.HAL_UART_IRQHandler)
    HAL_UART_Init                            0x080024f1   Thumb Code   100  stm32f4xx_hal_uart.o(i.HAL_UART_Init)
    HAL_UART_MspInit                         0x08002555   Thumb Code   256  stm32f4xx_hal_msp.o(i.HAL_UART_MspInit)
    HAL_UART_Receive_IT                      0x08002671   Thumb Code    86  stm32f4xx_hal_uart.o(i.HAL_UART_Receive_IT)
    HAL_UART_RxCpltCallback                  0x080026c9   Thumb Code   130  main.o(i.HAL_UART_RxCpltCallback)
    HAL_UART_Transmit                        0x08002765   Thumb Code   224  stm32f4xx_hal_uart.o(i.HAL_UART_Transmit)
    HAL_UART_TxCpltCallback                  0x08002845   Thumb Code     2  stm32f4xx_hal_uart.o(i.HAL_UART_TxCpltCallback)
    HardFault_Handler                        0x08002847   Thumb Code     2  stm32f4xx_it.o(i.HardFault_Handler)
    LCD_16x2_Clear                           0x08002b6d   Thumb Code    26  lcd_16x2.o(i.LCD_16x2_Clear)
    LCD_16x2_Send_String                     0x08002b8d   Thumb Code   198  lcd_16x2.o(i.LCD_16x2_Send_String)
    LCD_16x2_SetCursor                       0x08002c5d   Thumb Code    38  lcd_16x2.o(i.LCD_16x2_SetCursor)
    LCD_16x2_Set_Command                     0x08002c8d   Thumb Code    68  lcd_16x2.o(i.LCD_16x2_Set_Command)
    LCD_16x2_Write_Data                      0x08002cd9   Thumb Code    76  lcd_16x2.o(i.LCD_16x2_Write_Data)
    LCD_20x4_BackLight                       0x08002d2d   Thumb Code    20  lcd_20x4.o(i.LCD_20x4_BackLight)
    LCD_20x4_Clear                           0x08002d45   Thumb Code    26  lcd_20x4.o(i.LCD_20x4_Clear)
    LCD_20x4_Init                            0x08002d65   Thumb Code    70  lcd_20x4.o(i.LCD_20x4_Init)
    LCD_20x4_Print                           0x08002dab   Thumb Code    42  lcd_20x4.o(i.LCD_20x4_Print)
    LCD_20x4_Send_String                     0x08002dd5   Thumb Code   198  lcd_20x4.o(i.LCD_20x4_Send_String)
    LCD_20x4_SetCursor                       0x08002ea5   Thumb Code    42  lcd_20x4.o(i.LCD_20x4_SetCursor)
    LCD_20x4_Set_Command                     0x08002ed9   Thumb Code    68  lcd_20x4.o(i.LCD_20x4_Set_Command)
    LCD_20x4_Write_Data                      0x08002f25   Thumb Code    76  lcd_20x4.o(i.LCD_20x4_Write_Data)
    LCD_20x4_i2cDeviceCheck                  0x08002f79   Thumb Code    36  lcd_20x4.o(i.LCD_20x4_i2cDeviceCheck)
    MemManage_Handler                        0x0800332d   Thumb Code     2  stm32f4xx_it.o(i.MemManage_Handler)
    NMI_Handler                              0x0800332f   Thumb Code     2  stm32f4xx_it.o(i.NMI_Handler)
    Start_Task01                             0x08003331   Thumb Code     8  main.o(i.Start_Task01)
    Start_Task02                             0x08003339   Thumb Code     8  main.o(i.Start_Task02)
    Start_Task03                             0x08003341   Thumb Code    12  main.o(i.Start_Task03)
    Start_Task04                             0x0800334d   Thumb Code     8  main.o(i.Start_Task04)
    SysTick_Handler                          0x08003355   Thumb Code    38  port.o(i.SysTick_Handler)
    SystemClock_Config                       0x08003381   Thumb Code   122  main.o(i.SystemClock_Config)
    SystemInit                               0x08003405   Thumb Code    22  system_stm32f4xx.o(i.SystemInit)
    TIM1_UP_TIM10_IRQHandler                 0x08003421   Thumb Code     6  stm32f4xx_it.o(i.TIM1_UP_TIM10_IRQHandler)
    TIM8_TRG_COM_TIM14_IRQHandler            0x0800342d   Thumb Code     6  stm32f4xx_it.o(i.TIM8_TRG_COM_TIM14_IRQHandler)
    TIM_Base_SetConfig                       0x08003439   Thumb Code   182  stm32f4xx_hal_tim.o(i.TIM_Base_SetConfig)
    TIM_CCxChannelCmd                        0x08003505   Thumb Code    30  stm32f4xx_hal_tim.o(i.TIM_CCxChannelCmd)
    TIM_OC2_SetConfig                        0x08003595   Thumb Code   112  stm32f4xx_hal_tim.o(i.TIM_OC2_SetConfig)
    USART1_IRQHandler                        0x08003a3d   Thumb Code     6  stm32f4xx_it.o(i.USART1_IRQHandler)
    USART3_IRQHandler                        0x08003a49   Thumb Code     6  stm32f4xx_it.o(i.USART3_IRQHandler)
    USART6_IRQHandler                        0x08003a55   Thumb Code     6  stm32f4xx_it.o(i.USART6_IRQHandler)
    UsageFault_Handler                       0x08003a61   Thumb Code     2  stm32f4xx_it.o(i.UsageFault_Handler)
    __0sprintf                               0x08003a65   Thumb Code    34  printfa.o(i.__0sprintf)
    __1sprintf                               0x08003a65   Thumb Code     0  printfa.o(i.__0sprintf)
    __2sprintf                               0x08003a65   Thumb Code     0  printfa.o(i.__0sprintf)
    __c89sprintf                             0x08003a65   Thumb Code     0  printfa.o(i.__0sprintf)
    sprintf                                  0x08003a65   Thumb Code     0  printfa.o(i.__0sprintf)
    __scatterload_copy                       0x08003a8d   Thumb Code    14  handlers.o(i.__scatterload_copy)
    __scatterload_null                       0x08003a9b   Thumb Code     2  handlers.o(i.__scatterload_null)
    __scatterload_zeroinit                   0x08003a9d   Thumb Code    14  handlers.o(i.__scatterload_zeroinit)
    change_password                          0x08004369   Thumb Code   238  password.o(i.change_password)
    check_password                           0x080044b9   Thumb Code   150  password.o(i.check_password)
    control_Relay                            0x08004579   Thumb Code    10  control_device.o(i.control_Relay)
    getImage                                 0x08004589   Thumb Code    82  finger.o(i.getImage)
    image2Tz                                 0x08004699   Thumb Code    86  finger.o(i.image2Tz)
    main                                     0x080046fd   Thumb Code   396  main.o(i.main)
    music_Init                               0x080048f1   Thumb Code     8  music.o(i.music_Init)
    osDelay                                  0x080048fd   Thumb Code    16  cmsis_os.o(i.osDelay)
    osKernelStart                            0x0800490d   Thumb Code    10  cmsis_os.o(i.osKernelStart)
    osSemaphoreCreate                        0x08004917   Thumb Code    70  cmsis_os.o(i.osSemaphoreCreate)
    osThreadCreate                           0x0800495d   Thumb Code    92  cmsis_os.o(i.osThreadCreate)
    pvPortMalloc                             0x08004e45   Thumb Code   218  heap_4.o(i.pvPortMalloc)
    pxPortInitialiseStack                    0x08004f29   Thumb Code    38  port.o(i.pxPortInitialiseStack)
    read_keypad                              0x08004f55   Thumb Code   684  lib_keypad.o(i.read_keypad)
    receive_finger                           0x08005211   Thumb Code    50  finger.o(i.receive_finger)
    receive_finger_search                    0x0800524d   Thumb Code    56  finger.o(i.receive_finger_search)
    returnFingerID                           0x08005291   Thumb Code     6  finger.o(i.returnFingerID)
    search                                   0x0800529d   Thumb Code    94  finger.o(i.search)
    servo_Init                               0x08005309   Thumb Code    30  servo.o(i.servo_Init)
    uxListRemove                             0x0800532d   Thumb Code    38  list.o(i.uxListRemove)
    vApplicationGetIdleTaskMemory            0x08005355   Thumb Code    16  freertos.o(i.vApplicationGetIdleTaskMemory)
    vListInitialise                          0x08005369   Thumb Code    22  list.o(i.vListInitialise)
    vListInitialiseItem                      0x0800537f   Thumb Code     6  list.o(i.vListInitialiseItem)
    vListInsert                              0x08005385   Thumb Code    54  list.o(i.vListInsert)
    vListInsertEnd                           0x080053bb   Thumb Code    24  list.o(i.vListInsertEnd)
    vPortEnterCritical                       0x080053d5   Thumb Code    54  port.o(i.vPortEnterCritical)
    vPortExitCritical                        0x08005415   Thumb Code    38  port.o(i.vPortExitCritical)
    vPortFree                                0x08005441   Thumb Code    88  heap_4.o(i.vPortFree)
    vPortSetupTimerInterrupt                 0x0800549d   Thumb Code    32  port.o(i.vPortSetupTimerInterrupt)
    vTaskDelay                               0x080054c1   Thumb Code    70  tasks.o(i.vTaskDelay)
    vTaskInternalSetTimeOutState             0x08005511   Thumb Code    12  tasks.o(i.vTaskInternalSetTimeOutState)
    vTaskMissedYield                         0x08005521   Thumb Code     8  tasks.o(i.vTaskMissedYield)
    vTaskPlaceOnEventList                    0x0800552d   Thumb Code    48  tasks.o(i.vTaskPlaceOnEventList)
    vTaskStartScheduler                      0x08005561   Thumb Code   120  tasks.o(i.vTaskStartScheduler)
    vTaskSuspendAll                          0x080055e9   Thumb Code    10  tasks.o(i.vTaskSuspendAll)
    vTaskSwitchContext                       0x080055f9   Thumb Code    86  tasks.o(i.vTaskSwitchContext)
    verify_password                          0x08005659   Thumb Code   720  password.o(i.verify_password)
    xPortStartScheduler                      0x08005a19   Thumb Code   232  port.o(i.xPortStartScheduler)
    xQueueGenericCreate                      0x08005b1d   Thumb Code    74  queue.o(i.xQueueGenericCreate)
    xQueueGenericCreateStatic                0x08005b67   Thumb Code   112  queue.o(i.xQueueGenericCreateStatic)
    xQueueGenericReset                       0x08005bd9   Thumb Code   138  queue.o(i.xQueueGenericReset)
    xQueueGenericSend                        0x08005c69   Thumb Code   362  queue.o(i.xQueueGenericSend)
    xTaskCheckForTimeOut                     0x08005dd9   Thumb Code   122  tasks.o(i.xTaskCheckForTimeOut)
    xTaskCreate                              0x08005e59   Thumb Code   108  tasks.o(i.xTaskCreate)
    xTaskCreateStatic                        0x08005ec5   Thumb Code    96  tasks.o(i.xTaskCreateStatic)
    xTaskGetSchedulerState                   0x08005f25   Thumb Code    24  tasks.o(i.xTaskGetSchedulerState)
    xTaskIncrementTick                       0x08005f41   Thumb Code   200  tasks.o(i.xTaskIncrementTick)
    xTaskPriorityDisinherit                  0x08006011   Thumb Code   146  tasks.o(i.xTaskPriorityDisinherit)
    xTaskRemoveFromEventList                 0x080060ad   Thumb Code   108  tasks.o(i.xTaskRemoveFromEventList)
    xTaskResumeAll                           0x08006125   Thumb Code   190  tasks.o(i.xTaskResumeAll)
    AHBPrescTable                            0x080062d0   Data          16  system_stm32f4xx.o(.constdata)
    APBPrescTable                            0x080062e0   Data           8  system_stm32f4xx.o(.constdata)
    Region$$Table$$Base                      0x08006308   Number         0  anon$$obj.o(Region$$Table)
    Region$$Table$$Limit                     0x08006328   Number         0  anon$$obj.o(Region$$Table)
    FingerID                                 0x20000000   Data           4  finger.o(.data)
    i2cDeviceAddr_16x2                       0x20000004   Data           1  lcd_16x2.o(.data)
    i2cDeviceAddr_20x4                       0x20000018   Data           1  lcd_20x4.o(.data)
    rxIndex                                  0x2000002c   Data           1  main.o(.data)
    rxData                                   0x2000002d   Data           1  main.o(.data)
    _limit_temp                              0x2000002e   Data           2  main.o(.data)
    rx_Index                                 0x20000030   Data           2  main.o(.data)
    rxBuf_receive                            0x20000032   Data           2  main.o(.data)
    flash_wifi                               0x20000034   Data           4  main.o(.data)
    automation_flash                         0x20000038   Data           4  main.o(.data)
    limit_temp                               0x2000003c   Data           4  main.o(.data)
    Task01Handle                             0x20000040   Data           4  main.o(.data)
    Task02Handle                             0x20000044   Data           4  main.o(.data)
    Task03Handle                             0x20000048   Data           4  main.o(.data)
    Task04Handle                             0x2000004c   Data           4  main.o(.data)
    BinSemHandle                             0x20000050   Data           4  main.o(.data)
    key_pad_value                            0x20000054   Data           1  password.o(.data)
    test                                     0x20000055   Data           1  password.o(.data)
    password_setup                           0x20000056   Data           4  password.o(.data)
    dir                                      0x2000005c   Data           4  password.o(.data)
    pass_correct                             0x20000060   Data           4  password.o(.data)
    password_input                           0x20000064   Data           4  password.o(.data)
    password_change                          0x20000068   Data           4  password.o(.data)
    password_confirm                         0x2000006c   Data           4  password.o(.data)
    SystemCoreClock                          0x20000070   Data           4  system_stm32f4xx.o(.data)
    uwTickFreq                               0x20000074   Data           1  stm32f4xx_hal.o(.data)
    uwTickPrio                               0x20000078   Data           4  stm32f4xx_hal.o(.data)
    uwTick                                   0x2000007c   Data           4  stm32f4xx_hal.o(.data)
    pxCurrentTCB                             0x20000080   Data           4  tasks.o(.data)
    Finger                                   0x200000e0   Data          64  finger.o(.bss)
    hi2cy                                    0x200002b0   Data          84  lcd_16x2.o(.bss)
    hi2cx                                    0x20000494   Data          84  lcd_20x4.o(.bss)
    hadc1                                    0x200004e8   Data          72  main.o(.bss)
    hadc2                                    0x20000530   Data          72  main.o(.bss)
    hi2c1                                    0x20000578   Data          84  main.o(.bss)
    hi2c2                                    0x200005cc   Data          84  main.o(.bss)
    htim1                                    0x20000620   Data          64  main.o(.bss)
    htim3                                    0x20000660   Data          64  main.o(.bss)
    htim9                                    0x200006a0   Data          64  main.o(.bss)
    huart1                                   0x200006e0   Data          64  main.o(.bss)
    huart3                                   0x20000720   Data          64  main.o(.bss)
    huart6                                   0x20000760   Data          64  main.o(.bss)
    data_read                                0x200007a0   Data          28  main.o(.bss)
    data_send                                0x200007bc   Data         109  main.o(.bss)
    FB                                       0x2000082c   Data          40  main.o(.bss)
    DV                                       0x20000854   Data          80  main.o(.bss)
    touch                                    0x200008a4   Data          20  main.o(.bss)
    display                                  0x200008b8   Data          32  main.o(.bss)
    rx_Buf                                   0x200008d8   Data          50  main.o(.bss)
    temp_receive                             0x2000090a   Data          50  main.o(.bss)
    rxBuf                                    0x2000093c   Data          32  main.o(.bss)
    htim14                                   0x20000bb0   Data          64  stm32f4xx_hal_timebase_tim.o(.bss)
    __initial_sp                             0x20004ce0   Data           0  startup_stm32f407xx.o(STACK)



==============================================================================

Memory Map of the image

  Image Entry point : 0x08000189

  Load Region LR_IROM1 (Base: 0x08000000, Size: 0x00006408, Max: 0x00100000, ABSOLUTE)

    Execution Region ER_IROM1 (Exec base: 0x08000000, Load base: 0x08000000, Size: 0x00006328, Max: 0x00100000, ABSOLUTE)

    Exec Addr    Load Addr    Size         Type   Attr      Idx    E Section Name        Object

    0x08000000   0x08000000   0x00000188   Data   RO            3    RESET               startup_stm32f407xx.o
    0x08000188   0x08000188   0x00000000   Code   RO         5869  * .ARM.Collect$$$$00000000  mc_w.l(entry.o)
    0x08000188   0x08000188   0x00000004   Code   RO         6220    .ARM.Collect$$$$00000001  mc_w.l(entry2.o)
    0x0800018c   0x0800018c   0x00000004   Code   RO         6223    .ARM.Collect$$$$00000004  mc_w.l(entry5.o)
    0x08000190   0x08000190   0x00000000   Code   RO         6225    .ARM.Collect$$$$00000008  mc_w.l(entry7b.o)
    0x08000190   0x08000190   0x00000000   Code   RO         6227    .ARM.Collect$$$$0000000A  mc_w.l(entry8b.o)
    0x08000190   0x08000190   0x00000008   Code   RO         6228    .ARM.Collect$$$$0000000B  mc_w.l(entry9a.o)
    0x08000198   0x08000198   0x00000000   Code   RO         6230    .ARM.Collect$$$$0000000D  mc_w.l(entry10a.o)
    0x08000198   0x08000198   0x00000000   Code   RO         6232    .ARM.Collect$$$$0000000F  mc_w.l(entry11a.o)
    0x08000198   0x08000198   0x00000004   Code   RO         6221    .ARM.Collect$$$$00002712  mc_w.l(entry2.o)
    0x0800019c   0x0800019c   0x000000be   Code   RO         5766    .emb_text           port.o
    0x0800025a   0x0800025a   0x00000002   PAD
    0x0800025c   0x0800025c   0x00000024   Code   RO            4    .text               startup_stm32f407xx.o
    0x08000280   0x08000280   0x00000062   Code   RO         5872    .text               mc_w.l(uldiv.o)
    0x080002e2   0x080002e2   0x00000024   Code   RO         5874    .text               mc_w.l(memcpya.o)
    0x08000306   0x08000306   0x00000024   Code   RO         5878    .text               mc_w.l(memseta.o)
    0x0800032a   0x0800032a   0x0000000e   Code   RO         5880    .text               mc_w.l(strlen.o)
    0x08000338   0x08000338   0x00000012   Code   RO         5882    .text               mc_w.l(strcpy.o)
    0x0800034a   0x0800034a   0x0000001e   Code   RO         5884    .text               mc_w.l(strncmp.o)
    0x08000368   0x08000368   0x0000014e   Code   RO         6151    .text               mf_w.l(dadd.o)
    0x080004b6   0x080004b6   0x000000e4   Code   RO         6153    .text               mf_w.l(dmul.o)
    0x0800059a   0x0800059a   0x000000de   Code   RO         6155    .text               mf_w.l(ddiv.o)
    0x08000678   0x08000678   0x00000026   Code   RO         6165    .text               mf_w.l(f2d.o)
    0x0800069e   0x0800069e   0x0000002c   Code   RO         6237    .text               mc_w.l(uidiv.o)
    0x080006ca   0x080006ca   0x0000001e   Code   RO         6239    .text               mc_w.l(llshl.o)
    0x080006e8   0x080006e8   0x00000020   Code   RO         6241    .text               mc_w.l(llushr.o)
    0x08000708   0x08000708   0x00000024   Code   RO         6243    .text               mc_w.l(llsshr.o)
    0x0800072c   0x0800072c   0x00000000   Code   RO         6254    .text               mc_w.l(iusefp.o)
    0x0800072c   0x0800072c   0x000000ba   Code   RO         6257    .text               mf_w.l(depilogue.o)
    0x080007e6   0x080007e6   0x00000030   Code   RO         6263    .text               mf_w.l(dfixul.o)
    0x08000816   0x08000816   0x00000002   PAD
    0x08000818   0x08000818   0x00000030   Code   RO         6265    .text               mf_w.l(cdrcmple.o)
    0x08000848   0x08000848   0x00000024   Code   RO         6267    .text               mc_w.l(init.o)
    0x0800086c   0x0800086c   0x00000130   Code   RO         1359    i.ADC_Init          stm32f4xx_hal_adc.o
    0x0800099c   0x0800099c   0x00000002   Code   RO         1056    i.BusFault_Handler  stm32f4xx_it.o
    0x0800099e   0x0800099e   0x00000002   PAD
    0x080009a0   0x080009a0   0x00000020   Code   RO           13    i.DHT11_Init        dht11.o
    0x080009c0   0x080009c0   0x00000002   Code   RO         1057    i.DebugMon_Handler  stm32f4xx_it.o
    0x080009c2   0x080009c2   0x00000016   Code   RO         1058    i.EXTI15_10_IRQHandler  stm32f4xx_it.o
    0x080009d8   0x080009d8   0x0000004c   Code   RO          177    i.FingerPrintFast   finger.o
    0x08000a24   0x08000a24   0x00000038   Code   RO           14    i.GPIO_DHT11_OUT    dht11.o
    0x08000a5c   0x08000a5c   0x00000174   Code   RO         1361    i.HAL_ADC_ConfigChannel  stm32f4xx_hal_adc.o
    0x08000bd0   0x08000bd0   0x00000056   Code   RO         1370    i.HAL_ADC_Init      stm32f4xx_hal_adc.o
    0x08000c26   0x08000c26   0x00000002   PAD
    0x08000c28   0x08000c28   0x00000090   Code   RO         1151    i.HAL_ADC_MspInit   stm32f4xx_hal_msp.o
    0x08000cb8   0x08000cb8   0x00000024   Code   RO         2139    i.HAL_DMA_Abort_IT  stm32f4xx_hal_dma.o
    0x08000cdc   0x08000cdc   0x00000028   Code   RO         2552    i.HAL_Delay         stm32f4xx_hal.o
    0x08000d04   0x08000d04   0x000000e4   Code   RO          798    i.HAL_GPIO_EXTI_Callback  main.o
    0x08000de8   0x08000de8   0x00000018   Code   RO         2030    i.HAL_GPIO_EXTI_IRQHandler  stm32f4xx_hal_gpio.o
    0x08000e00   0x08000e00   0x00000258   Code   RO         2031    i.HAL_GPIO_Init     stm32f4xx_hal_gpio.o
    0x08001058   0x08001058   0x0000000e   Code   RO         2033    i.HAL_GPIO_ReadPin  stm32f4xx_hal_gpio.o
    0x08001066   0x08001066   0x00000012   Code   RO         2034    i.HAL_GPIO_TogglePin  stm32f4xx_hal_gpio.o
    0x08001078   0x08001078   0x0000000e   Code   RO         2035    i.HAL_GPIO_WritePin  stm32f4xx_hal_gpio.o
    0x08001086   0x08001086   0x00000002   PAD
    0x08001088   0x08001088   0x0000000c   Code   RO         2558    i.HAL_GetTick       stm32f4xx_hal.o
    0x08001094   0x08001094   0x000001ac   Code   RO         2814    i.HAL_I2C_Init      stm32f4xx_hal_i2c.o
    0x08001240   0x08001240   0x00000188   Code   RO         2815    i.HAL_I2C_IsDeviceReady  stm32f4xx_hal_i2c.o
    0x080013c8   0x080013c8   0x00000160   Code   RO         2827    i.HAL_I2C_Master_Transmit  stm32f4xx_hal_i2c.o
    0x08001528   0x08001528   0x000000a0   Code   RO         1153    i.HAL_I2C_MspInit   stm32f4xx_hal_msp.o
    0x080015c8   0x080015c8   0x00000010   Code   RO         2564    i.HAL_IncTick       stm32f4xx_hal.o
    0x080015d8   0x080015d8   0x00000034   Code   RO         2565    i.HAL_Init          stm32f4xx_hal.o
    0x0800160c   0x0800160c   0x00000074   Code   RO         1228    i.HAL_InitTick      stm32f4xx_hal_timebase_tim.o
    0x08001680   0x08001680   0x00000038   Code   RO         1154    i.HAL_MspInit       stm32f4xx_hal_msp.o
    0x080016b8   0x080016b8   0x0000001c   Code   RO         2420    i.HAL_NVIC_EnableIRQ  stm32f4xx_hal_cortex.o
    0x080016d4   0x080016d4   0x00000068   Code   RO         2426    i.HAL_NVIC_SetPriority  stm32f4xx_hal_cortex.o
    0x0800173c   0x0800173c   0x00000024   Code   RO         2427    i.HAL_NVIC_SetPriorityGrouping  stm32f4xx_hal_cortex.o
    0x08001760   0x08001760   0x0000017c   Code   RO         1632    i.HAL_RCC_ClockConfig  stm32f4xx_hal_rcc.o
    0x080018dc   0x080018dc   0x0000003c   Code   RO         1636    i.HAL_RCC_GetClockConfig  stm32f4xx_hal_rcc.o
    0x08001918   0x08001918   0x0000000c   Code   RO         1637    i.HAL_RCC_GetHCLKFreq  stm32f4xx_hal_rcc.o
    0x08001924   0x08001924   0x00000020   Code   RO         1639    i.HAL_RCC_GetPCLK1Freq  stm32f4xx_hal_rcc.o
    0x08001944   0x08001944   0x00000020   Code   RO         1640    i.HAL_RCC_GetPCLK2Freq  stm32f4xx_hal_rcc.o
    0x08001964   0x08001964   0x0000006c   Code   RO         1641    i.HAL_RCC_GetSysClockFreq  stm32f4xx_hal_rcc.o
    0x080019d0   0x080019d0   0x00000476   Code   RO         1644    i.HAL_RCC_OscConfig  stm32f4xx_hal_rcc.o
    0x08001e46   0x08001e46   0x00000002   Code   RO         3976    i.HAL_TIMEx_BreakCallback  stm32f4xx_hal_tim_ex.o
    0x08001e48   0x08001e48   0x00000002   Code   RO         3977    i.HAL_TIMEx_CommutCallback  stm32f4xx_hal_tim_ex.o
    0x08001e4a   0x08001e4a   0x00000066   Code   RO         3979    i.HAL_TIMEx_ConfigBreakDeadTime  stm32f4xx_hal_tim_ex.o
    0x08001eb0   0x08001eb0   0x0000009a   Code   RO         3994    i.HAL_TIMEx_MasterConfigSynchronization  stm32f4xx_hal_tim_ex.o
    0x08001f4a   0x08001f4a   0x00000038   Code   RO         3290    i.HAL_TIM_Base_Init  stm32f4xx_hal_tim.o
    0x08001f82   0x08001f82   0x00000002   Code   RO         3292    i.HAL_TIM_Base_MspInit  stm32f4xx_hal_tim.o
    0x08001f84   0x08001f84   0x00000022   Code   RO         3295    i.HAL_TIM_Base_Start_IT  stm32f4xx_hal_tim.o
    0x08001fa6   0x08001fa6   0x00000002   Code   RO         3319    i.HAL_TIM_IC_CaptureCallback  stm32f4xx_hal_tim.o
    0x08001fa8   0x08001fa8   0x00000174   Code   RO         3333    i.HAL_TIM_IRQHandler  stm32f4xx_hal_tim.o
    0x0800211c   0x0800211c   0x000000a8   Code   RO         1155    i.HAL_TIM_MspPostInit  stm32f4xx_hal_msp.o
    0x080021c4   0x080021c4   0x00000002   Code   RO         3336    i.HAL_TIM_OC_DelayElapsedCallback  stm32f4xx_hal_tim.o
    0x080021c6   0x080021c6   0x000000dc   Code   RO         3357    i.HAL_TIM_PWM_ConfigChannel  stm32f4xx_hal_tim.o
    0x080022a2   0x080022a2   0x00000038   Code   RO         3360    i.HAL_TIM_PWM_Init  stm32f4xx_hal_tim.o
    0x080022da   0x080022da   0x00000002   PAD
    0x080022dc   0x080022dc   0x00000074   Code   RO         1157    i.HAL_TIM_PWM_MspInit  stm32f4xx_hal_msp.o
    0x08002350   0x08002350   0x00000002   Code   RO         3363    i.HAL_TIM_PWM_PulseFinishedCallback  stm32f4xx_hal_tim.o
    0x08002352   0x08002352   0x00000042   Code   RO         3365    i.HAL_TIM_PWM_Start  stm32f4xx_hal_tim.o
    0x08002394   0x08002394   0x00000014   Code   RO          799    i.HAL_TIM_PeriodElapsedCallback  main.o
    0x080023a8   0x080023a8   0x00000002   Code   RO         3376    i.HAL_TIM_TriggerCallback  stm32f4xx_hal_tim.o
    0x080023aa   0x080023aa   0x00000002   Code   RO         4248    i.HAL_UART_ErrorCallback  stm32f4xx_hal_uart.o
    0x080023ac   0x080023ac   0x00000144   Code   RO         4251    i.HAL_UART_IRQHandler  stm32f4xx_hal_uart.o
    0x080024f0   0x080024f0   0x00000064   Code   RO         4252    i.HAL_UART_Init     stm32f4xx_hal_uart.o
    0x08002554   0x08002554   0x0000011c   Code   RO         1159    i.HAL_UART_MspInit  stm32f4xx_hal_msp.o
    0x08002670   0x08002670   0x00000056   Code   RO         4257    i.HAL_UART_Receive_IT  stm32f4xx_hal_uart.o
    0x080026c6   0x080026c6   0x00000002   PAD
    0x080026c8   0x080026c8   0x0000009c   Code   RO          800    i.HAL_UART_RxCpltCallback  main.o
    0x08002764   0x08002764   0x000000e0   Code   RO         4260    i.HAL_UART_Transmit  stm32f4xx_hal_uart.o
    0x08002844   0x08002844   0x00000002   Code   RO         4263    i.HAL_UART_TxCpltCallback  stm32f4xx_hal_uart.o
    0x08002846   0x08002846   0x00000002   Code   RO         1059    i.HardFault_Handler  stm32f4xx_it.o
    0x08002848   0x08002848   0x00000032   Code   RO         2857    i.I2C_IsAcknowledgeFailed  stm32f4xx_hal_i2c.o
    0x0800287a   0x0800287a   0x00000002   PAD
    0x0800287c   0x0800287c   0x000000b4   Code   RO         2861    i.I2C_MasterRequestWrite  stm32f4xx_hal_i2c.o
    0x08002930   0x08002930   0x0000005c   Code   RO         2877    i.I2C_WaitOnBTFFlagUntilTimeout  stm32f4xx_hal_i2c.o
    0x0800298c   0x0800298c   0x000000b4   Code   RO         2878    i.I2C_WaitOnFlagUntilTimeout  stm32f4xx_hal_i2c.o
    0x08002a40   0x08002a40   0x000000ce   Code   RO         2879    i.I2C_WaitOnMasterAddressFlagUntilTimeout  stm32f4xx_hal_i2c.o
    0x08002b0e   0x08002b0e   0x0000005c   Code   RO         2882    i.I2C_WaitOnTXEFlagUntilTimeout  stm32f4xx_hal_i2c.o
    0x08002b6a   0x08002b6a   0x00000002   PAD
    0x08002b6c   0x08002b6c   0x00000020   Code   RO          356    i.LCD_16x2_Clear    lcd_16x2.o
    0x08002b8c   0x08002b8c   0x000000d0   Code   RO          359    i.LCD_16x2_Send_String  lcd_16x2.o
    0x08002c5c   0x08002c5c   0x00000030   Code   RO          360    i.LCD_16x2_SetCursor  lcd_16x2.o
    0x08002c8c   0x08002c8c   0x0000004c   Code   RO          361    i.LCD_16x2_Set_Command  lcd_16x2.o
    0x08002cd8   0x08002cd8   0x00000054   Code   RO          362    i.LCD_16x2_Write_Data  lcd_16x2.o
    0x08002d2c   0x08002d2c   0x00000018   Code   RO          451    i.LCD_20x4_BackLight  lcd_20x4.o
    0x08002d44   0x08002d44   0x00000020   Code   RO          452    i.LCD_20x4_Clear    lcd_20x4.o
    0x08002d64   0x08002d64   0x00000046   Code   RO          453    i.LCD_20x4_Init     lcd_20x4.o
    0x08002daa   0x08002daa   0x0000002a   Code   RO          454    i.LCD_20x4_Print    lcd_20x4.o
    0x08002dd4   0x08002dd4   0x000000d0   Code   RO          455    i.LCD_20x4_Send_String  lcd_20x4.o
    0x08002ea4   0x08002ea4   0x00000034   Code   RO          456    i.LCD_20x4_SetCursor  lcd_20x4.o
    0x08002ed8   0x08002ed8   0x0000004c   Code   RO          457    i.LCD_20x4_Set_Command  lcd_20x4.o
    0x08002f24   0x08002f24   0x00000054   Code   RO          458    i.LCD_20x4_Write_Data  lcd_20x4.o
    0x08002f78   0x08002f78   0x0000002c   Code   RO          459    i.LCD_20x4_i2cDeviceCheck  lcd_20x4.o
    0x08002fa4   0x08002fa4   0x00000054   Code   RO          801    i.MX_ADC1_Init      main.o
    0x08002ff8   0x08002ff8   0x00000054   Code   RO          802    i.MX_ADC2_Init      main.o
    0x0800304c   0x0800304c   0x00000190   Code   RO          803    i.MX_GPIO_Init      main.o
    0x080031dc   0x080031dc   0x000000a0   Code   RO          804    i.MX_TIM1_Init      main.o
    0x0800327c   0x0800327c   0x00000060   Code   RO          805    i.MX_TIM3_Init      main.o
    0x080032dc   0x080032dc   0x00000050   Code   RO          806    i.MX_TIM9_Init      main.o
    0x0800332c   0x0800332c   0x00000002   Code   RO         1060    i.MemManage_Handler  stm32f4xx_it.o
    0x0800332e   0x0800332e   0x00000002   Code   RO         1061    i.NMI_Handler       stm32f4xx_it.o
    0x08003330   0x08003330   0x00000008   Code   RO          807    i.Start_Task01      main.o
    0x08003338   0x08003338   0x00000008   Code   RO          808    i.Start_Task02      main.o
    0x08003340   0x08003340   0x0000000c   Code   RO          809    i.Start_Task03      main.o
    0x0800334c   0x0800334c   0x00000008   Code   RO          810    i.Start_Task04      main.o
    0x08003354   0x08003354   0x0000002c   Code   RO         5767    i.SysTick_Handler   port.o
    0x08003380   0x08003380   0x00000084   Code   RO          811    i.SystemClock_Config  main.o
    0x08003404   0x08003404   0x0000001c   Code   RO         1319    i.SystemInit        system_stm32f4xx.o
    0x08003420   0x08003420   0x0000000c   Code   RO         1062    i.TIM1_UP_TIM10_IRQHandler  stm32f4xx_it.o
    0x0800342c   0x0800342c   0x0000000c   Code   RO         1063    i.TIM8_TRG_COM_TIM14_IRQHandler  stm32f4xx_it.o
    0x08003438   0x08003438   0x000000cc   Code   RO         3378    i.TIM_Base_SetConfig  stm32f4xx_hal_tim.o
    0x08003504   0x08003504   0x0000001e   Code   RO         3379    i.TIM_CCxChannelCmd  stm32f4xx_hal_tim.o
    0x08003522   0x08003522   0x00000002   PAD
    0x08003524   0x08003524   0x00000070   Code   RO         3391    i.TIM_OC1_SetConfig  stm32f4xx_hal_tim.o
    0x08003594   0x08003594   0x00000078   Code   RO         3392    i.TIM_OC2_SetConfig  stm32f4xx_hal_tim.o
    0x0800360c   0x0800360c   0x00000078   Code   RO         3393    i.TIM_OC3_SetConfig  stm32f4xx_hal_tim.o
    0x08003684   0x08003684   0x00000058   Code   RO         3394    i.TIM_OC4_SetConfig  stm32f4xx_hal_tim.o
    0x080036dc   0x080036dc   0x00000010   Code   RO         4265    i.UART_DMAAbortOnError  stm32f4xx_hal_uart.o
    0x080036ec   0x080036ec   0x0000001c   Code   RO         4275    i.UART_EndRxTransfer  stm32f4xx_hal_uart.o
    0x08003708   0x08003708   0x0000001a   Code   RO         4276    i.UART_EndTransmit_IT  stm32f4xx_hal_uart.o
    0x08003722   0x08003722   0x0000009c   Code   RO         4278    i.UART_Receive_IT   stm32f4xx_hal_uart.o
    0x080037be   0x080037be   0x00000002   PAD
    0x080037c0   0x080037c0   0x0000019c   Code   RO         4279    i.UART_SetConfig    stm32f4xx_hal_uart.o
    0x0800395c   0x0800395c   0x00000066   Code   RO         4280    i.UART_Transmit_IT  stm32f4xx_hal_uart.o
    0x080039c2   0x080039c2   0x00000078   Code   RO         4281    i.UART_WaitOnFlagUntilTimeout  stm32f4xx_hal_uart.o
    0x08003a3a   0x08003a3a   0x00000002   PAD
    0x08003a3c   0x08003a3c   0x0000000c   Code   RO         1064    i.USART1_IRQHandler  stm32f4xx_it.o
    0x08003a48   0x08003a48   0x0000000c   Code   RO         1065    i.USART3_IRQHandler  stm32f4xx_it.o
    0x08003a54   0x08003a54   0x0000000c   Code   RO         1066    i.USART6_IRQHandler  stm32f4xx_it.o
    0x08003a60   0x08003a60   0x00000002   Code   RO         1067    i.UsageFault_Handler  stm32f4xx_it.o
    0x08003a62   0x08003a62   0x00000002   PAD
    0x08003a64   0x08003a64   0x00000028   Code   RO         6123    i.__0sprintf        mc_w.l(printfa.o)
    0x08003a8c   0x08003a8c   0x0000000e   Code   RO         6309    i.__scatterload_copy  mc_w.l(handlers.o)
    0x08003a9a   0x08003a9a   0x00000002   Code   RO         6310    i.__scatterload_null  mc_w.l(handlers.o)
    0x08003a9c   0x08003a9c   0x0000000e   Code   RO         6311    i.__scatterload_zeroinit  mc_w.l(handlers.o)
    0x08003aaa   0x08003aaa   0x00000002   PAD
    0x08003aac   0x08003aac   0x00000184   Code   RO         6128    i._fp_digits        mc_w.l(printfa.o)
    0x08003c30   0x08003c30   0x000006dc   Code   RO         6129    i._printf_core      mc_w.l(printfa.o)
    0x0800430c   0x0800430c   0x00000024   Code   RO         6130    i._printf_post_padding  mc_w.l(printfa.o)
    0x08004330   0x08004330   0x0000002e   Code   RO         6131    i._printf_pre_padding  mc_w.l(printfa.o)
    0x0800435e   0x0800435e   0x0000000a   Code   RO         6133    i._sputc            mc_w.l(printfa.o)
    0x08004368   0x08004368   0x00000150   Code   RO         1267    i.change_password   password.o
    0x080044b8   0x080044b8   0x000000c0   Code   RO         1268    i.check_password    password.o
    0x08004578   0x08004578   0x00000010   Code   RO          707    i.control_Relay     control_device.o
    0x08004588   0x08004588   0x00000060   Code   RO          181    i.getImage          finger.o
    0x080045e8   0x080045e8   0x00000058   Code   RO          460    i.hi2cx_define      lcd_20x4.o
    0x08004640   0x08004640   0x00000058   Code   RO          364    i.hi2cy_define      lcd_16x2.o
    0x08004698   0x08004698   0x00000064   Code   RO          182    i.image2Tz          finger.o
    0x080046fc   0x080046fc   0x000001e8   Code   RO          814    i.main              main.o
    0x080048e4   0x080048e4   0x0000000c   Code   RO         5338    i.makeFreeRtosPriority  cmsis_os.o
    0x080048f0   0x080048f0   0x0000000c   Code   RO          565    i.music_Init        music.o
    0x080048fc   0x080048fc   0x00000010   Code   RO         5340    i.osDelay           cmsis_os.o
    0x0800490c   0x0800490c   0x0000000a   Code   RO         5343    i.osKernelStart     cmsis_os.o
    0x08004916   0x08004916   0x00000046   Code   RO         5369    i.osSemaphoreCreate  cmsis_os.o
    0x0800495c   0x0800495c   0x0000005c   Code   RO         5377    i.osThreadCreate    cmsis_os.o
    0x080049b8   0x080049b8   0x00000078   Code   RO         5024    i.prvAddCurrentTaskToDelayedList  tasks.o
    0x08004a30   0x08004a30   0x00000088   Code   RO         5025    i.prvAddNewTaskToReadyList  tasks.o
    0x08004ab8   0x08004ab8   0x00000040   Code   RO         5026    i.prvCheckTasksWaitingTermination  tasks.o
    0x08004af8   0x08004af8   0x0000006e   Code   RO         4700    i.prvCopyDataToQueue  queue.o
    0x08004b66   0x08004b66   0x00000040   Code   RO         5027    i.prvDeleteTCB      tasks.o
    0x08004ba6   0x08004ba6   0x00000002   PAD
    0x08004ba8   0x08004ba8   0x00000050   Code   RO         5705    i.prvHeapInit       heap_4.o
    0x08004bf8   0x08004bf8   0x00000028   Code   RO         5028    i.prvIdleTask       tasks.o
    0x08004c20   0x08004c20   0x00000018   Code   RO         4703    i.prvInitialiseNewQueue  queue.o
    0x08004c38   0x08004c38   0x00000074   Code   RO         5029    i.prvInitialiseNewTask  tasks.o
    0x08004cac   0x08004cac   0x00000060   Code   RO         5030    i.prvInitialiseTaskLists  tasks.o
    0x08004d0c   0x08004d0c   0x0000005c   Code   RO         5706    i.prvInsertBlockIntoFreeList  heap_4.o
    0x08004d68   0x08004d68   0x0000001e   Code   RO         4705    i.prvIsQueueFull    queue.o
    0x08004d86   0x08004d86   0x00000002   PAD
    0x08004d88   0x08004d88   0x00000024   Code   RO         5031    i.prvResetNextTaskUnblockTime  tasks.o
    0x08004dac   0x08004dac   0x00000030   Code   RO         5768    i.prvTaskExitError  port.o
    0x08004ddc   0x08004ddc   0x00000068   Code   RO         4706    i.prvUnlockQueue    queue.o
    0x08004e44   0x08004e44   0x000000e4   Code   RO         5707    i.pvPortMalloc      heap_4.o
    0x08004f28   0x08004f28   0x0000002c   Code   RO         5769    i.pxPortInitialiseStack  port.o
    0x08004f54   0x08004f54   0x000002bc   Code   RO          328    i.read_keypad       lib_keypad.o
    0x08005210   0x08005210   0x0000003c   Code   RO          184    i.receive_finger    finger.o
    0x0800524c   0x0800524c   0x00000044   Code   RO          186    i.receive_finger_search  finger.o
    0x08005290   0x08005290   0x0000000c   Code   RO          187    i.returnFingerID    finger.o
    0x0800529c   0x0800529c   0x0000006c   Code   RO          188    i.search            finger.o
    0x08005308   0x08005308   0x00000024   Code   RO          664    i.servo_Init        servo.o
    0x0800532c   0x0800532c   0x00000026   Code   RO         4659    i.uxListRemove      list.o
    0x08005352   0x08005352   0x00000002   PAD
    0x08005354   0x08005354   0x00000014   Code   RO         1022    i.vApplicationGetIdleTaskMemory  freertos.o
    0x08005368   0x08005368   0x00000016   Code   RO         4660    i.vListInitialise   list.o
    0x0800537e   0x0800537e   0x00000006   Code   RO         4661    i.vListInitialiseItem  list.o
    0x08005384   0x08005384   0x00000036   Code   RO         4662    i.vListInsert       list.o
    0x080053ba   0x080053ba   0x00000018   Code   RO         4663    i.vListInsertEnd    list.o
    0x080053d2   0x080053d2   0x00000002   PAD
    0x080053d4   0x080053d4   0x00000040   Code   RO         5771    i.vPortEnterCritical  port.o
    0x08005414   0x08005414   0x0000002c   Code   RO         5772    i.vPortExitCritical  port.o
    0x08005440   0x08005440   0x0000005c   Code   RO         5708    i.vPortFree         heap_4.o
    0x0800549c   0x0800549c   0x00000024   Code   RO         5773    i.vPortSetupTimerInterrupt  port.o
    0x080054c0   0x080054c0   0x00000050   Code   RO         5039    i.vTaskDelay        tasks.o
    0x08005510   0x08005510   0x00000010   Code   RO         5042    i.vTaskInternalSetTimeOutState  tasks.o
    0x08005520   0x08005520   0x0000000c   Code   RO         5043    i.vTaskMissedYield  tasks.o
    0x0800552c   0x0800552c   0x00000034   Code   RO         5045    i.vTaskPlaceOnEventList  tasks.o
    0x08005560   0x08005560   0x00000088   Code   RO         5052    i.vTaskStartScheduler  tasks.o
    0x080055e8   0x080055e8   0x00000010   Code   RO         5054    i.vTaskSuspendAll   tasks.o
    0x080055f8   0x080055f8   0x00000060   Code   RO         5055    i.vTaskSwitchContext  tasks.o
    0x08005658   0x08005658   0x000003c0   Code   RO         1271    i.verify_password   password.o
    0x08005a18   0x08005a18   0x00000104   Code   RO         5775    i.xPortStartScheduler  port.o
    0x08005b1c   0x08005b1c   0x0000004a   Code   RO         4715    i.xQueueGenericCreate  queue.o
    0x08005b66   0x08005b66   0x00000070   Code   RO         4716    i.xQueueGenericCreateStatic  queue.o
    0x08005bd6   0x08005bd6   0x00000002   PAD
    0x08005bd8   0x08005bd8   0x00000090   Code   RO         4717    i.xQueueGenericReset  queue.o
    0x08005c68   0x08005c68   0x00000170   Code   RO         4718    i.xQueueGenericSend  queue.o
    0x08005dd8   0x08005dd8   0x00000080   Code   RO         5056    i.xTaskCheckForTimeOut  tasks.o
    0x08005e58   0x08005e58   0x0000006c   Code   RO         5057    i.xTaskCreate       tasks.o
    0x08005ec4   0x08005ec4   0x00000060   Code   RO         5058    i.xTaskCreateStatic  tasks.o
    0x08005f24   0x08005f24   0x0000001c   Code   RO         5062    i.xTaskGetSchedulerState  tasks.o
    0x08005f40   0x08005f40   0x000000d0   Code   RO         5065    i.xTaskIncrementTick  tasks.o
    0x08006010   0x08006010   0x0000009c   Code   RO         5068    i.xTaskPriorityDisinherit  tasks.o
    0x080060ac   0x080060ac   0x00000078   Code   RO         5070    i.xTaskRemoveFromEventList  tasks.o
    0x08006124   0x08006124   0x000000cc   Code   RO         5071    i.xTaskResumeAll    tasks.o
    0x080061f0   0x080061f0   0x00000020   Data   RO          366    .constdata          lcd_16x2.o
    0x08006210   0x08006210   0x00000050   Data   RO          462    .constdata          lcd_20x4.o
    0x08006260   0x08006260   0x00000070   Data   RO          825    .constdata          main.o
    0x080062d0   0x080062d0   0x00000010   Data   RO         1320    .constdata          system_stm32f4xx.o
    0x080062e0   0x080062e0   0x00000008   Data   RO         1321    .constdata          system_stm32f4xx.o
    0x080062e8   0x080062e8   0x0000001f   Data   RO          826    .conststring        main.o
    0x08006307   0x08006307   0x00000001   PAD
    0x08006308   0x08006308   0x00000020   Data   RO         6307    Region$$Table       anon$$obj.o


    Execution Region RW_IRAM1 (Exec base: 0x20000000, Load base: 0x08006328, Size: 0x00004ce0, Max: 0x00020000, ABSOLUTE)

    Exec Addr    Load Addr    Size         Type   Attr      Idx    E Section Name        Object

    0x20000000   0x08006328   0x00000004   Data   RW          193    .data               finger.o
    0x20000004   0x0800632c   0x00000014   Data   RW          367    .data               lcd_16x2.o
    0x20000018   0x08006340   0x00000014   Data   RW          463    .data               lcd_20x4.o
    0x2000002c   0x08006354   0x00000028   Data   RW          827    .data               main.o
    0x20000054   0x0800637c   0x0000001c   Data   RW         1272    .data               password.o
    0x20000070   0x08006398   0x00000004   Data   RW         1322    .data               system_stm32f4xx.o
    0x20000074   0x0800639c   0x0000000c   Data   RW         2572    .data               stm32f4xx_hal.o
    0x20000080   0x080063a8   0x0000003c   Data   RW         5074    .data               tasks.o
    0x200000bc   0x080063e4   0x00000018   Data   RW         5713    .data               heap_4.o
    0x200000d4   0x080063fc   0x0000000c   Data   RW         5776    .data               port.o
    0x200000e0        -       0x00000040   Zero   RW          192    .bss                finger.o
    0x20000120        -       0x000001e4   Zero   RW          365    .bss                lcd_16x2.o
    0x20000304        -       0x000001e4   Zero   RW          461    .bss                lcd_20x4.o
    0x200004e8        -       0x00000474   Zero   RW          822    .bss                main.o
    0x2000095c        -       0x00000254   Zero   RW         1023    .bss                freertos.o
    0x20000bb0        -       0x00000040   Zero   RW         1231    .bss                stm32f4xx_hal_timebase_tim.o
    0x20000bf0        -       0x000000f0   Zero   RW         5073    .bss                tasks.o
    0x20000ce0        -       0x00003c00   Zero   RW         5712    .bss                heap_4.o
    0x200048e0        -       0x00000400   Zero   RW            1    STACK               startup_stm32f407xx.o


==============================================================================

Image component sizes


      Code (inc. data)   RO Data    RW Data    ZI Data      Debug   Object Name

       200          0          0          0          0      22939   cmsis_os.o
        16          6          0          0          0        520   control_device.o
        88         14          0          0          0     709329   dht11.o
         0          0          0          0          0      18092   event_groups.o
       520         70          0          4         64       6505   finger.o
        20          4          0          0        596       1180   freertos.o
       492         32          0         24      15360       7415   heap_4.o
       536         50         32         20        484       4565   lcd_16x2.o
       720         62         80         20        484       6741   lcd_20x4.o
       700         16          0          0          0       1230   lib_keypad.o
       144          0          0          0          0       3530   list.o
      1964        274        143         40       1140      43649   main.o
        12          4          0          0          0        441   music.o
      1488        380          0         28          0       3546   password.o
       730         82          0         12          0      11008   port.o
       966         12          0          0          0       9763   queue.o
        36          6          0          0          0        489   servo.o
        36          8        392          0       1024        828   startup_stm32f407xx.o
       120         20          0         12          0       8642   stm32f4xx_hal.o
       762         22          0          0          0       2807   stm32f4xx_hal_adc.o
       168         12          0          0          0      32806   stm32f4xx_hal_cortex.o
        36          0          0          0          0       1111   stm32f4xx_hal_dma.o
       670         26          0          0          0       4455   stm32f4xx_hal_gpio.o
      1972         42          0          0          0      10053   stm32f4xx_hal_i2c.o
       928        110          0          0          0       4953   stm32f4xx_hal_msp.o
      1766        110          0          0          0       7069   stm32f4xx_hal_rcc.o
      1488         46          0          0          0      12369   stm32f4xx_hal_tim.o
       260          0          0          0          0       3397   stm32f4xx_hal_tim_ex.o
       116         16          0          0         64       1368   stm32f4xx_hal_timebase_tim.o
      1598         18          0          0          0      10383   stm32f4xx_hal_uart.o
        94         30          0          0          0       5459   stm32f4xx_it.o
         0          0          0          0          0        392   stream_buffer.o
        28          6         24          4          0       1103   system_stm32f4xx.o
      2128        184          0         60        240      23144   tasks.o

    ----------------------------------------------------------------------
     20836       1662        704        224      19456     981281   Object Totals
         0          0         32          0          0          0   (incl. Generated)
        34          0          1          0          0          0   (incl. Padding)

    ----------------------------------------------------------------------

      Code (inc. data)   RO Data    RW Data    ZI Data      Debug   Library Member Name

         0          0          0          0          0          0   entry.o
         0          0          0          0          0          0   entry10a.o
         0          0          0          0          0          0   entry11a.o
         8          4          0          0          0          0   entry2.o
         4          0          0          0          0          0   entry5.o
         0          0          0          0          0          0   entry7b.o
         0          0          0          0          0          0   entry8b.o
         8          4          0          0          0          0   entry9a.o
        30          0          0          0          0          0   handlers.o
        36          8          0          0          0         68   init.o
         0          0          0          0          0          0   iusefp.o
        30          0          0          0          0         68   llshl.o
        36          0          0          0          0         68   llsshr.o
        32          0          0          0          0         68   llushr.o
        36          0          0          0          0         68   memcpya.o
        36          0          0          0          0        108   memseta.o
      2276         86          0          0          0        520   printfa.o
        18          0          0          0          0         68   strcpy.o
        14          0          0          0          0         68   strlen.o
        30          0          0          0          0         80   strncmp.o
        44          0          0          0          0         80   uidiv.o
        98          0          0          0          0         92   uldiv.o
        48          0          0          0          0         68   cdrcmple.o
       334          0          0          0          0        148   dadd.o
       222          0          0          0          0        100   ddiv.o
       186          0          0          0          0        176   depilogue.o
        48          0          0          0          0         68   dfixul.o
       228          0          0          0          0         96   dmul.o
        38          0          0          0          0         68   f2d.o

    ----------------------------------------------------------------------
      3844        102          0          0          0       2080   Library Totals
         4          0          0          0          0          0   (incl. Padding)

    ----------------------------------------------------------------------

      Code (inc. data)   RO Data    RW Data    ZI Data      Debug   Library Name

      2736        102          0          0          0       1356   mc_w.l
      1104          0          0          0          0        724   mf_w.l

    ----------------------------------------------------------------------
      3844        102          0          0          0       2080   Library Totals

    ----------------------------------------------------------------------

==============================================================================


      Code (inc. data)   RO Data    RW Data    ZI Data      Debug   

     24680       1764        704        224      19456     964673   Grand Totals
     24680       1764        704        224      19456     964673   ELF Image Totals
     24680       1764        704        224          0          0   ROM Totals

==============================================================================

    Total RO  Size (Code + RO Data)                25384 (  24.79kB)
    Total RW  Size (RW Data + ZI Data)             19680 (  19.22kB)
    Total ROM Size (Code + RO Data + RW Data)      25608 (  25.01kB)

==============================================================================

